Checking 163 companies (concurrency 8)

[  1/163] Aavas Financiers               3 jobs  via headings:https://www.aavas.in/join-our-team
[  2/163] Adfolks                       10 jobs  via html:https://careers.adfolks.com/
[  3/163] Adani Group                  !! careers-page-read-but-lists-no-openings
[  4/163] Acko                         !! careers-page-read-but-lists-no-openings
[  5/163] Aditya Birla Capital           6 jobs  via headings:https://www.adityabirlacapital.com/careers
[  6/163] Aakash Educational Services    8 jobs  via headings:https://www.aakash.ac.in/careers
[  7/163] Acuity Knowledge Partners      9 jobs  via headings:https://www.acuitykp.com/careers/
[  8/163] AdPushup                       2 jobs  via feed:https://www.adpushup.com
[  9/163] Affinsys                       5 jobs  via headings:https://affinsys.com/careers
[ 10/163] Affle                          1 jobs  via greenhouse:affle
[ 11/163] Airmeet                       20 jobs  via feed:https://www.airmeet.com
[ 12/163] Aditya Birla Fashion and Ret !! careers-page-read-but-lists-no-openings
[ 13/163] AiSensy                        4 jobs  via headings:https://aisensy.com/careers
[ 14/163] Airtel                       !! careers-page-read-but-lists-no-openings
[ 15/163] Aequs                          1 jobs  via feed:https://www.aequs.com
[ 16/163] Almabase                       5 jobs  via ashby:Almabase
[ 17/163] Allcargo Logistics           !! careers-page-read-but-lists-no-openings
[ 18/163] Ambee                          2 jobs  via keka:getambee
[ 19/163] Amber                         22 jobs  via ashby:amber
[ 20/163] Amantya Technologies          10 jobs  via headings:https://www.amantyatech.com/careers
[ 21/163] Amagi                        !! careers-page-read-but-lists-no-openings
[ 22/163] Ambit                          2 jobs  via wordpress:https://www.ambit.co
[ 23/163] Anarock                        5 jobs  via headings:https://www.anarock.com/company/careers
[ 24/163] ACT Fibernet                   3 jobs  via sitemap:https://www.actcorp.in
[ 25/163] Aeries Technology              3 jobs  via headings:https://aeriestechnology.com/careers/
[ 26/163] Angel One                      2 jobs  via headings:https://www.angelone.in/careers
[ 27/163] Acuvate                      !! timed-out
[ 28/163] Amnex Infotechnologies         8 jobs  via wordpress:https://amnex.com
[ 29/163] ANSR                          10 jobs  via feed:https://ansr.com
[ 30/163] Ankercloud                     2 jobs  via headings:https://www.ankercloud.com/careers
[ 31/163] Apna                          16 jobs  via next-data:https://apna.co/jobs
[ 32/163] Algonomy                     !! careers-page-read-but-lists-no-openings
[ 33/163] Appinventiv                   10 jobs  via feed:https://appinventiv.com
[ 34/163] Antier Solutions              28 jobs  via keka:antiersolutions
[ 35/163] Amber Enterprises            !! careers-page-read-but-lists-no-openings
[ 36/163] Apptunix                       9 jobs  via feed:https://www.apptunix.com   ** 1 MATCH **
[ 37/163] Arcolab                        3 jobs  via headings:https://www.arcolab.com/careers
[ 38/163] Arvind Limited                 8 jobs  via headings:https://careers.arvind.com/
[ 39/163] AppScrip                       2 jobs  via wordpress:https://appscrip.com
[ 40/163] Apollo Hospitals               4 jobs  via headings:https://www.apollohospitals.com/career
[ 41/163] Astrotalk                    !! careers-page-read-but-lists-no-openings
[ 42/163] Aspire Systems               !! careers-page-read-but-lists-no-openings
[ 43/163] Atgeir Solutions               2 jobs  via keka:atgeir
[ 44/163] Akasa Air                    !! timed-out
[ 45/163] Aster DM Healthcare          !! careers-page-read-but-lists-no-openings
[ 46/163] Asian Paints                  46 jobs  via successfactors:careers.asianpaints.com
[ 47/163] Atlan                          5 jobs  via ashby:atlan
[ 48/163] Ather Energy                 !! blocked-or-error-response
[ 49/163] Appknox                        7 jobs  via headings:https://www.appknox.com/careers
[ 50/163] Augnito                      !! careers-page-read-but-lists-no-openings
[ 51/163] Attentive.ai                  19 jobs  via keka:attentiveos
[ 52/163] AU Small Finance Bank        !! blocked-or-error-response
[ 53/163] Auriga IT                     13 jobs  via keka:aurigait
[ 54/163] Atomberg                     !! careers-page-read-but-lists-no-openings
[ 55/163] Aptara                        11 jobs  via headings:https://www.aptaracorp.com/careers/
[ 56/163] Aurionpro Solutions           10 jobs  via feed:https://www.aurionpro.com
[ 57/163] Avanse Financial Services      2 jobs  via headings:https://www.avanse.com/career
[ 58/163] Avenue Supermarts            !! careers-page-read-but-lists-no-openings
[ 59/163] Aujas Cybersecurity           13 jobs  via headings:https://www.aujas.com/join-us
[ 60/163] AutomationEdge                 4 jobs  via headings:https://www.automationedge.com/careers/   ** 1 MATCH **
[ 61/163] Avizva                         5 jobs  via keka:avizva
[ 62/163] Awign                          5 jobs  via next-data:https://www.awign.com/careers
[ 63/163] Avekshaa Technologies        !! careers-page-read-but-lists-no-openings
[ 64/163] Axelerant                    !! careers-page-read-but-lists-no-openings
[ 65/163] Aye Finance                  !! careers-page-read-but-lists-no-openings
[ 66/163] Azilen Technologies            0 jobs  via zohorecruit:azilen (0 open)
[ 67/163] Acquia                        14 jobs  via greenhouse:acquia
[ 68/163] Accenture                     40 jobs  via workday:accenture   ** 1 MATCH **
[ 69/163] Axis Bank                      3 jobs  via headings:https://www.axis.bank.in/careers
[ 70/163] ABB                          187 jobs  via phenom:_self
[ 71/163] Accurate Background           16 jobs  via workday:accurateb
[ 72/163] Adobe                        170 jobs  via phenom:_self
[ 73/163] Ashok Leyland                !! timed-out
[ 74/163] Aeris Communications          18 jobs  via rippling:aeris-communications-inc
[ 75/163] Aerospike                     13 jobs  via rippling:aerospike-inc
[ 76/163] ACI Worldwide                  5 jobs  via headings:https://www.aciworldwide.com/about-aci/careers
[ 77/163] Agilysys                      11 jobs  via greenhouse:agilysys
[ 78/163] AECOM                        !! careers-page-read-but-lists-no-openings
[ 79/163] Aera Technology               11 jobs  via lever:aeratechnology
[ 80/163] ADP                          !! blocked-or-error-response
[ 81/163] AiDash                         8 jobs  via greenhouse:aidashinc
[ 82/163] Alation                        3 jobs  via next-data:https://www.alation.com/careers/
[ 83/163] Agilent Technologies          39 jobs  via workday:agilent
[ 84/163] AGCO                         !! careers-page-read-but-lists-no-openings
[ 85/163] Alfa Laval                    40 jobs  via workday:alfalaval
[ 86/163] AgreeYa Solutions             10 jobs  via feed:https://agreeya.com
[ 87/163] Airbus                       !! careers-page-read-but-lists-no-openings
[ 88/163] Akamai                         5 jobs  via headings:https://www.akamai.com/careers
[ 89/163] Accion Labs                  !! careers-page-read-but-lists-no-openings
[ 90/163] AlphaSense                   222 jobs  via greenhouse:alphasense   ** 5 MATCH **
[ 91/163] Allianz Technology            84 jobs  via phenom:_self
[ 92/163] Alstom                         4 jobs  via headings:https://www.alstom.com/careers
[ 93/163] Amadeus                       40 jobs  via workday:amadeus
[ 94/163] Allegion                      40 jobs  via workday:allegion
[ 95/163] Alcon                         40 jobs  via workday:alcon
[ 96/163] Allstate India               !! careers-page-read-but-lists-no-openings
[ 97/163] Altimetrik                    10 jobs  via feed:https://www.altimetrik.com
[ 98/163] American Airlines             37 jobs  via successfactors:jobs.aa.com
[ 99/163] Altisource                    86 jobs  via smartrecruiters:Altisource
[100/163] Alight Solutions             112 jobs  via phenom:_self
[101/163] Amdocs                       !! careers-page-read-but-lists-no-openings
[102/163] Amazon                       !! careers-page-read-but-lists-no-openings
[103/163] American Express               5 jobs  via headings:https://www.americanexpress.com/en-us/careers/
[104/163] Anaplan                      159 jobs  via greenhouse:anaplan   ** 1 MATCH **
[105/163] Analog Devices                40 jobs  via workday:analogdevices
[106/163] ANZ                           42 jobs  via successfactors:careers.anz.com
[107/163] AMD                            3 jobs  via headings:https://www.amd.com/en/corporate/careers.html?utm_campaign=careers&utm_medium=redirect&utm_source=301
[108/163] Anchanto                      42 jobs  via greenhouse:anchanto
[109/163] Amgen                         40 jobs  via workday:amgen
[110/163] Anblicks                     108 jobs  via keka:anblicks
[111/163] Apexon                       !! no-job-data-found
[112/163] Apple                          3 jobs  via headings:https://www.apple.com/careers/in/
[113/163] Apps Associates               10 jobs  via feed:https://appsassociates.com
[114/163] Aon                            1 jobs  via icims:aon
[115/163] ArcelorMittal                !! blocked-or-error-response
[116/163] Applied Materials              5 jobs  via headings:https://www.appliedmaterials.com/in/en/careers.html
[117/163] Anheuser-Busch InBev         !! no-job-data-found
[118/163] Aptean                        17 jobs  via icims:aptean
[119/163] AppZen                        19 jobs  via lever:appzen
[120/163] Arcesium                      32 jobs  via greenhouse:arcesiumllc
[121/163] Arista Networks              !! careers-page-unreachable
[122/163] ArisGlobal                     5 jobs  via successfactors:careers.arisglobal.com
[123/163] Arkose Labs                    2 jobs  via greenhouse:arkoselabs
[124/163] Ameriprise Financial           3 jobs  via headings:https://www.ameriprise.com/careers
[125/163] ArmorCode                      3 jobs  via greenhouse:armorcode
[126/163] Arrow Electronics             40 jobs  via workday:arrow
[127/163] Arcadis                      !! careers-page-read-but-lists-no-openings
[128/163] Aspen Technology              40 jobs  via workday:aspentech
[129/163] Assa Abloy                   !! careers-page-read-but-lists-no-openings
[130/163] Atlas Copco                    3 jobs  via headings:https://www.atlascopcogroup.com/en/careers
[131/163] athenahealth                  38 jobs  via phenom:_self
[132/163] Asite                        !! careers-page-read-but-lists-no-openings
[133/163] Aurigo Software               20 jobs  via successfactors:careers.aurigo.com
[134/163] AT&T                         !! no-job-data-found
[135/163] Atos                          10 jobs  via feed:https://atos.net
[136/163] Aptiv                        !! careers-page-read-but-lists-no-openings
[137/163] Atlassian                     17 jobs  via headings:https://www.atlassian.com/company/careers
[138/163] Atlas Systems                 25 jobs  via bamboohr:atlas
[139/163] AstraZeneca                  !! careers-page-read-but-lists-no-openings
[140/163] Automation Anywhere            3 jobs  via headings:https://www.automationanywhere.com/company/careers
[141/163] Avaya                          6 jobs  via successfactors:careers.avaya.com   ** 1 MATCH **
[142/163] Autodesk                      40 jobs  via workday:autodesk
[143/163] Aveva                         40 jobs  via workday:aveva
[144/163] Axway                         49 jobs  via icims:axway   ** 2 MATCH **
[145/163] Avaamo                        12 jobs  via headings:https://avaamo.ai/careers/
[146/163] Azentio Software               2 jobs  via headings:https://www.azentio.com/careers
[147/163] Arm                          !! timed-out
[148/163] Amazon India                 !! careers-page-read-but-lists-no-openings
[149/163] Ameyo                        !! careers-page-read-but-lists-no-openings
[150/163] Allstate India                40 jobs  via workday:allstate
[151/163] Affine Analytics             !! careers-page-read-but-lists-no-openings
[152/163] Apisero                      !! careers-page-read-but-lists-no-openings
[153/163] Aricent                      !! careers-page-unreachable
[154/163] Agilisium                      0 jobs  via zohorecruit:agilisium (0 open)
[155/163] Augmont                      !! careers-page-read-but-lists-no-openings
[156/163] Antino Labs                  !! careers-page-read-but-lists-no-openings
[157/163] Avalara                        3 jobs  via headings:https://careers.avalara.com/careers-home/
[158/163] Ascendion                    !! blocked-or-error-response
[159/163] Astra Security               !! no-job-data-found
[160/163] Ajmera Infotech                0 jobs  via zohorecruit:ajmerainfotech (0 open)
[161/163] Ambit Software                 8 jobs  via wordpress:https://www.ambitsoftware.com
[162/163] Axtria                        27 jobs  via headings:https://www.axtria.com/axtria-careers/
[163/163] Ansys India                  !! timed-out

  boards read with jobs : 109
  boards read, 0 open   : 3
  could not read        : 51
  companies w/ matches  : 7

Wrote careers.txt + results.json
