Checking 254 companies (concurrency 8)

[  1/254] Baazi Games                  !! no-job-data-found
[  2/254] Balancehero India            !! careers-page-read-but-lists-no-openings
[  3/254] Bajaj Auto                    57 jobs  via successfactors:careers.bajajauto.com
[  4/254] Bajaj Finance                  2 jobs  via headings:https://www.bajajfinserv.in/careers-finance
[  5/254] Bacancy Technology           !! blocked-or-error-response
[  6/254] Bajaj Allianz General Insura !! careers-page-read-but-lists-no-openings
[  7/254] Bank of India                !! blocked-or-error-response
[  8/254] Basic Home Loan                5 jobs  via headings:https://www.basichomeloan.com/careers
[  9/254] Berger Paints                 21 jobs  via next-data:https://www.bergerpaints.com/career
[ 10/254] BankSathi                    !! careers-page-read-but-lists-no-openings
[ 11/254] Bandhan Bank                 !! careers-page-read-but-lists-no-openings
[ 12/254] BankBazaar                   !! careers-page-read-but-lists-no-openings
[ 13/254] BetterPlace                  !! careers-page-read-but-lists-no-openings
[ 14/254] BETSOL                       !! blocked-or-error-response
[ 15/254] Bahwan CyberTek              !! careers-page-read-but-lists-no-openings
[ 16/254] BeeHyv Software                5 jobs  via headings:https://www.beehyv.com/about/careers/index.html
[ 17/254] Bhanzu                        15 jobs  via keka:exploringinfinities
[ 18/254] Bharat Electronics           !! careers-page-unreachable
[ 19/254] Bharat Forge                   3 jobs  via headings:https://www.bharatforge.com/careers/careers
[ 20/254] Bank of Baroda                 3 jobs  via headings:https://bankofbaroda.bank.in/career
[ 21/254] Bharat Financial Inclusion    20 jobs  via headings:https://www.bfil.co.in/apply-for-job.php
[ 22/254] BharatAgri                     7 jobs  via headings:https://bharatagri.com/career
[ 23/254] BharatPe                       2 jobs  via headings:https://bharatpe.com/career
[ 24/254] Beyond Key                    17 jobs  via keka:beyondkey
[ 25/254] Bijnis                         3 jobs  via headings:https://www.bijnis.com/jobs
[ 26/254] BillDesk                     !! careers-page-read-but-lists-no-openings
[ 27/254] Beroe                         16 jobs  via wordpress:https://www.beroeinc.com
[ 28/254] BigBasket                    !! careers-page-read-but-lists-no-openings
[ 29/254] Bharti Airtel                !! careers-page-read-but-lists-no-openings
[ 30/254] BigBinary                      7 jobs  via headings:https://www.bigbinary.com/careers
[ 31/254] Binary Semantics             !! careers-page-unreachable
[ 32/254] BharatX                      !! careers-page-read-but-lists-no-openings
[ 33/254] BinaryFolks                    9 jobs  via feed:https://binaryfolks.com   ** 1 MATCH **
[ 34/254] Bijak                        !! careers-page-read-but-lists-no-openings
[ 35/254] Biocon                        46 jobs  via successfactors:careers.biocon.com
[ 36/254] BHIVE Workspace               16 jobs  via wordpress:https://bhive.careers
[ 37/254] Bizongo                       11 jobs  via headings:https://www.bizongo.com/careers
[ 38/254] Biztech Consultancy            2 jobs  via headings:https://www.biztechcs.com/careers
[ 39/254] Bitwise                        3 jobs  via headings:https://www.bitwiseglobal.com/company/careers
[ 40/254] Blinkit                      !! blocked-or-error-response
[ 41/254] Binmile Technologies           7 jobs  via wordpress:https://binmile.com
[ 42/254] BlissClub                      2 jobs  via headings:https://blissclub.com/pages/careers
[ 43/254] Blubirch                     !! careers-page-unreachable
[ 44/254] BLS International              2 jobs  via headings:https://www.blsinternational.com/job-view
[ 45/254] Bluebash                      12 jobs  via headings:https://www.bluebash.co/company/career
[ 46/254] Blue Star                    !! careers-page-read-but-lists-no-openings
[ 47/254] Blazeclan Technologies         0 jobs  via zohorecruit:blazeclan (0 open)
[ 48/254] BlueStone                     23 jobs  via greenhouse:bluestone
[ 49/254] Blowhorn                     !! careers-page-read-but-lists-no-openings
[ 50/254] BMW TechWorks India            2 jobs  via headings:https://www.bmwtechworks.in/careers/
[ 51/254] BluEnt                         0 jobs  via zohorecruit:careers.bluent.com (0 open)
[ 52/254] BluePi Consulting              0 jobs  via zohorecruit:bluepiit (0 open)
[ 53/254] Bombay Play                    3 jobs  via headings:https://www.bombayplay.com/current-opening.html
[ 54/254] BizAcuity                     11 jobs  via headings:https://bizacuity.com/careers/
[ 55/254] Bolt.Earth                   !! careers-page-read-but-lists-no-openings
[ 56/254] Bobble AI                    !! careers-page-read-but-lists-no-openings
[ 57/254] Birlasoft                    !! careers-page-read-but-lists-no-openings
[ 58/254] boAt                         !! careers-page-read-but-lists-no-openings
[ 59/254] Blenheim Chalcot India       !! careers-page-read-but-lists-no-openings
[ 60/254] BookMyForex                    3 jobs  via headings:https://www.bookmyforex.com/careers/
[ 61/254] BookMyShow                    20 jobs  via recruiterbox:bookmyshow
[ 62/254] BNP Paribas India Solutions  100 jobs  via wordpress:https://www.bnpparibas.bank.in
[ 63/254] Brainvire Infotech             6 jobs  via next-data:https://www.brainvire.com/careers/
[ 64/254] Brainium Information Technol !! blocked-or-error-response
[ 65/254] Bombay Shaving Company       !! careers-page-read-but-lists-no-openings
[ 66/254] Bombay Softwares               5 jobs  via next-data:https://www.bombaysoftwares.com/careers
[ 67/254] BrightCHAMPS                   0 jobs  via zohorecruit:careers.brightchamps.com (0 open)
[ 68/254] Bosch Global Software Techno 500 jobs  via smartrecruiters:BoschGroup
[ 69/254] BrowserStack                  35 jobs  via workday:browserstack
[ 70/254] BSE                          !! careers-page-read-but-lists-no-openings
[ 71/254] Bright Money                 !! careers-page-read-but-lists-no-openings
[ 72/254] Botminds AI                   35 jobs  via feed:https://www.botminds.ai
[ 73/254] Britannia Industries         !! careers-page-read-but-lists-no-openings
[ 74/254] Brillio                        3 jobs  via headings:https://careers.brillio.com/
[ 75/254] Byteridge                      3 jobs  via headings:https://byteridge.com/careers/
[ 76/254] BUSINESSNEXT                 !! careers-page-read-but-lists-no-openings
[ 77/254] Bynry                        !! careers-page-read-but-lists-no-openings
[ 78/254] Barco                        !! blocked-or-error-response
[ 79/254] Baker Hughes                 !! careers-page-read-but-lists-no-openings
[ 80/254] BYJU'S                       !! careers-page-read-but-lists-no-openings
[ 81/254] Bain & Company               !! careers-page-read-but-lists-no-openings
[ 82/254] Bristlecone                  !! careers-page-read-but-lists-no-openings
[ 83/254] Barclays                     !! careers-page-read-but-lists-no-openings
[ 84/254] Barracuda Networks           !! careers-page-read-but-lists-no-openings
[ 85/254] Bayer                          2 jobs  via teamtailor:bayernordic
[ 86/254] Bazaarvoice                   31 jobs  via lever:bazaarvoice
[ 87/254] BASF                          52 jobs  via successfactors:basf.jobs
[ 88/254] Bank of America              400 jobs  via workday:ghr
[ 89/254] Becton Dickinson              40 jobs  via workday:bdx
[ 90/254] Bentley Systems              !! blocked-or-error-response
[ 91/254] Birdeye                        3 jobs  via headings:https://birdeye.com/careers/
[ 92/254] Bidgely                        8 jobs  via ashby:bidgely-inc
[ 93/254] Blend360                       0 jobs  via zohorecruit:blend360 (0 open)
[ 94/254] Bytes Technolab              !! careers-page-read-but-lists-no-openings
[ 95/254] Bitcot                         2 jobs  via feed:https://www.bitcot.com
[ 96/254] BlueOptima                     2 jobs  via headings:https://www.blueoptima.com/company/careers
[ 97/254] BMC Software                   4 jobs  via headings:https://www.bmc.com/careers/careers.html?301=careers
[ 98/254] Bloomreach                    70 jobs  via greenhouse:bloomreach
[ 99/254] Blue Yonder                   52 jobs  via phenom:_self
[100/254] BlackRock                    !! careers-page-read-but-lists-no-openings
[101/254] Baxter                       !! timed-out
[102/254] Best Buy                     !! timed-out
[103/254] BNY                          !! timed-out
[104/254] Boeing                       !! timed-out
[105/254] BOLD                         !! timed-out
[106/254] Bombardier                   !! timed-out
[107/254] Booking.com                  !! timed-out
[108/254] Boomi                        !! timed-out
[109/254] BP                            40 jobs  via workday:bpinternational
[110/254] Bounteous                     24 jobs  via lever:bounteous   ** 1 MATCH **
[111/254] Boston Scientific             44 jobs  via successfactors:jobs.bostonscientific.com
[112/254] Bosch                        !! careers-page-read-but-lists-no-openings
[113/254] BORN Group                   !! blocked-or-error-response
[114/254] BorgWarner                    11 jobs  via html:https://www.borgwarner.com/careers/job-search
[115/254] Branch                        17 jobs  via greenhouse:branchmetrics
[116/254] Bourntec Solutions           !! careers-page-read-but-lists-no-openings
[117/254] Bunge                        !! blocked-or-error-response
[118/254] Buckman                       29 jobs  via jobvite:buckman-fr
[119/254] Boston Consulting Group      188 jobs  via phenom:_self
[120/254] Bristol Myers Squibb          40 jobs  via workday:bristolmyerssquibb
[121/254] Broadcom                     !! careers-page-read-but-lists-no-openings
[122/254] Brightcove                     2 jobs  via next-data:https://www.brightcove.com/company/careers
[123/254] BT Group                      41 jobs  via successfactors:jobs.bt.com   ** 1 MATCH **
[124/254] Bounce                        16 jobs  via ashby:bounce
[125/254] Brane Enterprises            !! careers-page-read-but-lists-no-openings
[126/254] Broadridge Financial Solutio  40 jobs  via workday:broadridge   ** 1 MATCH **
[127/254] Bewakoof                     !! no-job-data-found
[128/254] Biofourmis                   !! no-job-data-found
[129/254] BlackBuck                    !! no-job-data-found
[130/254] Boldare                       10 jobs  via breezy:boldare
[131/254] BiofuelCircle                 20 jobs  via wordpress:https://www.biofuelcircle.com
[132/254] BSNL                           2 jobs  via headings:https://bsnl.co.in/career
[133/254] Bluecopa                     !! no-job-data-found
[134/254] Bugworks                     !! blocked-or-error-response
[135/254] Bajaj Electricals              3 jobs  via headings:https://www.bajajelectricals.com/pages/careers
[136/254] BEML                           2 jobs  via headings:https://www.bemlindia.in/careers/
[137/254] Bajaj Housing Finance        !! blocked-or-error-response
[138/254] Borderless Access              6 jobs  via feed:https://borderlessaccess.com
[139/254] BHEL                         !! no-job-data-found
[140/254] BDO India                    !! careers-page-read-but-lists-no-openings
[141/254] Bajaj Finserv Health         !! careers-page-read-but-lists-no-openings
[142/254] BeatO                        !! no-job-data-found
[143/254] Beetel Teletech              !! careers-page-read-but-lists-no-openings
[144/254] Bharat Biotech               !! careers-page-read-but-lists-no-openings
[145/254] Belong                       !! blocked-or-error-response
[146/254] Bharat Dynamics                3 jobs  via headings:https://bdl-india.in/careers
[147/254] BimaKavach                     9 jobs  via keka:bimakavach
[148/254] BigHaat                      !! blocked-or-error-response
[149/254] Bechtel                        3 jobs  via headings:https://jobs.bechtel.com/us/en
[150/254] Bigscal Technologies           3 jobs  via headings:https://www.bigscal.com/careers/
[151/254] Biological E                 !! careers-page-read-but-lists-no-openings
[152/254] Biz4Group                     13 jobs  via keka:biz4group
[153/254] Betterworks                  !! careers-page-read-but-lists-no-openings
[154/254] BlackSoil                    !! careers-page-read-but-lists-no-openings
[155/254] Black Box                      2 jobs  via headings:https://www.blackbox.com/global-careers/overview
[156/254] Bizom                          5 jobs  via headings:https://bizom.com/career/
[157/254] Blackhawk Network             24 jobs  via icims:blackhawknetwork
[158/254] Balmer Lawrie                !! careers-page-read-but-lists-no-openings
[159/254] Board Infinity               !! careers-page-read-but-lists-no-openings
[160/254] Blue Dart                    !! careers-page-read-but-lists-no-openings
[161/254] BoTree Technologies          !! careers-page-read-but-lists-no-openings
[162/254] BSEtec                       !! timed-out
[163/254] Bosch Rexroth                  7 jobs  via headings:https://www.boschrexroth.com/en/dc/jobs-and-career/
[164/254] Brainguru Technologies         9 jobs  via headings:https://www.brainguru.in/careers/
[165/254] BrainyBeam Technologies      !! no-job-data-found
[166/254] Brilworks Software             7 jobs  via keka:brilworks
[167/254] BugBase                      !! careers-page-read-but-lists-no-openings
[168/254] Blue Prism                     3 jobs  via headings:https://www.blueprism.com/career/
[169/254] BrainerHub Solutions         !! careers-page-read-but-lists-no-openings
[170/254] Biz4Solutions                !! careers-page-read-but-lists-no-openings
[171/254] Bureau                         9 jobs  via ashby:bureau   ** 1 MATCH **
[172/254] Bytebeam                     !! no-job-data-found
[173/254] ByteCipher                    23 jobs  via headings:https://www.bytecipher.net/careers
[174/254] Bottomline Technologies      !! careers-page-read-but-lists-no-openings
[175/254] BOBCARD                      !! careers-page-unreachable
[176/254] Bandhan Mutual Fund          !! careers-page-read-but-lists-no-openings
[177/254] Buhler                       !! careers-page-read-but-lists-no-openings
[178/254] Bharat Petroleum             !! timed-out
[179/254] BeepKart                     !! no-job-data-found
[180/254] BuyerForesight               !! blocked-or-error-response
[181/254] Bookingjini                  !! careers-page-read-but-lists-no-openings
[182/254] Baroda BNP Paribas Mutual Fu !! careers-page-read-but-lists-no-openings
[183/254] BeautifulCode                !! no-job-data-found
[184/254] Bharatsure                   !! blocked-or-error-response
[185/254] Bellatrix Aerospace          !! no-job-data-found
[186/254] BharatRohan                  !! careers-page-read-but-lists-no-openings
[187/254] Bimaplan                     !! no-job-data-found
[188/254] BotLab Dynamics                2 jobs  via headings:https://botlabdynamics.com/careers
[189/254] Bilvantis Technologies       !! careers-page-read-but-lists-no-openings
[190/254] Boltic                       !! no-job-data-found
[191/254] Burns & McDonnell            !! careers-page-read-but-lists-no-openings
[192/254] Binary Republik              !! careers-page-read-but-lists-no-openings
[193/254] BR Softech                   !! no-job-data-found
[194/254] Belrise Industries           !! careers-page-read-but-lists-no-openings
[195/254] Better                        10 jobs  via ashby:better-mortgage
[196/254] BrainMobi                    !! careers-page-read-but-lists-no-openings
[197/254] Bluetick Consultants         !! no-job-data-found
[198/254] BUSY Infotech                !! no-job-data-found
[199/254] Backbase                       5 jobs  via headings:https://www.backbase.com/careers
[200/254] Beyond Root Technical Servic !! no-job-data-found
[201/254] ByteAlly                     !! no-job-data-found
[202/254] Bijlipay                     !! no-job-data-found
[203/254] Bitbns                       !! careers-page-read-but-lists-no-openings
[204/254] Bert Labs                    !! careers-page-read-but-lists-no-openings
[205/254] Bluekode Solutions           !! careers-page-read-but-lists-no-openings
[206/254] Bhash SMS                    !! blocked-or-error-response
[207/254] Bajaj Capital                !! careers-page-read-but-lists-no-openings
[208/254] Blue Cloud Softech Solutions !! no-job-data-found
[209/254] Biz2X                          3 jobs  via feed:https://www.biz2x.com
[210/254] Bito                           2 jobs  via headings:https://bito.ai/careers/
[211/254] BizBrolly Solutions            2 jobs  via headings:https://bizbrolly.com/career
[212/254] BANKIT                       !! careers-page-read-but-lists-no-openings
[213/254] Bosc Tech Labs                 2 jobs  via headings:https://bosctechlabs.com/careers/
[214/254] Bajaj Broking                  2 jobs  via headings:https://www.bajajbroking.in/careers
[215/254] BLS E-Services               !! no-job-data-found
[216/254] Benori Knowledge               2 jobs  via headings:https://benori.com/career
[217/254] BasicFirst                   !! careers-page-unreachable
[218/254] Bharti AXA Life Insurance    !! careers-page-read-but-lists-no-openings
[219/254] Boult                        !! careers-page-read-but-lists-no-openings
[220/254] Bajaj Life Insurance         !! no-job-data-found
[221/254] Bolt IoT                       5 jobs  via headings:https://www.boltiot.com/careers
[222/254] BytesView Analytics          !! careers-page-read-but-lists-no-openings
[223/254] Battery Smart                !! careers-page-read-but-lists-no-openings
[224/254] BrainStream Technolabs         3 jobs  via headings:https://brainstreamtechnolabs.com/careers/
[225/254] Brihaspati Infotech            6 jobs  via headings:https://www.brihaspatitech.com/careers/
[226/254] Brainstorm Force              16 jobs  via headings:https://brainstormforce.com/join/
[227/254] Boltzmann Labs               !! careers-page-read-but-lists-no-openings
[228/254] B2B Software Technologies    !! careers-page-read-but-lists-no-openings
[229/254] Brick & Bolt                  10 jobs  via headings:https://www.bricknbolt.com/careers
[230/254] Bridge Global                  2 jobs  via json-ld:https://www.bridge-global.com/career
[231/254] byteXL                         2 jobs  via headings:https://bytexl.ai/careers
[232/254] BLive                          8 jobs  via headings:https://blive.co.in/careers/
[233/254] Black & Veatch                24 jobs  via successfactors:careers.bv.com
[234/254] BuildNext                      2 jobs  via sitemap:https://careers.buildnext.in
[235/254] Brainbees Solutions          !! careers-page-read-but-lists-no-openings
[236/254] Blockchain Simplified        !! no-job-data-found
[237/254] BaseApp Systems              !! careers-page-read-but-lists-no-openings
[238/254] Blitz                         35 jobs  via keka:blitznow
[239/254] BharatNXT                    !! careers-page-unreachable
[240/254] BuyHatke                     !! careers-page-read-but-lists-no-openings
[241/254] BrainSight AI                  2 jobs  via headings:https://www.brainsightai.com/careers
[242/254] Bajaj Finserv AMC            !! careers-page-read-but-lists-no-openings
[243/254] BorderPlus                   !! careers-page-unreachable
[244/254] BluSapphire                  !! careers-page-read-but-lists-no-openings
[245/254] BOB Capital Markets          !! careers-page-unreachable
[246/254] Blackcoffer                  !! no-job-data-found
[247/254] Bluestock                    !! careers-page-read-but-lists-no-openings
[248/254] Brightcom Group              !! no-job-data-found
[249/254] Binary Informatics           !! careers-page-read-but-lists-no-openings
[250/254] Bandhan Life                 !! careers-page-read-but-lists-no-openings
[251/254] Bytes India                  !! careers-page-read-but-lists-no-openings
[252/254] Bhavya Technologies            2 jobs  via headings:https://bhavyatechnologies.com/careers
[253/254] Bank of Maharashtra            7 jobs  via headings:https://bankofmaharashtra.bank.in/current-openings
[254/254] BGauss                       !! blocked-or-error-response

  boards read with jobs : 106
  boards read, 0 open   : 5
  could not read        : 143
  companies w/ matches  : 5

Wrote careers.txt + results.json
