Checking 269 companies (concurrency 8)

[  1/269] eMudhra                      !! careers-page-read-but-lists-no-openings
[  2/269] ElasticRun                   !! careers-page-read-but-lists-no-openings
[  3/269] Exotel                       !! careers-page-read-but-lists-no-openings
[  4/269] Emeritus                       5 jobs  via headings:https://careers.emeritus.org/
[  5/269] ekincare                     !! careers-page-read-but-lists-no-openings
[  6/269] Eternal                      !! careers-page-read-but-lists-no-openings
[  7/269] EnKash                       !! careers-page-read-but-lists-no-openings
[  8/269] EdgeVerve Systems              2 jobs  via html:https://www.edgeverve.com/careers/
[  9/269] Easebuzz                      34 jobs  via smartapply:easebuzz
[ 10/269] Entropik                       2 jobs  via keka:entropik
[ 11/269] Epifi                         11 jobs  via lever:epifi
[ 12/269] Exponent Energy                3 jobs  via headings:https://www.exponent.energy/careers
[ 13/269] Enterpret                     13 jobs  via greenhouse:enterpret
[ 14/269] Euler Motors                 !! no-job-data-found
[ 15/269] eInfochips                     7 jobs  via headings:https://www.einfochips.com/careers/
[ 16/269] ElectricPe                     3 jobs  via headings:https://www.electricpe.com/careers
[ 17/269] Everstage                    !! careers-page-read-but-lists-no-openings
[ 18/269] Extramarks Education           4 jobs  via headings:https://www.extramarks.com/careers
[ 19/269] eClerx                         3 jobs  via headings:https://eclerx.com/careers/
[ 20/269] Ecozen                        11 jobs  via headings:https://www.ecozensolutions.com/careers
[ 21/269] Embibe                       !! no-job-data-found
[ 22/269] Entri                        !! careers-page-read-but-lists-no-openings
[ 23/269] Espire Infolabs              !! blocked-or-error-response
[ 24/269] Experion Technologies         10 jobs  via feed:https://experionglobal.com
[ 25/269] Excellent Webworld            12 jobs  via feed:https://www.excellentwebworld.com
[ 26/269] ESDS Software Solution         4 jobs  via headings:https://www.esds.co.in/careers/
[ 27/269] Excelsoft Technologies         0 jobs  via zohorecruit:excelsoftcorp (0 open)
[ 28/269] Emorphis Technologies         10 jobs  via headings:https://www.emorphis.com/career/
[ 29/269] Edureka                        9 jobs  via headings:https://www.edureka.co/careers
[ 30/269] eLuminous Technologies         3 jobs  via headings:https://eluminoustechnologies.com/career/
[ 31/269] Emvigo Technologies            2 jobs  via html:https://emvigotech.com/careers/
[ 32/269] ExtraaEdge                   !! careers-page-unreachable
[ 33/269] eNoah iSolution                1 jobs  via feed:https://enoahisolution.com
[ 34/269] Edelweiss Financial Services !! careers-page-read-but-lists-no-openings
[ 35/269] Elsner Technologies          !! careers-page-read-but-lists-no-openings
[ 36/269] Eureka Forbes                !! careers-page-read-but-lists-no-openings
[ 37/269] Expertrons                   !! careers-page-read-but-lists-no-openings
[ 38/269] Endurance Technologies       !! blocked-or-error-response
[ 39/269] Eicher Motors                !! careers-page-read-but-lists-no-openings
[ 40/269] Evalueserve                    2 jobs  via headings:https://www.evalueserve.com/careers/
[ 41/269] Educational Initiatives      !! careers-page-read-but-lists-no-openings
[ 42/269] Exavalu                        0 jobs  via zohorecruit:exavalu (0 open)
[ 43/269] Eastern Software Systems       2 jobs  via headings:https://www.essindia.com/careers
[ 44/269] eGrove Systems                10 jobs  via wordpress:https://www.egrovesys.com
[ 45/269] ESAF Small Finance Bank      !! careers-page-read-but-lists-no-openings
[ 46/269] EnableX                      !! blocked-or-error-response
[ 47/269] Excelra                      !! blocked-or-error-response
[ 48/269] Eupheus Learning             !! careers-page-read-but-lists-no-openings
[ 49/269] Eloelo                       !! careers-page-read-but-lists-no-openings
[ 50/269] Engineers India Limited      !! careers-page-read-but-lists-no-openings
[ 51/269] Enparadigm                     4 jobs  via headings:https://www.enparadigm.com/careers
[ 52/269] eGov Foundation                0 jobs  via zohorecruit:careers.egov.org.in (0 open)
[ 53/269] Emversity                      7 jobs  via headings:https://emversity.com/careers
[ 54/269] Yanolja Cloud Solution (form !! careers-page-read-but-lists-no-openings
[ 55/269] Ecofy                        !! careers-page-read-but-lists-no-openings
[ 56/269] Exicom Tele-Systems          !! careers-page-read-but-lists-no-openings
[ 57/269] Enveu                          7 jobs  via keka:enveu
[ 58/269] Ethos Limited                !! blocked-or-error-response
[ 59/269] eSec Forte Technologies       22 jobs  via sitemap:https://careers.esecforte.com
[ 60/269] Eduvanz                      !! careers-page-read-but-lists-no-openings
[ 61/269] Equirus                        3 jobs  via headings:https://www.equirus.com/career
[ 62/269] Ebizon                        55 jobs  via jazzhr:ebizon
[ 63/269] Eshopbox                       7 jobs  via sitemap:https://www.eshopbox.com   ** 1 MATCH **
[ 64/269] Etelligens Technologies        6 jobs  via wordpress:https://www.etelligens.com
[ 65/269] Emids                        !! careers-page-read-but-lists-no-openings
[ 66/269] Everest Fleet                 10 jobs  via wordpress:https://everestfleet.com
[ 67/269] Entrans Technologies           8 jobs  via headings:https://www.entrans.ai/career
[ 68/269] ESSPL                          4 jobs  via headings:https://www.esspl.com/career/
[ 69/269] Elightwalk Technology          5 jobs  via headings:https://www.elightwalk.com/career
[ 70/269] ELGi Equipments               22 jobs  via headings:https://www.elgi.com/careers/
[ 71/269] Eventus Security               0 jobs  via zohorecruit:eventustechsol (0 open)
[ 72/269] Emizentech                     9 jobs  via headings:https://emizentech.com/career.html
[ 73/269] Ezeiatech                      9 jobs  via html:https://ezeiatech.com/careers/   ** 2 MATCH **
[ 74/269] Expert App Devs              !! careers-page-read-but-lists-no-openings
[ 75/269] Engati                       !! careers-page-read-but-lists-no-openings
[ 76/269] Evoke Technologies             7 jobs  via successfactors:careers.evoketechnologies.com
[ 77/269] Exponentia.ai                !! careers-page-read-but-lists-no-openings
[ 78/269] Extentia Information Technol   8 jobs  via feed:https://www.extentia.com
[ 79/269] Estuate                        4 jobs  via feed:https://www.estuate.com
[ 80/269] ePayLater                     12 jobs  via keka:epaylater
[ 81/269] Exzeo                        !! careers-page-read-but-lists-no-openings
[ 82/269] Ennoventure                    0 jobs  via zohorecruit:careers.ennoventure.com (0 open)
[ 83/269] Etech Global Services         36 jobs  via wordpress:https://www.etechgs.com
[ 84/269] Emergys                       12 jobs  via html:https://www.emergys.com/careers/
[ 85/269] EY                           104 jobs  via successfactors:careers.ey.com   ** 1 MATCH **
[ 86/269] EPAM Systems                  15 jobs  via next-data:https://careers.epam.com/en/jobs
[ 87/269] eCanarys                       3 jobs  via headings:https://ecanarys.com/careers/
[ 88/269] Ericsson                     !! blocked-or-error-response
[ 89/269] eBikeGo                      !! careers-page-read-but-lists-no-openings
[ 90/269] Expedia Group                148 jobs  via workday:expedia   ** 1 MATCH **
[ 91/269] Evolvous                       2 jobs  via wordpress:https://evolvous.com
[ 92/269] Experian                     !! careers-page-read-but-lists-no-openings
[ 93/269] Exeevo                       !! careers-page-read-but-lists-no-openings
[ 94/269] Equinix                        3 jobs  via headings:https://careers.equinix.com/
[ 95/269] eBay                         188 jobs  via phenom:_self
[ 96/269] Emerson                      !! careers-page-read-but-lists-no-openings
[ 97/269] EXL Service                    4 jobs  via headings:https://www.exlservice.com/careers
[ 98/269] Envestnet                    !! blocked-or-error-response
[ 99/269] Epsilon                      !! careers-page-read-but-lists-no-openings
[100/269] Elastic                      244 jobs  via greenhouse:elastic
[101/269] Entrust                      !! blocked-or-error-response
[102/269] Emitrr                       !! careers-page-read-but-lists-no-openings
[103/269] Ensono                        69 jobs  via greenhouse:ensono
[104/269] Eaton                         28 jobs  via sitemap:https://eaton.eightfold.ai
[105/269] Egnyte                        29 jobs  via jobvite:egnyte
[106/269] Extreme Networks             115 jobs  via lever:extremenetworks
[107/269] Epicor Software               40 jobs  via workday:epicorsoftware   ** 1 MATCH **
[108/269] EnterpriseDB                  15 jobs  via headings:https://www.enterprisedb.com/careers
[109/269] Eurofins                     500 jobs  via smartrecruiters:Eurofins
[110/269] Epiq                          40 jobs  via workday:epiqsystems
[111/269] Equifax                      !! no-job-data-found
[112/269] Eli Lilly and Company        !! blocked-or-error-response
[113/269] Ellucian                      21 jobs  via sitemap:https://careers.ellucian.com
[114/269] e2open                       !! careers-page-read-but-lists-no-openings
[115/269] Evolent Health                38 jobs  via workday:evolent
[116/269] Elsevier                      40 jobs  via workday:relx
[117/269] Evernorth Health Services    180 jobs  via phenom:_self   ** 1 MATCH **
[118/269] Elektrobit                     8 jobs  via headings:https://www.elektrobit.com/careers/
[119/269] Entain                       251 jobs  via smartrecruiters:Entain
[120/269] Entrata                       15 jobs  via lever:entrata
[121/269] ExxonMobil                     2 jobs  via sitemap:https://corporate.exxonmobil.com
[122/269] Expleo Group                  14 jobs  via icims:expleo-jobs-eg-en   ** 1 MATCH **
[123/269] Everbridge                    19 jobs  via lever:everbridge
[124/269] Endava                         3 jobs  via headings:https://www.endava.com/careers
[125/269] Enphase Energy               !! careers-page-read-but-lists-no-openings
[126/269] Ebix                         !! careers-page-read-but-lists-no-openings
[127/269] Elanco                        40 jobs  via workday:elanco
[128/269] Euromonitor International    !! careers-page-read-but-lists-no-openings
[129/269] Eightfold AI                 !! careers-page-read-but-lists-no-openings
[130/269] Expeditors International     !! careers-page-read-but-lists-no-openings
[131/269] Elevance Health              306 jobs  via workday:elevancehealth
[132/269] Espressif Systems              2 jobs  via headings:https://www.espressif.com/en/careers
[133/269] Elekta                        40 jobs  via workday:elekta
[134/269] Electronic Arts              !! careers-page-read-but-lists-no-openings
[135/269] Encore Capital Group          44 jobs  via workday:encore
[136/269] Enghouse Systems              13 jobs  via bamboohr:enghouse
[137/269] Ema                           26 jobs  via next-data:https://www.ema.ai/careers
[138/269] Eltropy                      !! careers-page-read-but-lists-no-openings
[139/269] Element5                     !! no-job-data-found
[140/269] Emerio                       !! no-job-data-found
[141/269] Ecolab                       !! careers-page-read-but-lists-no-openings
[142/269] eGain                         15 jobs  via html:https://www.egain.com/company/careers/
[143/269] Emkay Global                 !! careers-page-read-but-lists-no-openings
[144/269] Eviden                       !! careers-page-read-but-lists-no-openings
[145/269] Eucloid Data Solutions       !! careers-page-read-but-lists-no-openings
[146/269] eClinicalWorks               !! careers-page-read-but-lists-no-openings
[147/269] Expedia Group India          !! blocked-or-error-response
[148/269] Elevation Capital            !! no-job-data-found
[149/269] eShipz                       !! careers-page-read-but-lists-no-openings
[150/269] Everest Group India            6 jobs  via headings:https://www.everestgrp.com/careers/
[151/269] Enzen                        !! no-job-data-found
[152/269] Ezulix Software              !! careers-page-read-but-lists-no-openings
[153/269] Experian India               !! careers-page-read-but-lists-no-openings
[154/269] Enterprise Minds             !! careers-page-unreachable
[155/269] Ecomsolver                     9 jobs  via headings:https://www.ecomsolver.com/career/
[156/269] Ecosmob Technologies         !! blocked-or-error-response
[157/269] Excellon Software            !! careers-page-read-but-lists-no-openings
[158/269] eSparkBiz Technologies         0 jobs  via zohorecruit:esparkinfo (0 open)
[159/269] Eminence Technology            8 jobs  via html:https://eminencetechnology.com/career
[160/269] EngineersMind                !! no-job-data-found
[161/269] EverestIMS Technologies        2 jobs  via keka:everestims
[162/269] Elluminati                   !! careers-page-read-but-lists-no-openings
[163/269] Evon Technologies              2 jobs  via headings:https://evontech.com/about-evon/career.html
[164/269] Esferasoft Solutions         !! careers-page-read-but-lists-no-openings
[165/269] Embien Technologies           12 jobs  via headings:https://www.embien.com/careers   ** 2 MATCH **
[166/269] Exato Software                 3 jobs  via feed:https://exatosoftware.com
[167/269] Embitel Technologies           1 jobs  via feed:https://www.embitel.com
[168/269] Entuple Technologies           7 jobs  via headings:https://www.entuple.com/resources/careers
[169/269] Excelacom Technologies       !! careers-page-read-but-lists-no-openings
[170/269] Envision Enterprise Solution !! careers-page-read-but-lists-no-openings
[171/269] Excelize                       2 jobs  via headings:https://excelize.com/about/careers/
[172/269] Entab Infotech               !! no-job-data-found
[173/269] Ephicacy Lifescience Analyti !! careers-page-read-but-lists-no-openings
[174/269] Emertxe Information Technolo   2 jobs  via html:https://www.emertxe.com/careers/
[175/269] Exusia                        26 jobs  via html:https://exusia.com/jobs/
[176/269] Evolving Systems             !! blocked-or-error-response
[177/269] Everest DX                   !! no-job-data-found
[178/269] E2E Networks                 !! careers-page-read-but-lists-no-openings
[179/269] eSSL Security                !! careers-page-read-but-lists-no-openings
[180/269] Efftronics Systems             5 jobs  via headings:https://efftronics.com/careers
[181/269] EFKON India                   10 jobs  via feed:https://efkonindia.com
[182/269] Excellence Technologies      !! no-job-data-found
[183/269] ETG Digital                    5 jobs  via keka:etggs
[184/269] EnFuse Solutions             !! careers-page-read-but-lists-no-openings
[185/269] Everest Engineering          !! no-job-data-found
[186/269] e-Zest Solutions              24 jobs  via headings:https://www.e-zest.com/careers
[187/269] Elite Mindz                  !! careers-page-unreachable
[188/269] Enhops Solutions               5 jobs  via headings:https://enhops.com/careers
[189/269] eQ Technologic               !! careers-page-read-but-lists-no-openings
[190/269] Esri India Technologies      !! no-job-data-found
[191/269] Emsphere Technologies        !! blocked-or-error-response
[192/269] Elysium Technologies           8 jobs  via feed:https://elysiumtechnologies.com
[193/269] Elegant MicroWeb             !! timed-out
[194/269] Epikso                       !! careers-page-read-but-lists-no-openings
[195/269] Evergent Technologies         10 jobs  via feed:https://evergent.com
[196/269] eNyota Learning              !! blocked-or-error-response
[197/269] Express Analytics              8 jobs  via next-data:https://www.expressanalytics.com/careers
[198/269] Eubrics                      !! no-job-data-found
[199/269] Expedien eSolutions          !! careers-page-read-but-lists-no-openings
[200/269] eDominer Systems               6 jobs  via feed:https://www.edominer.com
[201/269] Evolvus Solutions            !! careers-page-read-but-lists-no-openings
[202/269] Evolute Systems              !! careers-page-read-but-lists-no-openings
[203/269] eProcurement Technologies    !! careers-page-unreachable
[204/269] Ergode IT Services           !! blocked-or-error-response
[205/269] EOSGlobe                       5 jobs  via headings:https://eosglobe.com/careers/
[206/269] EnLume                       !! no-job-data-found
[207/269] Eka Care                     !! blocked-or-error-response
[208/269] Eximietas Design              16 jobs  via headings:https://eximietas.design/careers/
[209/269] Enthu.AI                     !! blocked-or-error-response
[210/269] EazyDiner                    !! careers-page-read-but-lists-no-openings
[211/269] Even Healthcare              !! careers-page-read-but-lists-no-openings
[212/269] Elucidata                    !! careers-page-read-but-lists-no-openings
[213/269] Eko                            2 jobs  via headings:https://eko.in/careers
[214/269] Equal                        !! no-job-data-found
[215/269] Edmingle                       4 jobs  via zohorecruit:careers.edmingle.com
[216/269] Esyasoft Technologies          0 jobs  via zohorecruit:esyasoft (0 open)
[217/269] Eunimart                     !! blocked-or-error-response
[218/269] Elchemy                        5 jobs  via jazzhr:elchemy
[219/269] EMotorad                     !! no-job-data-found
[220/269] Ethereal Machines            !! careers-page-read-but-lists-no-openings
[221/269] Ensuredit                    !! no-job-data-found
[222/269] Emoha Eldercare              !! careers-page-read-but-lists-no-openings
[223/269] EbixCash                     !! careers-page-read-but-lists-no-openings
[224/269] Edgistify                    !! blocked-or-error-response
[225/269] Enguru                       !! no-job-data-found
[226/269] Enterprise Bot               !! no-job-data-found
[227/269] Eruditus                       8 jobs  via headings:https://eruditus.com/careers
[228/269] Elena Geo Systems            !! careers-page-read-but-lists-no-openings
[229/269] Ezyschooling                   8 jobs  via next-data:https://ezyschooling.com/careers
[230/269] eSamudaay                    !! no-job-data-found
[231/269] Ezovion                        6 jobs  via wordpress:https://ezovion.com
[232/269] eresource Infotech           !! timed-out
[233/269] Edvoy                        !! careers-page-read-but-lists-no-openings
[234/269] EtherealX                    !! no-job-data-found
[235/269] Edukemy                      !! careers-page-read-but-lists-no-openings
[236/269] Ecom Express                 !! careers-page-unreachable
[237/269] eLitmus Evaluation             3 jobs  via headings:https://www.elitmus.com/careers
[238/269] EkStep Foundation            !! no-job-data-found
[239/269] Emplay                         5 jobs  via headings:https://www.emplay.net/careers
[240/269] Escorts Kubota               !! no-job-data-found
[241/269] Emiza                         10 jobs  via headings:https://www.emizainc.com/careers/
[242/269] Exide Industries             !! careers-page-read-but-lists-no-openings
[243/269] Eveready Industries India    !! no-job-data-found
[244/269] ExamRoom.AI                  !! careers-page-read-but-lists-no-openings
[245/269] EIH Limited                  !! careers-page-read-but-lists-no-openings
[246/269] Equitas Small Finance Bank   !! no-job-data-found
[247/269] Eastman Chemical              38 jobs  via successfactors:jobs.eastman.com
[248/269] Edwards Lifesciences           2 jobs  via html:https://edwards.com/careers
[249/269] ETAS                           2 jobs  via headings:https://www.etas.com/ww/en/about-etas/careers-at-etas/careers/overview/
[250/269] Eduonix Learning Solutions   !! careers-page-read-but-lists-no-openings
[251/269] ESAB                         !! blocked-or-error-response
[252/269] Emami                        !! no-job-data-found
[253/269] Evonik Industries              9 jobs  via headings:https://www.evonik.com/en/careers.html
[254/269] Epiroc                       !! no-job-data-found
[255/269] Exadel                        59 jobs  via greenhouse:exadelinc
[256/269] Emburse                       35 jobs  via lever:emburse   ** 1 MATCH **
[257/269] ERM                           40 jobs  via workday:erm
[258/269] EcoVadis                      37 jobs  via smartrecruiters:ecovadis
[259/269] Egis Group                     8 jobs  via html:https://jobs.egis-group.com/
[260/269] Exiger                        41 jobs  via greenhouse:exiger
[261/269] Exabeam                      !! careers-page-read-but-lists-no-openings
[262/269] EVERSANA                     !! blocked-or-error-response
[263/269] Enverus                       42 jobs  via jobvite:drillinginfo
[264/269] Esri                         436 jobs  via greenhouse:esri   ** 20 MATCH **
[265/269] Endress+Hauser                54 jobs  via successfactors:careers.endress.com
[266/269] Euronet Worldwide            !! careers-page-read-but-lists-no-openings
[267/269] eProductivity Software       !! careers-page-read-but-lists-no-openings
[268/269] Edenred                      !! no-job-data-found
[269/269] Esko                         !! blocked-or-error-response

  boards read with jobs : 125
  boards read, 0 open   : 7
  could not read        : 137
  companies w/ matches  : 10

Wrote careers.txt + results.json
