Checking 133 companies (concurrency 8)

[  1/133] Frappe Technologies          !! careers-page-read-but-lists-no-openings
[  2/133] Fynd                         !! careers-page-read-but-lists-no-openings
[  3/133] Freshworks                   155 jobs  via smartrecruiters:Freshworks
[  4/133] Flipkart                     !! careers-page-read-but-lists-no-openings
[  5/133] Fractal Analytics             40 jobs  via workday:fractal
[  6/133] Flam                         !! careers-page-read-but-lists-no-openings
[  7/133] Facilio                        2 jobs  via headings:https://facilio.com/careers/
[  8/133] Flytxt                         3 jobs  via headings:https://flytxt.ai/careers/
[  9/133] Flock                          5 jobs  via ashby:flock
[ 10/133] Fiorano Software               2 jobs  via headings:https://www.fiorano.com/company/careers
[ 11/133] FirstHive                     13 jobs  via headings:https://resource.firsthive.com/careers/
[ 12/133] Firstsource Solutions         52 jobs  via successfactors:careers.firstsource.com
[ 13/133] Fluid AI                       0 jobs  via zohorecruit:careers.fluid.ai (0 open)
[ 14/133] FarEye                        14 jobs  via headings:https://fareye.com/about/careers
[ 15/133] FYNDNA TechCorp                6 jobs  via headings:https://www.fyndna.com/careers
[ 16/133] Fission Labs                   5 jobs  via headings:https://www.fissionlabs.com/careers
[ 17/133] Fingent                        5 jobs  via html:https://www.fingent.com/careers/career-openings/   ** 1 MATCH **
[ 18/133] FanCode                      !! careers-page-read-but-lists-no-openings
[ 19/133] Fortunesoft IT Innovations   !! careers-page-read-but-lists-no-openings
[ 20/133] FirstCry                     !! blocked-or-error-response
[ 21/133] Fibonalabs                   !! careers-page-unreachable
[ 22/133] FiftyFive Technologies         6 jobs  via keka:fiftyfive
[ 23/133] Finoit Technologies           10 jobs  via feed:https://www.finoit.com
[ 24/133] Futurism Technologies        !! blocked-or-error-response
[ 25/133] Focus Softnet                  2 jobs  via headings:https://www.focussoftnet.com/careers
[ 26/133] Fulcrum Digital              !! blocked-or-error-response
[ 27/133] Fusion Informatics             3 jobs  via headings:https://www.fusioninformatics.com/career.html
[ 28/133] Flentas Technologies           9 jobs  via keka:flentas
[ 29/133] Feuji                        !! careers-page-read-but-lists-no-openings
[ 30/133] Focaloid Technologies          1 jobs  via json-ld:https://www.focaloid.com/career
[ 31/133] Flexsin Technologies          34 jobs  via headings:https://www.flexsin.com/careers/
[ 32/133] Fresh Gravity                  1 jobs  via feed:https://www.freshgravity.com
[ 33/133] Ftechiz Solutions             10 jobs  via feed:https://ftechiz.com
[ 34/133] FEXLE Services               !! careers-page-read-but-lists-no-openings
[ 35/133] FX31 Labs                      9 jobs  via feed:https://fx31labs.com
[ 36/133] Forgeahead Solutions          10 jobs  via feed:https://forgeahead.io
[ 37/133] Fluper                        10 jobs  via feed:https://www.fluper.com
[ 38/133] FuGenX Technologies            4 jobs  via headings:https://www.fugenx.com/careers/   ** 1 MATCH **
[ 39/133] Fluidech IT Services         !! careers-page-read-but-lists-no-openings
[ 40/133] FYERS                          0 jobs  via zohorecruit:recruit.fyers.in (0 open)
[ 41/133] Financial Software and Syste   8 jobs  via headings:https://www.fsstech.com/careers/
[ 42/133] FinIQ Consulting             !! careers-page-read-but-lists-no-openings
[ 43/133] FundsIndia                    11 jobs  via next-data:https://www.fundsindia.com/careers   ** 2 MATCH **
[ 44/133] Fi Money                      11 jobs  via lever:epifi
[ 45/133] Flatworld Solutions            0 jobs  via zohorecruit:flatworldsolutions-in (0 open)
[ 46/133] FinBox                       !! careers-page-read-but-lists-no-openings
[ 47/133] FloBiz                         7 jobs  via keka:valorem   ** 1 MATCH **
[ 48/133] FPL Technologies             !! careers-page-read-but-lists-no-openings
[ 49/133] Freo                         !! careers-page-read-but-lists-no-openings
[ 50/133] Fibe                         !! careers-page-read-but-lists-no-openings
[ 51/133] Freyr Solutions               12 jobs  via html:https://www.freyrsolutions.com/careers
[ 52/133] Fisdom                         3 jobs  via headings:https://www.fisdom.com/career_at_fisdom/
[ 53/133] Freecharge                   !! careers-page-read-but-lists-no-openings
[ 54/133] Finhaat                        4 jobs  via headings:https://finhaat.com/careers
[ 55/133] Freight Tiger                  3 jobs  via next-data:https://www.freighttiger.com/careers/
[ 56/133] Fleetx                        11 jobs  via headings:https://www.fleetx.ai/careers
[ 57/133] Fino Payments Bank             4 jobs  via headings:https://www.fino.bank.in/company/careers
[ 58/133] Federal Bank                 !! careers-page-read-but-lists-no-openings
[ 59/133] Five Star Business Finance   !! careers-page-read-but-lists-no-openings
[ 60/133] FarMart                      !! no-job-data-found
[ 61/133] Fitterfly                      3 jobs  via headings:https://www.fitterfly.com/careers-and-culture
[ 62/133] Fusion CX                      2 jobs  via html:https://careers.fusioncx.com/locations/india/
[ 63/133] Fusion Finance                 1 jobs  via wordpress:https://fusionfin.com
[ 64/133] Fedbank Financial Services     4 jobs  via headings:https://fedfina.com/join-us/
[ 65/133] Futurense Technologies         1 jobs  via json-ld:https://futurense.com/careers
[ 66/133] Fyllo                          4 jobs  via headings:https://www.fyllo.in/careers
[ 67/133] Fasal                        !! no-job-data-found
[ 68/133] Ferns N Petals                 6 jobs  via headings:https://www.fnp.com/info/careers
[ 69/133] Foxtale                        7 jobs  via html:https://careers.foxtale.in/
[ 70/133] Forbes Marshall              !! careers-page-unreachable
[ 71/133] FabHotels                    !! careers-page-read-but-lists-no-openings
[ 72/133] Freightify                     0 jobs  via zohorecruit:freightbro (0 open)
[ 73/133] Forus Health                   8 jobs  via feed:https://forushealth.com
[ 74/133] Fidelity International        40 jobs  via workday:fil   ** 1 MATCH **
[ 75/133] FactSet                      !! careers-page-read-but-lists-no-openings
[ 76/133] FICO                          66 jobs  via workday:fico
[ 77/133] Fashinza                     !! careers-page-read-but-lists-no-openings
[ 78/133] FreshToHome                  !! careers-page-read-but-lists-no-openings
[ 79/133] Fidelity Investments         !! no-job-data-found
[ 80/133] FIS                          387 jobs  via workday:fis
[ 81/133] Franklin Templeton           !! careers-page-read-but-lists-no-openings
[ 82/133] FNZ                           40 jobs  via workday:fnz
[ 83/133] Finastra                      40 jobs  via workday:finastra   ** 1 MATCH **
[ 84/133] First American                40 jobs  via workday:firstam
[ 85/133] FloQast                       16 jobs  via lever:floqast
[ 86/133] Fiserv                         2 jobs  via headings:https://www.fiserv.com/career
[ 87/133] Fitch Group                   61 jobs  via successfactors:careers.fitch.group   ** 2 MATCH **
[ 88/133] Fivetran                     198 jobs  via greenhouse:fivetran
[ 89/133] Fictiv                        93 jobs  via greenhouse:fictiv
[ 90/133] Flexera                       24 jobs  via workday:flexerasoftware
[ 91/133] FourKites                     17 jobs  via greenhouse:fourkites
[ 92/133] F5                            40 jobs  via workday:ffive
[ 93/133] Fortanix                       9 jobs  via headings:https://www.fortanix.com/company/careers
[ 94/133] Flex                          40 jobs  via workday:flextronics
[ 95/133] Fortive                        3 jobs  via headings:https://careers.fortive.com/
[ 96/133] Fortinet                     !! careers-page-read-but-lists-no-openings
[ 97/133] Ford Motor Company             2 jobs  via html:https://www.careers.ford.com/
[ 98/133] Forcepoint                    38 jobs  via workday:forcepoint
[ 99/133] Fluence Energy               129 jobs  via workday:fluenceenergy
[100/133] Ferguson                      40 jobs  via workday:ferguson
[101/133] Flowserve                    400 jobs  via workday:flowserve
[102/133] Fujitsu                      !! careers-page-read-but-lists-no-openings
[103/133] Festo                        !! careers-page-read-but-lists-no-openings
[104/133] FedEx                         13 jobs  via sitemap:https://careers.fedex.com
[105/133] Fortrea                      176 jobs  via phenom:_self
[106/133] FORVIA                         8 jobs  via headings:https://www.forvia.com/en/careers
[107/133] Freudenberg                  !! careers-page-read-but-lists-no-openings
[108/133] Fluor                         25 jobs  via sitemap:https://careers.fluor.com
[109/133] Fresenius Medical Care        40 jobs  via workday:freseniusmedicalcare
[110/133] Fresenius Kabi               !! no-job-data-found
[111/133] FLSmidth                     !! careers-page-read-but-lists-no-openings
[112/133] Fujifilm                     !! careers-page-read-but-lists-no-openings
[113/133] Fugro                         40 jobs  via workday:fugro
[114/133] Fampay                       !! careers-page-read-but-lists-no-openings
[115/133] Fusion Practices              46 jobs  via zohorecruit:fusionpractice
[116/133] Fresh Prints                  34 jobs  via greenhouse:freshprints
[117/133] Five9 India                  153 jobs  via greenhouse:five9
[118/133] FocusU                         6 jobs  via headings:https://focusu.com/careers/
[119/133] Flytxt                         3 jobs  via headings:https://flytxt.ai/careers/
[120/133] Frost & Sullivan              31 jobs  via bamboohr:frostsullivan
[121/133] Furlenco                     !! no-job-data-found
[122/133] Fluent Commerce India         21 jobs  via feed:https://fluentcommerce.com
[123/133] Foundit                      !! careers-page-read-but-lists-no-openings
[124/133] Foundever                     68 jobs  via successfactors:jobs.foundever.com
[125/133] Fyle                           2 jobs  via headings:https://www.fylehq.com/company/team/join
[126/133] Finzoom                      !! careers-page-unreachable
[127/133] FTI Consulting               !! careers-page-read-but-lists-no-openings
[128/133] Fuji Electric                  2 jobs  via headings:https://www.india.fujielectric.com/career
[129/133] Falabella India              !! no-job-data-found
[130/133] Fidelity National Financial   40 jobs  via workday:fntg
[131/133] FANUC India                  !! timed-out
[132/133] Farmers Fresh Zone           !! careers-page-read-but-lists-no-openings
[133/133] Fastenal India               !! careers-page-read-but-lists-no-openings

  boards read with jobs : 83
  boards read, 0 open   : 4
  could not read        : 46
  companies w/ matches  : 7

Wrote careers.txt + results.json
