Checking 252 companies (concurrency 8)

[  1/252] HashedIn by Deloitte           2 jobs  via headings:https://hashedin.com/careers/
[  2/252] Hinduja Tech                 !! careers-page-read-but-lists-no-openings
[  3/252] HCLTech                       87 jobs  via successfactors:careers.hcltech.com
[  4/252] HCLSoftware                   12 jobs  via headings:https://www.hcl-software.com/careers
[  5/252] Hoonartek                    !! careers-page-read-but-lists-no-openings
[  6/252] Hexaware Technologies        !! careers-page-read-but-lists-no-openings
[  7/252] Hansa Cequity                !! careers-page-read-but-lists-no-openings
[  8/252] Halcyon Technologies         !! no-job-data-found
[  9/252] Hiveminds Innovative Market  !! careers-page-read-but-lists-no-openings
[ 10/252] Hyperlink InfoSystem           2 jobs  via headings:https://www.hyperlinkinfosystem.com/career.html
[ 11/252] Hexaview Technologies          2 jobs  via headings:https://www.hexaview.com/career/
[ 12/252] Happiest Minds Technologies    2 jobs  via headings:https://careers.happiestminds.com/
[ 13/252] Hestabit Technologies          4 jobs  via headings:https://www.hestabit.com/career
[ 14/252] Hurix Digital                 27 jobs  via wordpress:https://www.hurix.com
[ 15/252] Hakuna Matata Solutions        3 jobs  via headings:https://www.hakunamatatatech.com/careers
[ 16/252] Harbinger Group              !! careers-page-read-but-lists-no-openings
[ 17/252] Highbar Technocrat             7 jobs  via wordpress:https://highbartechnocrat.com
[ 18/252] Hinduja Global Solutions     !! careers-page-read-but-lists-no-openings
[ 19/252] HashRoot                       7 jobs  via headings:https://www.hashroot.com/careers
[ 20/252] HackerEarth                    3 jobs  via jazzhr:hackerearth
[ 21/252] HData Systems                !! careers-page-read-but-lists-no-openings
[ 22/252] Hocalwire                    !! careers-page-read-but-lists-no-openings
[ 23/252] HyScaler                       5 jobs  via headings:https://hyscaler.com/careers/
[ 24/252] Hevo Data                     40 jobs  via lever:hevodata
[ 25/252] Hexanika                      12 jobs  via headings:https://hexanika.com/careers/
[ 26/252] Hitech Digital Solutions      45 jobs  via headings:https://www.hitechdigital.com/careers
[ 27/252] Haptik                       !! careers-page-read-but-lists-no-openings
[ 28/252] Hasura                         5 jobs  via headings:https://promptql.io/careers
[ 29/252] Hidden Brains InfoTech       !! careers-page-read-but-lists-no-openings
[ 30/252] Hippo Video                    6 jobs  via headings:https://www.hippovideo.io/careers
[ 31/252] HostBooks                      2 jobs  via headings:https://www.hostbooks.com/in/careers/
[ 32/252] HappyFox                     !! careers-page-read-but-lists-no-openings
[ 33/252] HIC Global Solutions         !! careers-page-read-but-lists-no-openings
[ 34/252] Hopstack                       5 jobs  via headings:https://www.hopstack.io/careers
[ 35/252] Hotelogix                      7 jobs  via feed:https://www.hotelogix.com
[ 36/252] Hubbler                      !! careers-page-read-but-lists-no-openings
[ 37/252] Hiver                          9 jobs  via pinpoint:hiverhq
[ 38/252] HDFC Life                      2 jobs  via headings:https://www.hdfclife.com/hdfc-careers/
[ 39/252] HDFC Asset Management          3 jobs  via next-data:https://www.hdfcfund.com/careers
[ 40/252] Hero FinCorp                 !! careers-page-read-but-lists-no-openings
[ 41/252] Home First Finance Company   !! careers-page-read-but-lists-no-openings
[ 42/252] Hyperface                      1 jobs  via wordpress:https://www.hyperface.co
[ 43/252] HDB Financial Services       !! careers-page-read-but-lists-no-openings
[ 44/252] HRMantra                       2 jobs  via headings:https://www.hrmantra.com/careers
[ 45/252] HyperVerge                    12 jobs  via headings:https://hyperverge.co/careers/
[ 46/252] Hypto                        !! no-job-data-found
[ 47/252] Happay                       !! careers-page-read-but-lists-no-openings
[ 48/252] Home Credit India            !! no-job-data-found
[ 49/252] HDFC Securities              !! careers-page-read-but-lists-no-openings
[ 50/252] Healthians                   !! careers-page-read-but-lists-no-openings
[ 51/252] HealthPlix Technologies        4 jobs  via zohorecruit:recruit.healthplix.com
[ 52/252] HexaHealth                   !! careers-page-read-but-lists-no-openings
[ 53/252] HealthifyMe                  !! careers-page-read-but-lists-no-openings
[ 54/252] Hero Vired                     7 jobs  via next-data:https://herovired.com/careers
[ 55/252] HealthCare Global Enterprise   5 jobs  via headings:https://www.hcgoncology.com/careers/
[ 56/252] Henry Harvin Education       !! blocked-or-error-response
[ 57/252] HiLabs                       !! careers-page-read-but-lists-no-openings
[ 58/252] HomeLane                      54 jobs  via headings:https://www.homelane.com/careers
[ 59/252] Healthysure                  !! careers-page-read-but-lists-no-openings
[ 60/252] Hopscotch                    !! careers-page-read-but-lists-no-openings
[ 61/252] HealthKart                   !! careers-page-read-but-lists-no-openings
[ 62/252] HDFC ERGO General Insurance  !! careers-page-read-but-lists-no-openings
[ 63/252] Housing.com                   47 jobs  via wordpress:https://careers.housing.com
[ 64/252] Hitwicket                    !! careers-page-read-but-lists-no-openings
[ 65/252] HungerBox                    !! careers-page-read-but-lists-no-openings
[ 66/252] Hoichoi                      !! blocked-or-error-response
[ 67/252] Head Digital Works           !! careers-page-read-but-lists-no-openings
[ 68/252] Honasa Consumer              !! careers-page-read-but-lists-no-openings
[ 69/252] Hono                         !! timed-out
[ 70/252] Headout                      !! careers-page-read-but-lists-no-openings
[ 71/252] Hero MotoCorp                  4 jobs  via headings:https://www.heromotocorp.com/en-in/company/careers/career-overview.html
[ 72/252] Hindustan Unilever            40 jobs  via workday:unilever
[ 73/252] Hindalco Industries          !! careers-page-read-but-lists-no-openings
[ 74/252] HT Media                       4 jobs  via headings:https://www.htmedia.in/career
[ 75/252] Havells India                  5 jobs  via headings:https://havells.com/corporate/careers/careers-overview
[ 76/252] Hindustan Petroleum            3 jobs  via headings:https://www.hindustanpetroleum.com/job-openings
[ 77/252] Holisol Logistics            !! careers-page-read-but-lists-no-openings
[ 78/252] HDFC Bank                    !! timed-out
[ 79/252] Hindustan Zinc                 3 jobs  via headings:https://www.hzlindia.com/careers/join-us
[ 80/252] Hungama Digital Media        !! careers-page-read-but-lists-no-openings
[ 81/252] Hinduja Renewables           !! careers-page-read-but-lists-no-openings
[ 82/252] Hyundai Motor India Engineer !! careers-page-read-but-lists-no-openings
[ 83/252] HFCL                           1 jobs  via json-ld:https://www.hfcl.com/company/careers
[ 84/252] HackerRank                    32 jobs  via greenhouse:hackerrank
[ 85/252] HashiCorp                    !! blocked-or-error-response
[ 86/252] HighRadius                    74 jobs  via greenhouse:highradius
[ 87/252] Hitachi Payment Services       1 jobs  via wordpress:https://www.hitachi-payments.com
[ 88/252] Harness                       94 jobs  via greenhouse:harnessinc
[ 89/252] HyperTrack                     6 jobs  via headings:https://hypertrack.com/jobs
[ 90/252] HeadSpin                      15 jobs  via bamboohr:headspin
[ 91/252] HTC Global Services          !! careers-page-read-but-lists-no-openings
[ 92/252] Halodoc                      !! careers-page-read-but-lists-no-openings
[ 93/252] HokuApps                       9 jobs  via html:https://www.hokuapps.com/careers/
[ 94/252] HighLevel                     73 jobs  via lever:gohighlevel
[ 95/252] Hero Future Energies           2 jobs  via headings:https://www.herofutureenergies.com/career
[ 96/252] Hexagon                      !! blocked-or-error-response
[ 97/252] Hewlett Packard Enterprise   110 jobs  via phenom:_self
[ 98/252] Hitachi India                !! careers-page-read-but-lists-no-openings
[ 99/252] HERE Technologies             48 jobs  via icims:here
[100/252] HSBC                         !! careers-page-read-but-lists-no-openings
[101/252] HP Inc.                      !! careers-page-read-but-lists-no-openings
[102/252] Honeywell                    !! careers-page-read-but-lists-no-openings
[103/252] Haleon                        40 jobs  via workday:gsknch
[104/252] HARMAN International          20 jobs  via feed:https://jobsearch.harman.com
[105/252] Hitachi Digital Services     !! blocked-or-error-response
[106/252] Hindustan Aeronautics        !! careers-page-read-but-lists-no-openings
[107/252] Huawei                       !! careers-page-read-but-lists-no-openings
[108/252] Halliburton                   47 jobs  via successfactors:jobs.halliburton.com   ** 3 MATCH **
[109/252] Husqvarna Group               40 jobs  via workday:husqvarnagroup
[110/252] Haemonetics                   40 jobs  via workday:haemonetics
[111/252] Hyland Software               81 jobs  via icims:hyland
[112/252] Hitachi Vantara              !! careers-page-read-but-lists-no-openings
[113/252] H&M Group                    !! careers-page-read-but-lists-no-openings
[114/252] Huron                         40 jobs  via workday:huron
[115/252] Hitachi Energy               !! careers-page-read-but-lists-no-openings
[116/252] Henkel                         4 jobs  via headings:https://www.henkel.com/careers
[117/252] Herbalife                    !! timed-out
[118/252] Hologic                      !! timed-out
[119/252] Hackett Group                !! timed-out
[120/252] Hansen Technologies          !! timed-out
[121/252] Hyundai Motor India          !! timed-out
[122/252] Honda Cars India             !! timed-out
[123/252] Hilti India                  !! timed-out
[124/252] HotStar                      !! timed-out
[125/252] Habilelabs                   !! careers-page-read-but-lists-no-openings
[126/252] HashStudioz Technologies       6 jobs  via headings:https://www.hashstudioz.com/career.html
[127/252] Hexadecimal Software         !! no-job-data-found
[128/252] Halma India                  !! careers-page-read-but-lists-no-openings
[129/252] HealthAsyst                    7 jobs  via keka:healthasyst
[130/252] Hughes Systique                2 jobs  via headings:https://www.hsc.com/career/
[131/252] HubSpot India                  5 jobs  via headings:https://www.hubspot.com/careers
[132/252] HK Infosoft                   28 jobs  via headings:https://www.hkinfosoft.com/career/
[133/252] Hansel                       !! no-job-data-found
[134/252] HyperTest                    !! no-job-data-found
[135/252] HaystackAnalytics            !! no-job-data-found
[136/252] HashCash Consultants           6 jobs  via headings:https://www.hashcashconsultants.com/careers/
[137/252] Hypersonix                   !! careers-page-read-but-lists-no-openings
[138/252] Helpshift                    !! no-job-data-found
[139/252] HealthEdge                    58 jobs  via icims:healthedge   ** 2 MATCH **
[140/252] HROne                          4 jobs  via headings:https://hrone.cloud/careers/
[141/252] Hylobiz                      !! no-job-data-found
[142/252] HireQuotient                   3 jobs  via headings:https://www.hirequotient.com/company/careers
[143/252] HeyCoach                     !! careers-page-read-but-lists-no-openings
[144/252] Heads Up For Tails           !! careers-page-read-but-lists-no-openings
[145/252] HCL Infosystems              !! no-job-data-found
[146/252] Hindustan Coca-Cola Beverage   4 jobs  via headings:https://www.hccb.in/career
[147/252] Hyundai AutoEver             !! no-job-data-found
[148/252] HL Mando                     !! careers-page-read-but-lists-no-openings
[149/252] Helical IT Solutions           3 jobs  via sitemap:https://helicaltech.com   ** 1 MATCH **
[150/252] Hinduja Housing Finance        2 jobs  via headings:https://hindujahousingfinance.com/careers.php
[151/252] Hanon Systems                !! careers-page-read-but-lists-no-openings
[152/252] Hinduja Leyland Finance      !! careers-page-read-but-lists-no-openings
[153/252] Hero Electronix              !! no-job-data-found
[154/252] HDFC Credila                 !! careers-page-read-but-lists-no-openings
[155/252] HELLA                        !! careers-page-read-but-lists-no-openings
[156/252] HUDCO                        !! no-job-data-found
[157/252] HLL Lifecare                   3 jobs  via html:https://lifecarehll.com/careers
[158/252] Hindware Home Innovation     !! careers-page-read-but-lists-no-openings
[159/252] Hero Motors                    3 jobs  via headings:http://www.heromotors.com/job.aspx?mpgid=27&amp;pgidtrail=27
[160/252] Hindustan Construction Compa !! careers-page-read-but-lists-no-openings
[161/252] Hindustan Copper             !! no-job-data-found
[162/252] HMEL                         !! careers-page-read-but-lists-no-openings
[163/252] Hitachi Astemo               !! no-job-data-found
[164/252] Hero Cycles                  !! no-job-data-found
[165/252] Health Care Service Corporat 100 jobs  via workday:hcsc
[166/252] Highspot                     !! careers-page-read-but-lists-no-openings
[167/252] Hubble                         5 jobs  via headings:https://www.myhubble.money/careers   ** 1 MATCH **
[168/252] Hashout Technologies           9 jobs  via keka:hashout
[169/252] Hyperzod                     !! no-job-data-found
[170/252] HouseEazy                      4 jobs  via headings:https://www.houseeazy.com/career
[171/252] Highmark Health               40 jobs  via workday:highmarkhealth
[172/252] Hitachi Rail                 !! careers-page-read-but-lists-no-openings
[173/252] Hatica                        10 jobs  via headings:https://www.hatica.io/careers/
[174/252] Hedge Equities               !! careers-page-read-but-lists-no-openings
[175/252] Hinduja Hospital             !! careers-page-read-but-lists-no-openings
[176/252] HRS Navigation                 6 jobs  via headings:https://hrsnavigation.com/careers/
[177/252] Hyster-Yale                  !! no-job-data-found
[178/252] Hempel                        26 jobs  via workday:hempel
[179/252] Hitech Analytics             !! blocked-or-error-response
[180/252] Hexnode                      !! no-job-data-found
[181/252] Hillenbrand                   40 jobs  via workday:hillenbrand
[182/252] Habuild                       12 jobs  via keka:habuild
[183/252] HDFC Sales                     3 jobs  via headings:https://www.hdfcsales.com/careers
[184/252] Healthium Medtech              5 jobs  via headings:https://healthiummedtech.com/careers/
[185/252] Hubhopper                    !! careers-page-read-but-lists-no-openings
[186/252] HyugaLife                    !! no-job-data-found
[187/252] Hivel                          8 jobs  via headings:https://www.hivel.ai/careers
[188/252] HYPD                         !! careers-page-read-but-lists-no-openings
[189/252] Hexa Climate Solutions       !! no-job-data-found
[190/252] Hero Housing Finance         !! timed-out
[191/252] Hind Rectifiers                5 jobs  via feed:https://hirect.com
[192/252] Hexa Solutions               !! careers-page-read-but-lists-no-openings
[193/252] Hubsoft Technologies         !! no-job-data-found
[194/252] Hirextra                     !! careers-page-read-but-lists-no-openings
[195/252] Hueint Technologies            2 jobs  via headings:https://hueint.com/careers
[196/252] Hitech BPO                   !! blocked-or-error-response
[197/252] HTMLPanda                      2 jobs  via headings:https://www.htmlpanda.com/careers.php
[198/252] Hexalytics                     3 jobs  via feed:https://hexalytics.com
[199/252] HRStop                       !! no-job-data-found
[200/252] Housr                          8 jobs  via headings:https://housr.in/career
[201/252] HyTechPro                      0 jobs  via zohorecruit:hytechprous (0 open)
[202/252] Hexad Infosoft               !! careers-page-read-but-lists-no-openings
[203/252] Huemn                        !! no-job-data-found
[204/252] Hindustan Times              !! careers-page-read-but-lists-no-openings
[205/252] Hitachi Hi-Rel Power Electro !! blocked-or-error-response
[206/252] Hyperlocal Cloud             !! no-job-data-found
[207/252] Hodusoft                      24 jobs  via wordpress:https://hodusoft.com   ** 1 MATCH **
[208/252] Humantic AI                   12 jobs  via headings:https://humantic.ai/about/careers
[209/252] HDFC Pension Management      !! timed-out
[210/252] Hybrowlabs Technologies      !! careers-page-read-but-lists-no-openings
[211/252] Hubino                       !! careers-page-read-but-lists-no-openings
[212/252] Hutech Solutions               9 jobs  via headings:https://hutechsolutions.com/careers/
[213/252] HotWax Commerce              !! no-job-data-found
[214/252] HawksCode Softwares           10 jobs  via feed:https://hawkscode.com   ** 2 MATCH **
[215/252] Hoopr                        !! careers-page-read-but-lists-no-openings
[216/252] Habot                        !! careers-page-read-but-lists-no-openings
[217/252] Hridayam Soft Solutions      !! no-job-data-found
[218/252] Hvantage Technologies        !! careers-page-read-but-lists-no-openings
[219/252] HCL Healthcare               !! careers-page-read-but-lists-no-openings
[220/252] HABER                        !! careers-page-read-but-lists-no-openings
[221/252] Hitachi Systems India        !! careers-page-read-but-lists-no-openings
[222/252] Hexagon Digital              !! no-job-data-found
[223/252] HackersEra                   !! careers-page-read-but-lists-no-openings
[224/252] Hobo Video                    93 jobs  via wordpress:https://foundlanes.com
[225/252] Hasgeek                      !! careers-page-read-but-lists-no-openings
[226/252] Highen Fintech               !! no-job-data-found
[227/252] Hermitage Infotech           !! careers-page-read-but-lists-no-openings
[228/252] HexaCorp                       7 jobs  via headings:https://hexacorp.com/careers/
[229/252] Haltdos                      !! careers-page-read-but-lists-no-openings
[230/252] HL Klemove                   !! blocked-or-error-response
[231/252] HomeBazaar                     9 jobs  via feed:https://careers.homebazaar.com
[232/252] Huntsman                      40 jobs  via workday:huntsman
[233/252] HDR                            7 jobs  via headings:https://www.hdrinc.com/careers
[234/252] Hubbell                       55 jobs  via successfactors:careers.hubbell.com
[235/252] H.B. Fuller                  !! careers-page-read-but-lists-no-openings
[236/252] Happiest Health                5 jobs  via feed:https://www.happiesthealth.com
[237/252] Heidelberg Materials          40 jobs  via workday:heidelbergmaterials
[238/252] Hughes Communications India  !! no-job-data-found
[239/252] Holostik                     !! careers-page-read-but-lists-no-openings
[240/252] Hager Group                   51 jobs  via successfactors:careers.hagergroup.com
[241/252] Hellmann Worldwide Logistics  40 jobs  via workday:hellmann
[242/252] Hettich                      !! careers-page-read-but-lists-no-openings
[243/252] Hyundai Kefico               !! careers-page-read-but-lists-no-openings
[244/252] Himalaya Wellness              4 jobs  via headings:https://careers.himalayawellness.in/
[245/252] Headfone                     !! timed-out
[246/252] Horiba                        43 jobs  via headings:https://www.horiba.com/int/company/career/?utm_source=uhw&utm_medium=301&utm_campaign=uhw-redirect
[247/252] Hitachi High-Tech            !! no-job-data-found
[248/252] Hitachi Solutions            !! no-job-data-found
[249/252] Howden                       !! blocked-or-error-response
[250/252] Hindustan Foods              !! careers-page-read-but-lists-no-openings
[251/252] Hyundai Transys              !! careers-page-read-but-lists-no-openings
[252/252] Hyundai WIA                  !! timed-out

  boards read with jobs : 106
  boards read, 0 open   : 1
  could not read        : 145
  companies w/ matches  : 6

Wrote careers.txt + results.json
