Checking 148 companies (concurrency 8)

[  1/148] IDfy                         !! careers-page-read-but-lists-no-openings
[  2/148] ideaForge                      4 jobs  via headings:https://ideaforgetech.com/career
[  3/148] ICICI Lombard                !! no-job-data-found
[  4/148] Ideas2IT                       9 jobs  via headings:https://www.ideas2it.com/careers
[  5/148] ICICI Bank                   !! careers-page-read-but-lists-no-openings
[  6/148] iauro Systems                !! careers-page-read-but-lists-no-openings
[  7/148] IBS Software                 !! careers-page-read-but-lists-no-openings
[  8/148] IDFC FIRST Bank              !! careers-page-read-but-lists-no-openings
[  9/148] iLink Digital                  2 jobs  via headings:https://www.ilink-digital.com/careers/
[ 10/148] iMocha                         5 jobs  via headings:https://www.imocha.io/careers
[ 11/148] Imarticus Learning           !! no-job-data-found
[ 12/148] Impelsys                      10 jobs  via feed:https://impelsys.com
[ 13/148] Impetus Technologies           4 jobs  via headings:https://www.impetus.com/careers/
[ 14/148] InCred                       !! careers-page-read-but-lists-no-openings
[ 15/148] Indegene                      45 jobs  via successfactors:careers.indegene.com
[ 16/148] iMerit                       !! careers-page-read-but-lists-no-openings
[ 17/148] Indiagold                    !! careers-page-read-but-lists-no-openings
[ 18/148] Incture Technologies           0 jobs  via zohorecruit:incture (0 open)
[ 19/148] IndiaMART                    !! careers-page-read-but-lists-no-openings
[ 20/148] IGT Solutions                  2 jobs  via headings:https://www.igtsolutions.com/careers/
[ 21/148] IndiGo                         3 jobs  via greenhouse:indigo
[ 22/148] Incedo                         3 jobs  via headings:https://www.incedoinc.com/careers/
[ 23/148] InApp                         10 jobs  via feed:https://inapp.com
[ 24/148] Indium                         1 jobs  via zohorecruit:www.indium.tech
[ 25/148] Indus Towers                 !! careers-page-read-but-lists-no-openings
[ 26/148] IndiaFirst Life Insurance    !! careers-page-read-but-lists-no-openings
[ 27/148] IndiaNIC Infotech              7 jobs  via headings:https://www.indianic.com/careers
[ 28/148] Infilect                       5 jobs  via keka:infilect   ** 1 MATCH **
[ 29/148] Infinite Uptime                3 jobs  via keka:infiniteuptime
[ 30/148] Indus Valley Partners        !! careers-page-read-but-lists-no-openings
[ 31/148] Infinite Computer Solutions   13 jobs  via headings:https://www.infinite.com/careers/
[ 32/148] IIFL Finance                 !! blocked-or-error-response
[ 33/148] Infinity Learn               !! careers-page-read-but-lists-no-openings
[ 34/148] Infiniti Research            !! careers-page-read-but-lists-no-openings
[ 35/148] Inflow Technologies           21 jobs  via html:https://inflowtechnologies.com/careers/
[ 36/148] Infocusp Innovations         !! careers-page-read-but-lists-no-openings
[ 37/148] InfoBeans Technologies        10 jobs  via feed:https://infobeans.ai
[ 38/148] Indo-MIM                     !! careers-page-read-but-lists-no-openings
[ 39/148] Infosys                      !! careers-page-read-but-lists-no-openings
[ 40/148] Infosys BPM                  !! careers-page-read-but-lists-no-openings
[ 41/148] InfoCepts                    !! careers-page-read-but-lists-no-openings
[ 42/148] Infra.Market                 !! careers-page-read-but-lists-no-openings
[ 43/148] Infrrd                         2 jobs  via headings:https://www.infrrd.ai/careers
[ 44/148] Inito                         11 jobs  via keka:inito
[ 45/148] Infowind Technologies         10 jobs  via feed:https://www.infowindtech.com   ** 1 MATCH **
[ 46/148] InfoVision                    10 jobs  via feed:https://www.infovision.com
[ 47/148] Indifi Technologies          !! timed-out
[ 48/148] InMobi                        70 jobs  via greenhouse:inmobi
[ 49/148] Innoraft                     !! careers-page-read-but-lists-no-openings
[ 50/148] Innefu Labs                    0 jobs  via zohorecruit:innefu (0 open)
[ 51/148] Innovatiview                 !! careers-page-read-but-lists-no-openings
[ 52/148] Inspira Enterprise             0 jobs  via zohorecruit:inspiraenterprise (0 open)
[ 53/148] Innoviti                     !! careers-page-read-but-lists-no-openings
[ 54/148] Indus Net Technologies       !! timed-out
[ 55/148] Inshorts                       0 jobs  via zohorecruit:inshorts.zohorecruit.com (0 open)
[ 56/148] Innovapptive                   2 jobs  via headings:https://www.innovapptive.com/company/careers
[ 57/148] Inspirisys Solutions           8 jobs  via headings:https://www.inspirisys.com/career
[ 58/148] InstaSafe                      2 jobs  via headings:https://instasafe.com/careers/
[ 59/148] Innovaccer                   !! careers-page-read-but-lists-no-openings
[ 60/148] Instamojo                    !! careers-page-read-but-lists-no-openings
[ 61/148] InsuranceDekho                 5 jobs  via headings:https://careers.insurancedekho.com/
[ 62/148] Intech Creative Services      10 jobs  via feed:https://www.intechww.com
[ 63/148] Infiniti Software Solutions  !! timed-out
[ 64/148] IntelliCar                     6 jobs  via headings:https://www.intellicar.in/company-pages/careers
[ 65/148] Intellipaat                   10 jobs  via feed:https://jobs.intellipaat.com
[ 66/148] Intelegain Technologies       10 jobs  via feed:https://www.intelegain.com
[ 67/148] Intellinet Systems             6 jobs  via headings:https://www.intellinetsystem.com/career
[ 68/148] Intelizign                     2 jobs  via headings:https://intelizign.com/careers/
[ 69/148] Intellicus Technologies       10 jobs  via feed:https://www.intellicus.com
[ 70/148] InterGlobe Enterprises       !! careers-page-read-but-lists-no-openings
[ 71/148] Intelliswift                   3 jobs  via headings:https://www.intelliswift.com/careers
[ 72/148] Intas Pharmaceuticals        !! careers-page-read-but-lists-no-openings
[ 73/148] Intense Technologies           1 jobs  via keka:intense
[ 74/148] Involve Learning             !! careers-page-unreachable
[ 75/148] iNube Software Solutions       6 jobs  via feed:https://www.inubesolutions.com
[ 76/148] Intellect Design Arena         3 jobs  via headings:https://www.intellectdesign.com/careers/
[ 77/148] IRIS RegTech Solutions        25 jobs  via keka:irsl
[ 78/148] Iris Software                 37 jobs  via successfactors:careers.irissoftware.com
[ 79/148] iRage Capital                !! careers-page-read-but-lists-no-openings
[ 80/148] Ionixx Technologies          !! careers-page-read-but-lists-no-openings
[ 81/148] Ishan Technologies           !! careers-page-read-but-lists-no-openings
[ 82/148] Intuz                          8 jobs  via headings:https://www.intuz.com/careers/
[ 83/148] iOPEX Technologies           !! no-job-data-found
[ 84/148] Innominds                    !! timed-out
[ 85/148] iThink Logistics             !! careers-page-read-but-lists-no-openings
[ 86/148] Ivan Infotech                 10 jobs  via feed:https://www.ivaninfotech.com
[ 87/148] Ittiam Systems                10 jobs  via headings:https://www.ittiam.com/careers/
[ 88/148] Inventurus Knowledge Solutio   2 jobs  via headings:https://ikshealth.com/careers/
[ 89/148] ITILITE                        5 jobs  via headings:https://www.itilite.com/careers
[ 90/148] iTech India                    6 jobs  via keka:itech   ** 1 MATCH **
[ 91/148] iZooto                         0 jobs  via zohorecruit:izooto (0 open)
[ 92/148] ixigo                        !! careers-page-read-but-lists-no-openings
[ 93/148] ITC Infotech                 !! careers-page-read-but-lists-no-openings
[ 94/148] Ibexlabs                       5 jobs  via keka:ibexlabs
[ 95/148] Icreon                       !! blocked-or-error-response
[ 96/148] Ivy Mobility                 !! careers-page-read-but-lists-no-openings
[ 97/148] Icertis                        2 jobs  via headings:https://www.icertis.com/company/careers/
[ 98/148] IFS                          258 jobs  via smartrecruiters:IFS1
[ 99/148] IDeaS Revenue Solutions        9 jobs  via icims:ideas-sas
[100/148] IDEMIA                        17 jobs  via icims:uscareers-idemia
[101/148] Illumina                      40 jobs  via workday:illumina
[102/148] iSchoolConnect               !! careers-page-read-but-lists-no-openings
[103/148] Infineon Technologies         13 jobs  via headings:https://www.infineon.com/careers
[104/148] IBM                          !! careers-page-read-but-lists-no-openings
[105/148] Imagination Technologies      10 jobs  via feed:https://www.imaginationtech.com
[106/148] Imperva                      !! careers-page-read-but-lists-no-openings
[107/148] Infobip                       40 jobs  via workday:infobip   ** 2 MATCH **
[108/148] Informa                      145 jobs  via smartrecruiters:InformaGroupPlc
[109/148] iCIMS                         10 jobs  via feed:https://www.icims.com
[110/148] ICF                          185 jobs  via phenom:_self   ** 1 MATCH **
[111/148] InfoStride                    10 jobs  via feed:https://infostride.com
[112/148] Infor                        187 jobs  via pinpoint:infor   ** 3 MATCH **
[113/148] Infosys Public Services      !! careers-page-read-but-lists-no-openings
[114/148] Ingersoll Rand                47 jobs  via successfactors:careers.irco.com
[115/148] Innodata                       3 jobs  via lever:innodata
[116/148] Instructure                   53 jobs  via ashby:instructure
[117/148] Insight Enterprises            2 jobs  via headings:https://www.insight.com/careers
[118/148] Infoblox                       2 jobs  via headings:https://www.infoblox.com/company/careers/
[119/148] Infopro Learning              10 jobs  via feed:https://www.infoprolearning.com
[120/148] Innover Digital                0 jobs  via zohorecruit:innoverdigital (0 open)
[121/148] Interface.ai                  24 jobs  via ashby:interface-ai
[122/148] Intapp                        40 jobs  via workday:intapp
[123/148] Intel                         40 jobs  via workday:intel
[124/148] Innovatia                     10 jobs  via feed:https://www.innovatia.net
[125/148] Intuit                         4 jobs  via headings:https://www.intuit.com/career/
[126/148] Intuitive Surgical           !! careers-page-read-but-lists-no-openings
[127/148] Infinx                        10 jobs  via feed:https://www.infinx.com
[128/148] IntouchCX                    100 jobs  via wordpress:https://www.intouchcx.com
[129/148] Invenio Business Solutions   !! careers-page-read-but-lists-no-openings
[130/148] Intercontinental Exchange    !! careers-page-read-but-lists-no-openings
[131/148] Invesco                      233 jobs  via workday:invesco
[132/148] Iron Mountain                !! blocked-or-error-response
[133/148] Itron                          1 jobs  via workday:itron
[134/148] Indiabulls                   !! careers-page-read-but-lists-no-openings
[135/148] Ivanti                         8 jobs  via sitemap:https://www.ivanti.com
[136/148] ION Group                    100 jobs  via wordpress:https://iongroup.com
[137/148] Infibeam                     !! careers-page-read-but-lists-no-openings
[138/148] Ineuron                        2 jobs  via next-data:https://pwskills.com/
[139/148] Ipsos                        !! careers-page-read-but-lists-no-openings
[140/148] IQVIA                          4 jobs  via headings:https://jobs.iqvia.com/en
[141/148] Intugine                     !! no-job-data-found
[142/148] Ionic Health                 !! careers-page-unreachable
[143/148] Indium Software                1 jobs  via zohorecruit:www.indium.tech
[144/148] Ivalua                        39 jobs  via greenhouse:ivalua
[145/148] Interakt                     !! blocked-or-error-response
[146/148] Ivy Comptech                 !! careers-page-unreachable
[147/148] Ingram Micro India           !! no-job-data-found
[148/148] Informatica India            !! careers-page-read-but-lists-no-openings

  boards read with jobs : 81
  boards read, 0 open   : 6
  could not read        : 61
  companies w/ matches  : 6

Wrote careers.txt + results.json
