Checking 236 companies (concurrency 8)

[  1/236] Kellton                        2 jobs  via headings:https://www.kellton.com/career
[  2/236] KocharTech                     8 jobs  via wordpress:https://www.kochartech.com
[  3/236] KPIT Technologies              4 jobs  via headings:https://www.kpit.com/career-api-test/
[  4/236] Kanerika                       0 jobs  via zohorecruit:kanerika (0 open)
[  5/236] Kaar Technologies              2 jobs  via headings:https://www.kaartech.com/career/
[  6/236] Kumaran Systems               52 jobs  via zohorecruit:careers.kumaran.com
[  7/236] Kensium                      !! blocked-or-error-response
[  8/236] Kovair Software                3 jobs  via headings:https://www.kovair.com/careers/
[  9/236] KeyValue Software Systems      0 jobs  via zohorecruit:keyvalue (0 open)
[ 10/236] Kiprosh                      !! careers-page-read-but-lists-no-openings
[ 11/236] KGiSL                        !! careers-page-read-but-lists-no-openings
[ 12/236] KTree Computer Solutions      10 jobs  via feed:https://ktree.com   ** 1 MATCH **
[ 13/236] KANINI Software Solutions    !! careers-page-read-but-lists-no-openings
[ 14/236] Kanhasoft                      3 jobs  via headings:https://kanhasoft.com/career.html
[ 15/236] Konstant Infosolutions       !! careers-page-read-but-lists-no-openings
[ 16/236] KrishaWeb                      1 jobs  via wordpress:https://www.krishaweb.com
[ 17/236] Knovator Technologies          2 jobs  via wordpress:https://knovator.com
[ 18/236] Klizo Solutions               33 jobs  via wordpress:https://careers.klizos.com   ** 3 MATCH **
[ 19/236] KRITIKAL Solutions           !! careers-page-read-but-lists-no-openings
[ 20/236] Kindlebit Solutions          !! careers-page-read-but-lists-no-openings
[ 21/236] Kody Technolab                15 jobs  via wordpress:https://kodytechnolab.com
[ 22/236] KiwiTech                       2 jobs  via headings:https://www.kiwitech.com/careers
[ 23/236] Kodework                     !! no-job-data-found
[ 24/236] Kalpavruksh Technologies       9 jobs  via feed:https://kalpavruksh.com
[ 25/236] Kiya.ai                      !! timed-out
[ 26/236] Krify Software Technologies    8 jobs  via headings:https://krify.co/careers/
[ 27/236] Koenig Solutions              39 jobs  via headings:https://www.koenig-solutions.com/career
[ 28/236] Kevit Technologies             4 jobs  via keka:kevit
[ 29/236] Kwebmaker                    !! careers-page-read-but-lists-no-openings
[ 30/236] Kapture CX                    30 jobs  via keka:kapturecrm
[ 31/236] Keka                         !! careers-page-read-but-lists-no-openings
[ 32/236] KORCOMPTENZ                  !! careers-page-read-but-lists-no-openings
[ 33/236] Katalyst Technologies        !! timed-out
[ 34/236] Kickdrum                     !! careers-page-read-but-lists-no-openings
[ 35/236] Kovai.co                       5 jobs  via headings:https://www.kovai.co/careers/
[ 36/236] Kylas                          8 jobs  via keka:kylastechnologies
[ 37/236] Kissflow                       5 jobs  via headings:https://careers.kissflow.com/
[ 38/236] KonfHub                      !! careers-page-read-but-lists-no-openings
[ 39/236] Kanverse.ai                  !! careers-page-read-but-lists-no-openings
[ 40/236] Kore.ai                        2 jobs  via headings:https://www.kore.ai/careers
[ 41/236] Klenty                       !! careers-page-read-but-lists-no-openings
[ 42/236] KDK Software                   5 jobs  via headings:https://www.kdksoftware.com/careers/
[ 43/236] Knowlarity                   !! careers-page-unreachable
[ 44/236] KNOLSKAPE                     17 jobs  via keka:knolskape
[ 45/236] Kale Logistics Solutions     !! careers-page-read-but-lists-no-openings
[ 46/236] Kognitos                       6 jobs  via ashby:Kognitos
[ 47/236] Kimbal Technologies            4 jobs  via headings:https://kimbal.io/careers/
[ 48/236] Karix Mobile                 !! careers-page-read-but-lists-no-openings
[ 49/236] Konnect Insights               4 jobs  via headings:https://konnectinsights.com/careers/
[ 50/236] Kissht                         2 jobs  via headings:https://www.kissht.com/career
[ 51/236] KloudGin                      10 jobs  via wordpress:https://kloudgin.com
[ 52/236] KreditBee                    !! careers-page-read-but-lists-no-openings
[ 53/236] Khatabook                    !! careers-page-read-but-lists-no-openings
[ 54/236] KFin Technologies              5 jobs  via headings:https://careers.kfintech.com/
[ 55/236] Kodo                         !! careers-page-read-but-lists-no-openings
[ 56/236] KareXpert Technologies         6 jobs  via headings:https://www.karexpert.com/career/
[ 57/236] Kloudspot                    !! careers-page-read-but-lists-no-openings
[ 58/236] Kuhoo                          2 jobs  via keka:kuhoo
[ 59/236] Kaleidofin                     7 jobs  via headings:https://www.kaleidofin.com/careers
[ 60/236] KredX                         13 jobs  via headings:https://www.kredx.com/join-our-team
[ 61/236] Kazam                        !! careers-page-read-but-lists-no-openings
[ 62/236] Kutumb                        14 jobs  via keka:primetrace
[ 63/236] Kuku FM                      !! careers-page-read-but-lists-no-openings
[ 64/236] KoinX                        !! careers-page-read-but-lists-no-openings
[ 65/236] KnowledgeHut                  58 jobs  via headings:https://www.knowledgehut.com/career
[ 66/236] Kredent InfoEdge               3 jobs  via feed:https://kredent.com
[ 67/236] Kotak Mahindra Bank            2 jobs  via headings:https://www.kotak.bank.in/en/about-us/careers.html
[ 68/236] Kyvos Insights                 2 jobs  via headings:https://www.kyvosinsights.com/careers/
[ 69/236] K12 Techno Services          !! careers-page-read-but-lists-no-openings
[ 70/236] Kotak Mahindra Life Insuranc   6 jobs  via headings:https://www.kotaklife.com/why-kotak-life/career
[ 71/236] Kalvium                      !! careers-page-read-but-lists-no-openings
[ 72/236] Kofluence                    !! careers-page-read-but-lists-no-openings
[ 73/236] Kalpataru Projects Internati   1 jobs  via successfactors:careers.kalpataruprojects.com
[ 74/236] Kredily                      !! timed-out
[ 75/236] Kirloskar Ferrous Industries !! careers-page-read-but-lists-no-openings
[ 76/236] Kshema General Insurance       0 jobs  via zohorecruit:kshema.co (0 open)
[ 77/236] Kirloskar Oil Engines        !! careers-page-read-but-lists-no-openings
[ 78/236] Karnataka Bank               !! careers-page-read-but-lists-no-openings
[ 79/236] Kolte-Patil Developers       !! careers-page-read-but-lists-no-openings
[ 80/236] Kansai Nerolac Paints        !! no-job-data-found
[ 81/236] Kajaria Ceramics             !! careers-page-read-but-lists-no-openings
[ 82/236] KIMS Hospitals               !! careers-page-read-but-lists-no-openings
[ 83/236] Kyndryl                       40 jobs  via workday:kyndryl
[ 84/236] Kalyan Jewellers             !! careers-page-read-but-lists-no-openings
[ 85/236] KONE                          40 jobs  via workday:kone   ** 1 MATCH **
[ 86/236] Kotak Securities             !! careers-page-read-but-lists-no-openings
[ 87/236] KLA                           40 jobs  via workday:kla
[ 88/236] Kennametal                    37 jobs  via successfactors:jobs.kennametal.com
[ 89/236] Kenvue                       !! careers-page-read-but-lists-no-openings
[ 90/236] KEC International            !! careers-page-read-but-lists-no-openings
[ 91/236] Koch                         !! careers-page-read-but-lists-no-openings
[ 92/236] KPMG India                   !! careers-page-read-but-lists-no-openings
[ 93/236] Keysight Technologies         34 jobs  via sitemap:https://jobs.keysight.com
[ 94/236] Kimberly-Clark               !! blocked-or-error-response
[ 95/236] KBR                          104 jobs  via phenom:_self
[ 96/236] Kroll                        !! careers-page-read-but-lists-no-openings
[ 97/236] Kong                          93 jobs  via ashby:kong   ** 2 MATCH **
[ 98/236] Kinaxis                        2 jobs  via headings:https://www.kinaxis.com/en/careers
[ 99/236] Kroger                       !! timed-out
[100/236] Kohler                       !! timed-out
[101/236] Kantar                       !! careers-page-read-but-lists-no-openings
[102/236] Khoros                         6 jobs  via headings:https://careers.ignitetech.ai/jobs
[103/236] Kearney                      !! careers-page-read-but-lists-no-openings
[104/236] KRAFTON                       76 jobs  via greenhouse:krafton
[105/236] Knorr-Bremse                 !! timed-out
[106/236] Kwalee                         5 jobs  via lever:kwalee
[107/236] KSB                           40 jobs  via workday:ksb
[108/236] Kalypso                       40 jobs  via workday:rockwellautomation
[109/236] KUKA                         !! careers-page-read-but-lists-no-openings
[110/236] Kongsberg                      7 jobs  via feed:https://karriere.ksat.no
[111/236] Konica Minolta               !! no-job-data-found
[112/236] KION Group                    40 jobs  via workday:kiongroup
[113/236] KnowBe4                       81 jobs  via greenhouse:knowbe4
[114/236] Krones                         3 jobs  via headings:https://www.krones.com/en/company/career.php
[115/236] Kovaion Consulting             4 jobs  via feed:https://www.kovaion.com
[116/236] Komatsu                       51 jobs  via successfactors:komatsu.jobs
[117/236] Karbon Card                  !! no-job-data-found
[118/236] Kreeti Technologies            2 jobs  via headings:https://careers.kreeti.com/
[119/236] Keyideas Infotech            !! careers-page-unreachable
[120/236] Komprise                     !! careers-page-read-but-lists-no-openings
[121/236] Kaleyra                      !! no-job-data-found
[122/236] Kanak Infosystems            !! blocked-or-error-response
[123/236] Kerry Group                  !! careers-page-read-but-lists-no-openings
[124/236] Kilowott                      12 jobs  via keka:kilowott
[125/236] Karmick Solutions            !! careers-page-read-but-lists-no-openings
[126/236] Kenmark ITan Solutions       !! no-job-data-found
[127/236] KloudPortal                    5 jobs  via feed:https://kloudportal.ai
[128/236] Krazy Mantra                  60 jobs  via headings:https://www.krazymantra.com/career.php
[129/236] Kompanions                   !! no-job-data-found
[130/236] Kodehash Technologies        !! careers-page-read-but-lists-no-openings
[131/236] Keywords Studios             !! careers-page-read-but-lists-no-openings
[132/236] KnackForge                   !! careers-page-read-but-lists-no-openings
[133/236] Kalycito Infotech            !! careers-page-unreachable
[134/236] Kaizenat Technologies        !! no-job-data-found
[135/236] Kloudrac Softwares           !! careers-page-read-but-lists-no-openings
[136/236] KTern.AI                     !! careers-page-unreachable
[137/236] Kloudone                     !! no-job-data-found
[138/236] Kalibroida Technologies      !! careers-page-read-but-lists-no-openings
[139/236] Kansoft Solutions             14 jobs  via headings:https://kansoftware.com/careers/why-join-us
[140/236] Kipi.ai                      !! no-job-data-found
[141/236] Konverge Technologies         15 jobs  via headings:https://konverge.co.in/career/
[142/236] Kombee Technologies            3 jobs  via sitemap:https://www.kombee.com   ** 1 MATCH **
[143/236] Kavayah                        2 jobs  via headings:https://kavayahcloud.com/careers
[144/236] Ksolves India                 13 jobs  via headings:https://www.ksolves.com/careers
[145/236] Kickr Technology             !! no-job-data-found
[146/236] KogniVera                      8 jobs  via keka:kognivera   ** 1 MATCH **
[147/236] Kyyba                          2 jobs  via headings:https://kyyba.com/careers
[148/236] Kloud9                         7 jobs  via html:https://www.kloud9.nyc/careers
[149/236] Kirusa                       !! careers-page-read-but-lists-no-openings
[150/236] Karanji Infotech               4 jobs  via next-data:https://karanji.com/company/careers
[151/236] Kryptonite Solutions         !! careers-page-unreachable
[152/236] KSoft Technologies             5 jobs  via headings:https://www.ksofttechnologies.com/careers   ** 1 MATCH **
[153/236] Kaizen Technologies            4 jobs  via headings:https://kaizentek.com/careers
[154/236] Krishnas Digital Technologie   6 jobs  via feed:https://www.krishnasdigitech.in
[155/236] Knack Systems                !! timed-out
[156/236] Kode Infotech                  4 jobs  via headings:https://kodeinfotech.com/jobs/
[157/236] KiwiQA                        14 jobs  via headings:https://www.kiwiqa.com/career.html
[158/236] Kadel Labs                   !! no-job-data-found
[159/236] Kensoft Infotech             !! careers-page-unreachable
[160/236] Keen and Able Computers      !! blocked-or-error-response
[161/236] KEONICS                      !! careers-page-read-but-lists-no-openings
[162/236] K7 Computing                 !! careers-page-read-but-lists-no-openings
[163/236] KPI Partners                 !! careers-page-read-but-lists-no-openings
[164/236] Kobster                      !! careers-page-unreachable
[165/236] Keltron                      !! careers-page-read-but-lists-no-openings
[166/236] Kalp Studio                  !! no-job-data-found
[167/236] Kloudlite                    !! no-job-data-found
[168/236] Kratikal Tech                  0 jobs  via zohorecruit:kratikal (0 open)
[169/236] Kriyadocs                      8 jobs  via keka:kriyadocs
[170/236] Kwench                       !! blocked-or-error-response
[171/236] KriyaTec IT Systems            2 jobs  via headings:https://kriyatec.com/careers/
[172/236] Kyros Technologies            30 jobs  via headings:https://www.kyrostechnologies.com/career/
[173/236] KITABOO                      !! careers-page-read-but-lists-no-openings
[174/236] KloudLearn                   !! no-job-data-found
[175/236] Klub                         !! careers-page-read-but-lists-no-openings
[176/236] Kraftshala                     2 jobs  via headings:https://www.kraftshala.com/kraftshala-careers/
[177/236] Kiwi                         !! no-job-data-found
[178/236] Karomi Technology            !! no-job-data-found
[179/236] Kaagaz Scanner               !! careers-page-read-but-lists-no-openings
[180/236] Krishi Network               !! no-job-data-found
[181/236] KoinBX                         6 jobs  via headings:https://koinbx.com/careers
[182/236] Kytes                         12 jobs  via wordpress:https://www.kytes.com
[183/236] Kuvera                       !! careers-page-read-but-lists-no-openings
[184/236] Kwikpic                      !! careers-page-read-but-lists-no-openings
[185/236] Kore Infotech                !! no-job-data-found
[186/236] Kenscio Digital Marketing    !! careers-page-read-but-lists-no-openings
[187/236] K Square India Technologies  !! timed-out
[188/236] Kapiva                       !! blocked-or-error-response
[189/236] Ketto                         15 jobs  via keka:ketto
[190/236] Kayako                       !! no-job-data-found
[191/236] Karkinos Healthcare            1 jobs  via wordpress:https://www.karkinos.in
[192/236] Kristal.AI                   !! no-job-data-found
[193/236] Klimb                        !! blocked-or-error-response
[194/236] Kinara Capital               !! blocked-or-error-response
[195/236] Kritsnam Technologies        !! no-job-data-found
[196/236] Kroop AI                     !! no-job-data-found
[197/236] KYC Hub                      !! blocked-or-error-response
[198/236] Krutrim                      !! no-job-data-found
[199/236] Kinetic Green                !! no-job-data-found
[200/236] Keus Automation              !! no-job-data-found
[201/236] Khyaal                       !! no-job-data-found
[202/236] kindlife                     !! no-job-data-found
[203/236] Kirana Club                  !! careers-page-unreachable
[204/236] Kogta Financial               62 jobs  via html:https://kogta.in/jobopening.php
[205/236] Karur Vysya Bank             !! careers-page-unreachable
[206/236] Kosamattam Finance             4 jobs  via headings:https://www.kosamattam.com/career
[207/236] Kernex Microsystems           10 jobs  via feed:https://www.kernex.in
[208/236] KLM Axiva Finvest              6 jobs  via headings:https://klmaxiva.com/career
[209/236] Kunverj                      !! timed-out
[210/236] Katonic AI                     1 jobs  via json-ld:https://katonic.ai/careers
[211/236] Kalkitech                      4 jobs  via headings:https://kalkitech.com/careers/
[212/236] Knorish                        0 jobs  via zohorecruit:careers.knorish.com (0 open)
[213/236] Karya                         11 jobs  via greenhouse:karya
[214/236] Kredmint                     !! no-job-data-found
[215/236] Karini AI                    !! no-job-data-found
[216/236] Krayonnz                     !! no-job-data-found
[217/236] KarmaLife                      2 jobs  via headings:https://karmalife.ai/careers/
[218/236] KOGO AI                      !! careers-page-read-but-lists-no-openings
[219/236] Klaar                        !! no-job-data-found
[220/236] Kombai                       !! no-job-data-found
[221/236] KraftLabs                    !! no-job-data-found
[222/236] Kirloskar Pneumatic          !! blocked-or-error-response
[223/236] Kolabtree                    !! no-job-data-found
[224/236] Konecranes                   !! blocked-or-error-response
[225/236] Krikey AI                    !! careers-page-read-but-lists-no-openings
[226/236] Kotak Mahindra Asset Managem !! careers-page-read-but-lists-no-openings
[227/236] Kiko Live                    !! timed-out
[228/236] Korn Ferry                   !! careers-page-read-but-lists-no-openings
[229/236] Kredo Analytics              !! no-job-data-found
[230/236] Keyloop                       60 jobs  via lever:keyloop
[231/236] Kuehne+Nagel                  70 jobs  via successfactors:careers.kuehne-nagel.com   ** 1 MATCH **
[232/236] Knowles                      !! careers-page-read-but-lists-no-openings
[233/236] KaiOS Technologies           !! no-job-data-found
[234/236] KraftPixel                   !! careers-page-read-but-lists-no-openings
[235/236] Kaynes Technology              3 jobs  via headings:https://kaynes.com/jobs/
[236/236] K2view                         2 jobs  via sitemap:https://www.k2view.com

  boards read with jobs : 98
  boards read, 0 open   : 5
  could not read        : 133
  companies w/ matches  : 8

Wrote careers.txt + results.json
