Checking 249 companies (concurrency 8)

[  1/249] Larsen & Toubro              !! careers-page-read-but-lists-no-openings
[  2/249] L&T Technology Services        2 jobs  via headings:https://www.ltts.com/careers
[  3/249] L&T Finance                    6 jobs  via headings:https://www.ltfinance.com/careers
[  4/249] Laurus Labs                    1 jobs  via json-ld:https://www.lauruslabs.com/careers.html
[  5/249] Lakshmi Machine Works        !! careers-page-read-but-lists-no-openings
[  6/249] Lawyered                       4 jobs  via next-data:https://www.lawyered.in/careers
[  7/249] LawSikho                     !! careers-page-read-but-lists-no-openings
[  8/249] LDS Infotech                 !! careers-page-read-but-lists-no-openings
[  9/249] L&T Semiconductor Technologi !! careers-page-read-but-lists-no-openings
[ 10/249] Leap Finance                   3 jobs  via headings:https://careers.leapfinance.com/
[ 11/249] Lava International           !! careers-page-read-but-lists-no-openings
[ 12/249] Leena AI                       8 jobs  via headings:https://leena.ai/careers/
[ 13/249] Lendbox                      !! careers-page-read-but-lists-no-openings
[ 14/249] LenDenClub                    19 jobs  via keka:lendenclub
[ 15/249] LeadSquared                  !! careers-page-read-but-lists-no-openings
[ 16/249] Lentra                       !! careers-page-read-but-lists-no-openings
[ 17/249] LeewayHertz                    0 jobs  via zohorecruit:leewayhertz (0 open)
[ 18/249] LEAD School                  !! careers-page-read-but-lists-no-openings
[ 19/249] Let's Nurture                  2 jobs  via feed:https://www.letsnurture.com
[ 20/249] Lenskart                     !! careers-page-read-but-lists-no-openings
[ 21/249] LetsTransport                !! careers-page-read-but-lists-no-openings
[ 22/249] TestMu AI (formerly LambdaTe !! careers-page-read-but-lists-no-openings
[ 23/249] LG Soft India                !! careers-page-read-but-lists-no-openings
[ 24/249] Liberty General Insurance    !! careers-page-read-but-lists-no-openings
[ 25/249] Lexplosion Solutions           7 jobs  via feed:https://lexplosion.in   ** 1 MATCH **
[ 26/249] LIC Housing Finance            2 jobs  via headings:https://www.lichousing.com/careers
[ 27/249] Leverage Edu                 !! no-job-data-found
[ 28/249] LIC                            3 jobs  via headings:https://licindia.in/careers
[ 29/249] Lightfury Games              !! careers-page-read-but-lists-no-openings
[ 30/249] LatentView Analytics         !! careers-page-read-but-lists-no-openings
[ 31/249] Lifelong India               !! careers-page-read-but-lists-no-openings
[ 32/249] Licious                      !! careers-page-read-but-lists-no-openings
[ 33/249] Lifesight                     21 jobs  via keka:lifesight
[ 34/249] Lightrains                    15 jobs  via html:https://lightrains.com/about/careers
[ 35/249] LightMetrics                 !! careers-page-read-but-lists-no-openings
[ 36/249] Lendingkart                    6 jobs  via feed:https://www.lendingkart.com
[ 37/249] LiquiLoans                     2 jobs  via headings:https://www.liquiloans.com/careers
[ 38/249] LimeRoad                     !! careers-page-read-but-lists-no-openings
[ 39/249] Lila Games                    14 jobs  via headings:https://lilagames.com/careers/
[ 40/249] L&T Realty                   !! timed-out
[ 41/249] LimeTray                     !! careers-page-read-but-lists-no-openings
[ 42/249] LimeChat                     !! careers-page-read-but-lists-no-openings
[ 43/249] Lithium Urban Technologies   !! careers-page-unreachable
[ 44/249] Bounteous (Lister Technologi  24 jobs  via lever:bounteous   ** 1 MATCH **
[ 45/249] Livekeeping                  !! careers-page-read-but-lists-no-openings
[ 46/249] LinearLoop                   !! careers-page-read-but-lists-no-openings
[ 47/249] Livspace                      60 jobs  via headings:https://www.livspace.com/in/careers
[ 48/249] Litmus7                      !! careers-page-read-but-lists-no-openings
[ 49/249] Live Deftsoft                  1 jobs  via feed:https://deftsoft.com
[ 50/249] Little Black Book              5 jobs  via next-data:https://lbb.in/careers/
[ 51/249] Livpure                      !! careers-page-read-but-lists-no-openings
[ 52/249] Lirisoft                     !! careers-page-read-but-lists-no-openings
[ 53/249] Livlong                      !! no-job-data-found
[ 54/249] Lloyds Technology Centre      40 jobs  via workday:lbg
[ 55/249] Locobuzz                       8 jobs  via headings:https://locobuzz.com/careers/
[ 56/249] LocoNav                        4 jobs  via headings:https://loconav.com/career
[ 57/249] LoanTap                      !! careers-page-read-but-lists-no-openings
[ 58/249] LogicSpice                     5 jobs  via feed:https://www.logicspice.com
[ 59/249] Locus                          2 jobs  via headings:https://locus.sh/careers/
[ 60/249] LogicRays Technologies         6 jobs  via headings:https://www.logicrays.com/job-openings.php
[ 61/249] Lodha Group                   25 jobs  via headings:https://www.lodhagroup.com/hr/explore-career
[ 62/249] Logiciel Solutions             0 jobs  via zohorecruit:logiciel (0 open)
[ 63/249] Loadshare Networks           !! careers-page-read-but-lists-no-openings
[ 64/249] Loop Health                   34 jobs  via keka:loop   ** 1 MATCH **
[ 65/249] Logic Fruit Technologies       3 jobs  via headings:https://www.logic-fruit.com/career/
[ 66/249] Loop Subscriptions            20 jobs  via headings:https://careers.loopwork.co/
[ 67/249] Logistic Infotech              6 jobs  via headings:https://www.logisticinfotech.com/career/   ** 1 MATCH **
[ 68/249] LTM (formerly LTIMindtree)    36 jobs  via successfactors:careers.ltm.com
[ 69/249] LogiNext                      36 jobs  via sitemap:https://loginext.hire.trakstar.com   ** 3 MATCH **
[ 70/249] Lollypop Design Studio        26 jobs  via wordpress:https://lollypop.design
[ 71/249] Logituit                       8 jobs  via headings:https://logituit.com/careers/
[ 72/249] Lucas-TVS                      4 jobs  via feed:https://career.lucas-tvs.com
[ 73/249] Lucent Innovation            !! careers-page-read-but-lists-no-openings
[ 74/249] LogiQuad Solutions             3 jobs  via wordpress:https://logiquad.com
[ 75/249] Lucid Outsourcing Solutions   10 jobs  via feed:https://lucidoutsourcing.com
[ 76/249] Luminous Power Technologies   15 jobs  via successfactors:careers.luminousindia.com
[ 77/249] Lumax Auto Technologies      !! careers-page-read-but-lists-no-openings
[ 78/249] Loylty Rewardz               !! careers-page-read-but-lists-no-openings
[ 79/249] Lumel Technologies             9 jobs  via keka:lumel   ** 1 MATCH **
[ 80/249] Lumiq                          0 jobs  via zohorecruit:lumiq (0 open)
[ 81/249] Lumina Datamatics            !! careers-page-unreachable
[ 82/249] Luminous Infoways              7 jobs  via wordpress:https://luminousinfoways.com
[ 83/249] Lynkit                       !! careers-page-read-but-lists-no-openings
[ 84/249] Lyros Technologies           !! careers-page-read-but-lists-no-openings
[ 85/249] Lucid Softech                !! careers-page-read-but-lists-no-openings
[ 86/249] L'Oreal                        2 jobs  via headings:https://www.loreal.com/en/careers/
[ 87/249] Lupin                         43 jobs  via successfactors:careers.lupin.com
[ 88/249] Landis+Gyr                    33 jobs  via successfactors:careers.landisgyr.com
[ 89/249] Landmark Group               !! careers-page-read-but-lists-no-openings
[ 90/249] LeanTaaS                       2 jobs  via lever:leantaas
[ 91/249] Lyzr AI                       36 jobs  via feed:https://careers.lyzr.ai   ** 1 MATCH **
[ 92/249] Lattice Semiconductor         95 jobs  via icims:latticesemi
[ 93/249] Labcorp                        4 jobs  via headings:https://careers.labcorp.com/global/en
[ 94/249] Lear Corporation               6 jobs  via headings:https://www.lear.com/careers
[ 95/249] Lam Research                   4 jobs  via headings:https://www.lamresearch.com/careers/careers-overview/?utm_source=vanity&utm_campaign=lam_careers_vanity&utm_medium=vanity&utm_content=careers_vanity
[ 96/249] Legrand                        2 jobs  via headings:https://www.legrand.com/careers
[ 97/249] LexisNexis Risk Solutions     40 jobs  via workday:relx   ** 1 MATCH **
[ 98/249] LG Electronics                93 jobs  via greenhouse:lgelectronics
[ 99/249] Lighthouse                    48 jobs  via greenhouse:lighthouse
[100/249] Lexmark                        1 jobs  via workday:lexmark
[101/249] Lightspeed Commerce          142 jobs  via ashby:lightspeedhq
[102/249] Levi Strauss & Co.            40 jobs  via workday:levistraussandco
[103/249] Lightstorm                   !! careers-page-read-but-lists-no-openings
[104/249] LinkedIn                      23 jobs  via lever:linkedin
[105/249] Lennox International         213 jobs  via icims:globalcareers-lennox
[106/249] Litera                        55 jobs  via workday:litera   ** 1 MATCH **
[107/249] Lenovo                       !! careers-page-read-but-lists-no-openings
[108/249] LoginRadius                    7 jobs  via headings:https://www.loginradius.com/careers
[109/249] Lloyd's List Intelligence      8 jobs  via feed:https://careers.lloydslistintelligence.com
[110/249] Linde                        !! careers-page-read-but-lists-no-openings
[111/249] LogicMonitor                  62 jobs  via greenhouse:logicmonitor   ** 1 MATCH **
[112/249] Lionbridge                   !! careers-page-read-but-lists-no-openings
[113/249] Lucidworks                   !! blocked-or-error-response
[114/249] LSEG                          40 jobs  via workday:lseg
[115/249] Lubrizol                     !! blocked-or-error-response
[116/249] LumenData                     10 jobs  via zohorecruit:lumendata.com
[117/249] Logitech                     !! blocked-or-error-response
[118/249] Lululemon                     20 jobs  via feed:https://careers.lululemon.com
[119/249] Lloyd's Register             !! careers-page-read-but-lists-no-openings
[120/249] Lyra Network                 !! careers-page-unreachable
[121/249] Level AI                      22 jobs  via lever:levelai   ** 1 MATCH **
[122/249] Lybrate                      !! timed-out
[123/249] Luxoft                       !! blocked-or-error-response
[124/249] Carelon (formerly Legato Hea !! blocked-or-error-response
[125/249] Legalo                       !! no-job-data-found
[126/249] LeadIQ India                   3 jobs  via headings:https://leadiq.com/careers
[127/249] Lumen Technologies           !! careers-page-read-but-lists-no-openings
[128/249] Liminal                       13 jobs  via keka:liminal
[129/249] Lowe's                       161 jobs  via phenom:_self
[130/249] Lakshya Digital                6 jobs  via headings:https://lakshyadigital.com/careers/
[131/249] Lucideus                      16 jobs  via lever:safe
[132/249] Laserwords                   !! careers-page-unreachable
[133/249] Langoor                        5 jobs  via headings:https://careers.langoor.com/
[134/249] LawRato                      !! careers-page-read-but-lists-no-openings
[135/249] Lucid Motors India           !! careers-page-read-but-lists-no-openings
[136/249] Leadsoc Technologies          11 jobs  via headings:https://www.leadsoc.com/careers/
[137/249] Learnbay                      10 jobs  via headings:https://www.learnbay.co/careers
[138/249] Learnyst                       2 jobs  via headings:https://www.learnyst.com/careers
[139/249] Lightning Job                !! careers-page-read-but-lists-no-openings
[140/249] LegalKart                    !! blocked-or-error-response
[141/249] Lapiz Digital Services         9 jobs  via feed:https://www.lapizdigital.com
[142/249] Lepton Software               13 jobs  via keka:leptonsoftware
[143/249] Leo9 Studio                  !! no-job-data-found
[144/249] LegalWiz.in                   20 jobs  via headings:https://www.legalwiz.in/career
[145/249] Lissun                       !! no-job-data-found
[146/249] Lifease Solutions            !! no-job-data-found
[147/249] LearningMate                 !! careers-page-read-but-lists-no-openings
[148/249] Loyalty Juggernaut           !! no-job-data-found
[149/249] Livares Technologies         !! no-job-data-found
[150/249] Lemnisk                        1 jobs  via wordpress:https://www.lemnisk.co
[151/249] LibSys                       !! careers-page-read-but-lists-no-openings
[152/249] Lutron Electronics            38 jobs  via sitemap:https://careers.lutron.com
[153/249] LiteBreeze                   !! careers-page-read-but-lists-no-openings
[154/249] Loco                         !! blocked-or-error-response
[155/249] Logicwind                    !! careers-page-read-but-lists-no-openings
[156/249] Lampros Tech                 !! no-job-data-found
[157/249] Labellerr                      6 jobs  via headings:https://www.labellerr.com/careers
[158/249] Litmus Branding                2 jobs  via headings:https://www.litmusbranding.com/careers/
[159/249] Lenvica                       10 jobs  via feed:https://lenvica.com
[160/249] Lucidity                     !! no-job-data-found
[161/249] Lincode Labs                 !! no-job-data-found
[162/249] Lyearn                       !! no-job-data-found
[163/249] Lumenci                        3 jobs  via jazzhr:lumenci
[164/249] LocalCircles                   6 jobs  via html:https://www.localcircles.com/a/index/core?career
[165/249] LivFin                       !! no-job-data-found
[166/249] LearnTube                    !! careers-page-read-but-lists-no-openings
[167/249] Logisy                       !! no-job-data-found
[168/249] Legistify                     22 jobs  via headings:https://legistify.com/careers
[169/249] Linarc                       !! timed-out
[170/249] Liquide                        0 jobs  via zohorecruit:liquide (0 open)
[171/249] LOBB                           5 jobs  via headings:https://careers.lobb.in/
[172/249] Leapswitch Networks          !! careers-page-read-but-lists-no-openings
[173/249] Leegality                     16 jobs  via zohorecruit:careers.leegality.com
[174/249] LifeCell                     !! no-job-data-found
[175/249] Leadzen.ai                   !! blocked-or-error-response
[176/249] LucidPlus Infotech           !! no-job-data-found
[177/249] Linways Technologies         !! careers-page-read-but-lists-no-openings
[178/249] Looppanel                    !! careers-page-read-but-lists-no-openings
[179/249] Logipulse                    !! blocked-or-error-response
[180/249] Lera Technologies              4 jobs  via keka:lera
[181/249] Lisbell Technologies         !! careers-page-read-but-lists-no-openings
[182/249] LXME                         !! no-job-data-found
[183/249] Luure.ai                     !! no-job-data-found
[184/249] Labglo Technologies            6 jobs  via feed:https://labglo.com
[185/249] Lektik                         2 jobs  via sitemap:https://www.lektik.com
[186/249] Let's Build                  !! no-job-data-found
[187/249] LabGex Innovations           !! careers-page-read-but-lists-no-openings
[188/249] Leader Group                   2 jobs  via feed:https://jobs.leadergroup.com
[189/249] Law Qube Technologies        !! no-job-data-found
[190/249] Lumenze Digital              !! no-job-data-found
[191/249] Lanware Solutions            !! careers-page-read-but-lists-no-openings
[192/249] Launched Global              !! careers-page-read-but-lists-no-openings
[193/249] Ladera Technology              6 jobs  via headings:https://laderatechnology.com/careers/
[194/249] Leapmile Robotics            !! careers-page-read-but-lists-no-openings
[195/249] Lazer Ken IT Services        !! no-job-data-found
[196/249] Life and Opportunity Solutio !! no-job-data-found
[197/249] Lakshya Software Technologie !! no-job-data-found
[198/249] Leeway Softech               !! careers-page-read-but-lists-no-openings
[199/249] Lentera Technologies           2 jobs  via feed:https://www.lentera.in
[200/249] LambdaZen                    !! careers-page-read-but-lists-no-openings
[201/249] Legasis                      !! careers-page-read-but-lists-no-openings
[202/249] Lifeline Systech Solutions   !! careers-page-unreachable
[203/249] Linear Code Technologies     !! no-job-data-found
[204/249] Linkfields Innovations       !! careers-page-read-but-lists-no-openings
[205/249] Lester Infoservices            3 jobs  via headings:https://www.lesterinc.com/careers-offerings/
[206/249] LightHouse Info Systems      !! no-job-data-found
[207/249] Lissomsoft                   !! careers-page-read-but-lists-no-openings
[208/249] Logic ERP Solutions          !! blocked-or-error-response
[209/249] LinkageIT                    !! no-job-data-found
[210/249] Logixal                       16 jobs  via headings:https://logixal.com/careers
[211/249] LN Webworks                   10 jobs  via feed:https://www.lnwebworks.com   ** 1 MATCH **
[212/249] Logix Shapers                !! blocked-or-error-response
[213/249] Lowcode Labs                 !! no-job-data-found
[214/249] Logic Systems & Solutions    !! no-job-data-found
[215/249] Lexington Soft                10 jobs  via html:https://www.lexingtonsoft.com/careers/
[216/249] Lytty                        !! careers-page-read-but-lists-no-openings
[217/249] Lean Transition Solutions    !! timed-out
[218/249] Lex Nimble Solutions         !! no-job-data-found
[219/249] Lilac Infotech                 3 jobs  via headings:https://lilacinfotech.com/careers
[220/249] Loginsoft                     14 jobs  via headings:https://www.loginsoft.com/careers
[221/249] Faveo Helpdesk (Ladybird Web !! timed-out
[222/249] The Sustainability Cloud (Lo !! blocked-or-error-response
[223/249] Lean IT Corp                   6 jobs  via headings:https://leanitcorp.com/job-profile/
[224/249] Logiology Solutions            9 jobs  via headings:https://logiology.com/career
[225/249] Lexlegis.ai                   13 jobs  via breezy:lexlegis
[226/249] LEO1                         !! no-job-data-found
[227/249] Learnpedia                   !! careers-page-read-but-lists-no-openings
[228/249] Livguard                     !! no-job-data-found
[229/249] Lakebrains Technologies      !! careers-page-unreachable
[230/249] Leadrat                        6 jobs  via html:https://leadrat.com/career/
[231/249] Lotus Wireless Technologies  !! careers-page-read-but-lists-no-openings
[232/249] Lenok Solutions              !! careers-page-read-but-lists-no-openings
[233/249] Loyal IT Solutions           !! careers-page-unreachable
[234/249] Letitbex AI                  !! careers-page-read-but-lists-no-openings
[235/249] Limenzy Technologies           5 jobs  via headings:https://limenzy.com/careers
[236/249] Lean Impeccable Technologies !! blocked-or-error-response
[237/249] Leap Club                    !! no-job-data-found
[238/249] LivePerson                    17 jobs  via greenhouse:liveperson   ** 1 MATCH **
[239/249] LogicGo Infotech               2 jobs  via feed:https://logicgoinfotech.com
[240/249] LogicMatter                  !! no-job-data-found
[241/249] Littelfuse                    40 jobs  via workday:littelfuse
[242/249] LS Digital                   !! careers-page-read-but-lists-no-openings
[243/249] Linxas                       !! careers-page-read-but-lists-no-openings
[244/249] LotusFlare                    57 jobs  via feed:https://careers.lotusflare.com   ** 1 MATCH **
[245/249] L.G. Balakrishnan & Bros     !! careers-page-read-but-lists-no-openings
[246/249] LuLu Financial Holdings      !! no-job-data-found
[247/249] LoudCloud Systems            !! no-job-data-found
[248/249] Lightbeam Health Solutions   !! careers-page-read-but-lists-no-openings
[249/249] Lantronix                    !! careers-page-read-but-lists-no-openings

  boards read with jobs : 110
  boards read, 0 open   : 4
  could not read        : 135
  companies w/ matches  : 14

Wrote careers.txt + results.json
