Checking 252 companies (concurrency 8)

[  1/252] Navi                           7 jobs  via ashby:navi
[  2/252] Ninjacart                     18 jobs  via freshteam:ninjacart
[  3/252] Nuclei                        13 jobs  via keka:nuclei
[  4/252] Nazara Technologies          !! careers-page-read-but-lists-no-openings
[  5/252] NoBroker                     !! careers-page-read-but-lists-no-openings
[  6/252] NimbleEdge                   !! careers-page-read-but-lists-no-openings
[  7/252] NxtGen Datacenter & Cloud Te !! careers-page-read-but-lists-no-openings
[  8/252] Netcore Cloud                !! careers-page-read-but-lists-no-openings
[  9/252] Nykaa                        !! careers-page-read-but-lists-no-openings
[ 10/252] Noise                        !! timed-out
[ 11/252] Nuvepro Technologies           1 jobs  via feed:https://nuvepro.com
[ 12/252] Neysa                        !! timed-out
[ 13/252] Nawgati                      !! careers-page-read-but-lists-no-openings
[ 14/252] NPCI                           0 jobs  via zohorecruit:npci (0 open)
[ 15/252] Novel Patterns               !! careers-page-read-but-lists-no-openings
[ 16/252] NeoDove                      !! timed-out
[ 17/252] Neeman's                       8 jobs  via headings:https://neemans.com/pages/careers
[ 18/252] Nexverse.ai                    5 jobs  via headings:https://nexverse.ai/careers
[ 19/252] Niyo                           9 jobs  via keka:niyo
[ 20/252] nurture.farm                 !! careers-page-read-but-lists-no-openings
[ 21/252] NSDL                          15 jobs  via headings:https://nsdl.com/careers
[ 22/252] NeoGrowth Credit             !! blocked-or-error-response
[ 23/252] NPST                         !! careers-page-read-but-lists-no-openings
[ 24/252] National Stock Exchange of I !! careers-page-read-but-lists-no-openings
[ 25/252] Narayana Health               33 jobs  via successfactors:jobs.narayanahealth.org
[ 26/252] NIRA                         !! careers-page-read-but-lists-no-openings
[ 27/252] NTT DATA Payment Services      2 jobs  via headings:https://in.nttdatapay.com/en/company/careers
[ 28/252] NimbusPost                   !! careers-page-read-but-lists-no-openings
[ 29/252] NephroPlus                   !! careers-page-read-but-lists-no-openings
[ 30/252] Nova Benefits                  0 jobs  via zohorecruit:novabenefits (0 open)
[ 31/252] Niva Bupa Health Insurance   !! careers-page-read-but-lists-no-openings
[ 32/252] Newton School                !! careers-page-read-but-lists-no-openings
[ 33/252] NxtWave CCBP                   9 jobs  via headings:https://www.ccbp.in/careers
[ 34/252] Next Education               !! careers-page-read-but-lists-no-openings
[ 35/252] Navneet Education            !! careers-page-read-but-lists-no-openings
[ 36/252] Nitor Infotech                10 jobs  via headings:https://www.nitorinfotech.com/careers/
[ 37/252] Newgen Software              !! careers-page-unreachable
[ 38/252] NIIT                          25 jobs  via successfactors:jobs.niit.com
[ 39/252] Nelito Systems                20 jobs  via headings:https://www.nelito.com/careers.html   ** 3 MATCH **
[ 40/252] Novac Technology Solutions   !! careers-page-read-but-lists-no-openings
[ 41/252] Nineleaps                     10 jobs  via feed:https://www.nineleaps.com   ** 1 MATCH **
[ 42/252] Nihilent                     !! careers-page-read-but-lists-no-openings
[ 43/252] Niveus Solutions               5 jobs  via feed:https://niveussolutions.com
[ 44/252] Nuvama Wealth Management     !! timed-out
[ 45/252] NuSummit                       5 jobs  via headings:https://www.nusummit.com/current-openings/
[ 46/252] Nintec Systems               !! careers-page-read-but-lists-no-openings
[ 47/252] Neurealm                       8 jobs  via headings:https://www.neurealm.com/about-us/openings/
[ 48/252] NextWealth Entrepreneurs     !! careers-page-read-but-lists-no-openings
[ 49/252] Nucleus Software Exports       0 jobs  via zohorecruit:nucleussoftware (0 open)
[ 50/252] NeoSOFT                      !! timed-out
[ 51/252] NexTurn                       56 jobs  via headings:https://nexturn.com/careers/
[ 52/252] Novigo Solutions             !! careers-page-read-but-lists-no-openings
[ 53/252] Netsmartz                    !! careers-page-read-but-lists-no-openings
[ 54/252] Neuronimbus                  !! careers-page-read-but-lists-no-openings
[ 55/252] Net Solutions                 12 jobs  via headings:https://www.netsolutions.com/careers/
[ 56/252] Nexdigm                      !! timed-out
[ 57/252] Nectarbits                     2 jobs  via headings:https://nectarbits.com/career.shtml
[ 58/252] The NineHertz                !! careers-page-read-but-lists-no-openings
[ 59/252] NCrypted Technologies          7 jobs  via headings:https://www.ncrypted.com/careers
[ 60/252] Nexthoughts Software         !! careers-page-read-but-lists-no-openings
[ 61/252] Nimble AppGenie                4 jobs  via headings:https://www.nimbleappgenie.com/career   ** 1 MATCH **
[ 62/252] Nvish Solutions                5 jobs  via feed:https://www.nvish.com
[ 63/252] NetSet Software               27 jobs  via headings:https://www.netsetsoftware.com/career.php
[ 64/252] Nexevo Technologies           11 jobs  via headings:https://www.nexevo.in/careers
[ 65/252] Nickelfox Technologies        15 jobs  via zohorecruit:nickelfox
[ 66/252] NWay Technologies             10 jobs  via headings:https://www.nwayerp.com/careers/
[ 67/252] Netradyne                     30 jobs  via greenhouse:netradyne
[ 68/252] Nimap Infotech                 8 jobs  via headings:https://nimapinfotech.com/careers/
[ 69/252] NEC Software Solutions India !! timed-out
[ 70/252] Nuvento                      !! careers-page-read-but-lists-no-openings
[ 71/252] Newt Global                    8 jobs  via feed:https://newtglobal.com
[ 72/252] Netenrich                     12 jobs  via headings:https://netenrich.com/careers
[ 73/252] nference                       6 jobs  via keka:nference
[ 74/252] Nium                          38 jobs  via lever:nium   ** 1 MATCH **
[ 75/252] Nisum                          4 jobs  via headings:https://www.nisum.com/careers
[ 76/252] NimbleWork                   !! blocked-or-error-response
[ 77/252] Narola Infotech              !! timed-out
[ 78/252] Nirmata                        4 jobs  via greenhouse:nirmata
[ 79/252] Nagarro                      !! careers-page-read-but-lists-no-openings
[ 80/252] Nektar.ai                    !! no-job-data-found
[ 81/252] Nallas Corporation             7 jobs  via wordpress:https://nallas.com   ** 1 MATCH **
[ 82/252] Novatech Software            !! timed-out
[ 83/252] New Relic                     59 jobs  via greenhouse:newrelic
[ 84/252] NVIDIA                         3 jobs  via headings:https://www.nvidia.com/en-us/about-nvidia/careers/
[ 85/252] Netskope                     141 jobs  via greenhouse:netskope
[ 86/252] NXP Semiconductors            40 jobs  via workday:nxp
[ 87/252] NextBillion.ai               !! careers-page-read-but-lists-no-openings
[ 88/252] NTT DATA                      40 jobs  via workday:nttglobaldatacenters
[ 89/252] Nexright                       3 jobs  via headings:https://nexright.com/careers-at-nexright/
[ 90/252] Nokia                        !! careers-page-read-but-lists-no-openings
[ 91/252] Nutanix                        4 jobs  via headings:https://www.nutanix.com/career
[ 92/252] NCR Voyix                     40 jobs  via workday:ncr
[ 93/252] NICE                         294 jobs  via greenhouse:nice   ** 2 MATCH **
[ 94/252] NetApp                       !! careers-page-read-but-lists-no-openings
[ 95/252] NCR Atleos                    30 jobs  via workday:ncratleos
[ 96/252] Nielsen                      131 jobs  via smartrecruiters:TheNielsenCompany
[ 97/252] Nextiva                       17 jobs  via greenhouse:nextiva
[ 98/252] Netcracker Technology          6 jobs  via headings:https://www.netcracker.com/careers
[ 99/252] Newfold Digital              !! blocked-or-error-response
[100/252] Nasuni                        31 jobs  via greenhouse:nasuni
[101/252] Numerator                      2 jobs  via headings:https://www.numerator.com/careers/
[102/252] NextGen Healthcare            40 jobs  via workday:nextgen
[103/252] NETGEAR                       42 jobs  via ashby:netgear
[104/252] Neo4j                         38 jobs  via greenhouse:neo4j   ** 1 MATCH **
[105/252] Nexthink                     !! careers-page-read-but-lists-no-openings
[106/252] NielsenIQ                    124 jobs  via wordpress:https://nielseniq.com   ** 1 MATCH **
[107/252] Nasdaq                        40 jobs  via workday:nasdaq
[108/252] Northern Trust                40 jobs  via workday:ntrs
[109/252] Nomura                        57 jobs  via successfactors:careers.nomura.com
[110/252] Novo Nordisk                  50 jobs  via successfactors:careers.novonordisk.com
[111/252] NetSPI                       !! careers-page-read-but-lists-no-openings
[112/252] Nissan Motor India           !! careers-page-read-but-lists-no-openings
[113/252] NatWest Group                !! blocked-or-error-response
[114/252] National Australia Bank      !! careers-page-read-but-lists-no-openings
[115/252] Novanta                       40 jobs  via workday:novanta
[116/252] Narvar India                  13 jobs  via greenhouse:narvar
[117/252] NOV                          !! careers-page-read-but-lists-no-openings
[118/252] Notion India                 127 jobs  via ashby:notion
[119/252] Navan                        !! careers-page-read-but-lists-no-openings
[120/252] Nuvei India                   14 jobs  via headings:https://www.nuvei.com/careers
[121/252] Netomi                        29 jobs  via lever:netomi   ** 2 MATCH **
[122/252] Nike                         310 jobs  via workday:nike
[123/252] Neeyamo                        8 jobs  via headings:https://www.neeyamo.com/careers
[124/252] NetConnect Global            !! no-job-data-found
[125/252] Nucsoft                      !! no-job-data-found
[126/252] Netstratum Technologies      !! careers-page-read-but-lists-no-openings
[127/252] Neilsoft                     115 jobs  via html:https://neilsoft.com/careers
[128/252] NeST Digital                   5 jobs  via headings:https://nestdigital.com/career/
[129/252] Neetable Technologies        !! careers-page-read-but-lists-no-openings
[130/252] Nuance India                 !! no-job-data-found
[131/252] Nexteer Automotive            36 jobs  via successfactors:jobs.nexteer.com
[132/252] Nettyfy Technologies         !! careers-page-unreachable
[133/252] NetTantra Technologies         5 jobs  via feed:https://www.nettantra.com
[134/252] Netweb Technologies           16 jobs  via headings:https://www.netwebindia.com/career.php
[135/252] Nimblechapps                 !! careers-page-read-but-lists-no-openings
[136/252] Nexuslink Services             4 jobs  via feed:https://nexuslinkservices.com
[137/252] Nextbrain Technologies         3 jobs  via headings:https://www.nextbraintech.com/careers
[138/252] Nextwebi IT Solutions          3 jobs  via headings:https://careers.nextwebi.com/
[139/252] Novartis                     !! careers-page-read-but-lists-no-openings
[140/252] NexionPro Services           !! no-job-data-found
[141/252] Nyusoft Solutions              7 jobs  via keka:nyusoft
[142/252] Nexge Technologies           !! no-job-data-found
[143/252] Novatium Solutions           !! careers-page-read-but-lists-no-openings
[144/252] Netlink                        7 jobs  via wordpress:https://netlink.com
[145/252] Nvizion Solutions            !! careers-page-read-but-lists-no-openings
[146/252] Nexionpro Systems            !! no-job-data-found
[147/252] NetXcell                       2 jobs  via headings:https://netxcell.com/careers.php
[148/252] NEX Softsys                    2 jobs  via headings:https://www.nexsoftsys.com/careers
[149/252] Nippon Data Systems          !! no-job-data-found
[150/252] Nadcab Labs                    5 jobs  via headings:https://www.nadcab.com/career
[151/252] Nexus SoftTech               !! no-job-data-found
[152/252] Norwin Technologies          !! no-job-data-found
[153/252] Netscape Labs                !! no-job-data-found
[154/252] Netgains                       5 jobs  via headings:https://www.netgains.org/careers/
[155/252] Neuvays                      !! careers-page-read-but-lists-no-openings
[156/252] Nirvana Solutions              6 jobs  via headings:https://www.nirvanasolutions.com/career
[157/252] Netscribes                     7 jobs  via feed:https://careers.netscribes.com
[158/252] NonStop io Technologies        8 jobs  via keka:nonstopio   ** 1 MATCH **
[159/252] Nextuple                       1 jobs  via json-ld:https://www.nextuple.com/about/careers
[160/252] Nintriva                     !! no-job-data-found
[161/252] Nomiso                         9 jobs  via feed:https://nomiso.io
[162/252] NextGen Invent                 7 jobs  via html:https://www.careers-page.com/nextgen-invent-corp
[163/252] NetAnalytiks Technologies    !! careers-page-read-but-lists-no-openings
[164/252] Nascent Info Technologies    !! careers-page-read-but-lists-no-openings
[165/252] Nyx Wolves                     2 jobs  via feed:https://nyxwolves.com
[166/252] Niyati Technologies            7 jobs  via headings:https://www.niyati.com/careers.htm
[167/252] Nirmalya Labs                !! careers-page-read-but-lists-no-openings
[168/252] NetBramha Studios              8 jobs  via html:https://www.netbramha.com/careers
[169/252] NeoITO                       !! blocked-or-error-response
[170/252] Nova Techset                   6 jobs  via feed:https://novatechset.com
[171/252] Ninestars Global             !! no-job-data-found
[172/252] Nyros Technologies           !! careers-page-read-but-lists-no-openings
[173/252] Netmaxims Technologies         7 jobs  via headings:https://netmaxims.com/career
[174/252] Novumlogic Technologies      !! no-job-data-found
[175/252] nCircle Tech                   0 jobs  via zohorecruit:ncircletech (0 open)
[176/252] Nexus Softwares                2 jobs  via headings:https://nexussoftwares.com/careers/
[177/252] Nexus Info                   !! no-job-data-found
[178/252] Netclues                     !! careers-page-read-but-lists-no-openings
[179/252] Neebal Technologies          !! blocked-or-error-response
[180/252] Numentica                      0 jobs  via zohorecruit:numentica.zohorecruit.com (0 open)
[181/252] Nanonets                      17 jobs  via greenhouse:nanonets
[182/252] Nivetti Systems              !! careers-page-unreachable
[183/252] Nudge                         27 jobs  via ashby:nudge
[184/252] NeuroPixel.AI                !! careers-page-read-but-lists-no-openings
[185/252] NetElixir                    !! careers-page-read-but-lists-no-openings
[186/252] Nexlogica                      5 jobs  via feed:https://www.nexlogica.com
[187/252] Nurdsoft                     !! careers-page-read-but-lists-no-openings
[188/252] Nukkad Shops                 !! no-job-data-found
[189/252] Nexus Media Solution         !! no-job-data-found
[190/252] Nutrabay                       6 jobs  via headings:https://nutrabay.com/careers
[191/252] Naaptol                        2 jobs  via headings:https://www.naaptol.com/aboutus/career.html
[192/252] Niramai Health Analytix        8 jobs  via wordpress:https://niramai.com   ** 1 MATCH **
[193/252] Nestasia                     !! blocked-or-error-response
[194/252] Namma Yatri                  !! no-job-data-found
[195/252] NowFloats Technologies       !! careers-page-unreachable
[196/252] Numadic                      !! careers-page-unreachable
[197/252] Nihon Communication Solution !! no-job-data-found
[198/252] NeoDocs                      !! no-job-data-found
[199/252] NestAway Technologies        !! careers-page-read-but-lists-no-openings
[200/252] Numen Health                 !! careers-page-unreachable
[201/252] Nector                       !! no-job-data-found
[202/252] Nitro Commerce                 3 jobs  via headings:https://nitrocommerce.ai/careers
[203/252] Nemocare                     !! careers-page-read-but-lists-no-openings
[204/252] NAYAN                        !! careers-page-read-but-lists-no-openings
[205/252] NVECTA                         2 jobs  via headings:https://www.nvecta.com/company/careers
[206/252] Novatr                       !! careers-page-read-but-lists-no-openings
[207/252] Netmeds                      !! no-job-data-found
[208/252] Nuvoretail                     0 jobs  via zohorecruit:nuvoretail (0 open)
[209/252] NetCarrots Loyalty Services    5 jobs  via headings:https://www.netcarrots.com/Career.aspx
[210/252] Neokred                      !! no-job-data-found
[211/252] Netrasemi                    !! careers-page-read-but-lists-no-openings
[212/252] Nexverse Digital Studios     !! careers-page-read-but-lists-no-openings
[213/252] NextWave Multimedia          !! no-job-data-found
[214/252] Nspira Management Services   !! no-job-data-found
[215/252] Novus Loyalty                  4 jobs  via headings:https://www.novus-loyalty.com/career
[216/252] Nivesh                       !! careers-page-read-but-lists-no-openings
[217/252] Niro                         !! careers-page-unreachable
[218/252] NODWIN Gaming                  2 jobs  via wordpress:https://nodwingaming.com
[219/252] Nexus Power                    0 jobs  via zohorecruit:nexuspower (0 open)
[220/252] Nautilus Mobile                5 jobs  via headings:https://www.nautilusmobile.com/career-1
[221/252] Northern Arc Capital         !! careers-page-read-but-lists-no-openings
[222/252] NJ India Invest              !! careers-page-unreachable
[223/252] Novopay Solutions            !! careers-page-read-but-lists-no-openings
[224/252] Nirmal Bang                  !! no-job-data-found
[225/252] Nuvoco Vistas                 43 jobs  via successfactors:careers.nuvoco.com
[226/252] Nippon India Mutual Fund     !! careers-page-read-but-lists-no-openings
[227/252] NELCO                        !! careers-page-read-but-lists-no-openings
[228/252] Navata Road Transport          4 jobs  via next-data:https://navata.com/current-openings
[229/252] Network18 Media & Investment !! careers-page-read-but-lists-no-openings
[230/252] NDTV                           4 jobs  via feed:https://www.ndtv.com
[231/252] Nexval                       !! timed-out
[232/252] Nexperia                      40 jobs  via workday:nexperia
[233/252] Nxtra by Airtel              !! no-job-data-found
[234/252] Nomura Research Institute    !! no-job-data-found
[235/252] NTT                          !! careers-page-read-but-lists-no-openings
[236/252] Nearbuy                      !! timed-out
[237/252] Nuvolo                        56 jobs  via feed:https://www.nuvolo.com
[238/252] Nylas                          8 jobs  via ashby:nylas
[239/252] Novelis                      130 jobs  via icims:jobs-novelis
[240/252] NEC India                    !! no-job-data-found
[241/252] Nexla                          2 jobs  via greenhouse:nexla
[242/252] NAGRA Kudelski               !! careers-page-read-but-lists-no-openings
[243/252] New India Assurance            2 jobs  via headings:https://www.newindia.co.in//careers
[244/252] NationsBenefits              !! blocked-or-error-response
[245/252] NCS Group                    !! careers-page-read-but-lists-no-openings
[246/252] Nextracker                   !! blocked-or-error-response
[247/252] Lumifi (formerly Netsurion)  !! blocked-or-error-response
[248/252] Nestle India                 !! blocked-or-error-response
[249/252] National Instruments         !! careers-page-read-but-lists-no-openings
[250/252] News Corp                     99 jobs  via wordpress:https://newscorp.com
[251/252] NTT DATA Business Solutions   72 jobs  via successfactors:careers.nttdata-solutions.com
[252/252] NiCE Actimize                !! blocked-or-error-response

  boards read with jobs : 116
  boards read, 0 open   : 7
  could not read        : 129
  companies w/ matches  : 11

Wrote careers.txt + results.json
