Checking 253 companies (concurrency 8)

[  1/253] PhonePe                       75 jobs  via greenhouse:phonepe   ** 1 MATCH **
[  2/253] PayGlocal                     11 jobs  via headings:https://payglocal.in/careers
[  3/253] Perfios                       10 jobs  via feed:https://perfios.ai
[  4/253] Pocketful                      2 jobs  via next-data:https://www.pocketful.in/
[  5/253] PayNearby                      1 jobs  via wordpress:https://paynearby.in
[  6/253] Pine Labs                    !! careers-page-read-but-lists-no-openings
[  7/253] Policybazaar                   5 jobs  via headings:https://www.policybazaar.com/careers/
[  8/253] Progcap                      !! careers-page-read-but-lists-no-openings
[  9/253] Propelld                     !! careers-page-read-but-lists-no-openings
[ 10/253] Piramal Finance              !! careers-page-read-but-lists-no-openings
[ 11/253] PayU                         !! careers-page-read-but-lists-no-openings
[ 12/253] Paisabazaar                  !! careers-page-read-but-lists-no-openings
[ 13/253] Prodigal                       9 jobs  via greenhouse:prodigal
[ 14/253] PNB MetLife                    3 jobs  via headings:https://www.pnbmetlife.com/careers.html
[ 15/253] Paytm                          3 jobs  via headings:https://paytm.com/careers
[ 16/253] Poonawalla Fincorp            10 jobs  via headings:https://poonawallafincorp.com/career
[ 17/253] Pharmarack                     3 jobs  via headings:https://pharmarack.com/careers
[ 18/253] PharmEasy                    !! careers-page-read-but-lists-no-openings
[ 19/253] PlanetSpark                   11 jobs  via headings:https://www.planetspark.in/careers
[ 20/253] Portea Medical               !! careers-page-read-but-lists-no-openings
[ 21/253] PhysicsWallah                !! careers-page-read-but-lists-no-openings
[ 22/253] Pratilipi                    !! careers-page-read-but-lists-no-openings
[ 23/253] Pramerica Life Insurance      18 jobs  via headings:https://pramericalife.in/career
[ 24/253] PNB Housing Finance          !! careers-page-read-but-lists-no-openings
[ 25/253] Porter                        25 jobs  via lever:porter
[ 26/253] Purplle                        3 jobs  via headings:https://www.purplle.com/careers
[ 27/253] Practo                       !! careers-page-read-but-lists-no-openings
[ 28/253] Pilgrim                        4 jobs  via ashby:pilgrim
[ 29/253] Petpooja                     !! careers-page-read-but-lists-no-openings
[ 30/253] Pickyourtrail                  0 jobs  via zohorecruit:careers.pickyourtrail.com (0 open)
[ 31/253] Pepperfry                      9 jobs  via headings:https://www.pepperfry.com/pages/careers.html
[ 32/253] PropertyPistol                25 jobs  via headings:https://www.propertypistol.com/careers
[ 33/253] Peoplebox                      6 jobs  via keka:peoplebox
[ 34/253] Pixis                        !! careers-page-read-but-lists-no-openings
[ 35/253] PropTiger                      4 jobs  via headings:https://www.proptiger.com/careers
[ 36/253] Purple Style Labs            !! careers-page-read-but-lists-no-openings
[ 37/253] Pee Safe                     !! careers-page-read-but-lists-no-openings
[ 38/253] Park+                        !! careers-page-read-but-lists-no-openings
[ 39/253] Provakil                     !! careers-page-read-but-lists-no-openings
[ 40/253] Plum                           5 jobs  via headings:https://www.plumhq.com/careers
[ 41/253] Pixxel                       !! careers-page-read-but-lists-no-openings
[ 42/253] Pepper Content               !! careers-page-read-but-lists-no-openings
[ 43/253] Progressive Infotech         !! careers-page-read-but-lists-no-openings
[ 44/253] Persistent Systems           !! careers-page-read-but-lists-no-openings
[ 45/253] Photon Interactive           !! careers-page-read-but-lists-no-openings
[ 46/253] Payoda Technologies            8 jobs  via headings:https://www.payoda.com/careers
[ 47/253] Pinnacle Infotech              6 jobs  via headings:https://pinnacleinfotech.com/careers-listing/
[ 48/253] Pace Wisdom Solutions          3 jobs  via headings:https://pacewisdom.com/careers
[ 49/253] Prodapt                      !! careers-page-read-but-lists-no-openings
[ 50/253] Pattem Digital                 7 jobs  via next-data:https://www.pattemdigital.com/careers
[ 51/253] Pinnacle Teleservices          2 jobs  via wordpress:https://www.pinnacle.in
[ 52/253] PurpleTalk                     5 jobs  via headings:https://purpletalk.com/careers/
[ 53/253] Protonshub Technologies        5 jobs  via headings:https://www.protonshub.com/careers
[ 54/253] PixelCrayons                  28 jobs  via keka:vinove
[ 55/253] Perennial Systems              9 jobs  via feed:https://perennialsys.com
[ 56/253] Positiwise Software          !! blocked-or-error-response
[ 57/253] Pyramidion Solutions           8 jobs  via headings:https://www.pyramidions.com/careers/
[ 58/253] Pranathi Software Services   !! careers-page-unreachable
[ 59/253] Pratiti Technologies          12 jobs  via feed:https://pratititech.com
[ 60/253] Pearl Organisation            13 jobs  via headings:https://www.pearlorganisation.com/careers
[ 61/253] Provab Technosoft             17 jobs  via headings:https://www.provab.com/jobs/
[ 62/253] Peerbits                     !! careers-page-read-but-lists-no-openings
[ 63/253] Prixgen Tech Solutions         3 jobs  via next-data:https://www.prixgen.com/careers
[ 64/253] Pratham Software             !! careers-page-read-but-lists-no-openings
[ 65/253] Panacea Infotech              10 jobs  via feed:https://www.panaceatek.com
[ 66/253] Pixel Values Technolabs       10 jobs  via feed:https://pixelvalues.com
[ 67/253] Prescient Technologies        10 jobs  via feed:https://www.pre-scient.com
[ 68/253] Prowess Software Services      4 jobs  via wordpress:https://www.prowesssoft.com
[ 69/253] Postman                      106 jobs  via greenhouse:postman
[ 70/253] Perceptive Analytics           0 jobs  via zohorecruit:perceptive-analytics (0 open)
[ 71/253] Payoneer                     126 jobs  via greenhouse:payoneer
[ 72/253] PayPal                       !! blocked-or-error-response
[ 73/253] Pidilite Industries          !! careers-page-read-but-lists-no-openings
[ 74/253] Paychex                        2 jobs  via headings:https://www.paychex.com/career
[ 75/253] PwC India                      3 jobs  via headings:https://www.pwc.in/careers.html
[ 76/253] Praj Industries              !! careers-page-read-but-lists-no-openings
[ 77/253] PTC                           40 jobs  via workday:ptc   ** 1 MATCH **
[ 78/253] Paylocity                    !! careers-page-read-but-lists-no-openings
[ 79/253] Pegasystems                    2 jobs  via headings:https://www.pega.com/about/careers
[ 80/253] Paysafe                      !! careers-page-read-but-lists-no-openings
[ 81/253] Perforce Software             11 jobs  via lever:perforce
[ 82/253] Palo Alto Networks           400 jobs  via workday:paloaltonetworks
[ 83/253] PubMatic                      74 jobs  via greenhouse:pubmatic
[ 84/253] Ping Identity                 57 jobs  via greenhouse:pingidentity
[ 85/253] Prophecy                      10 jobs  via greenhouse:prophecysimpledatalabs
[ 86/253] Phenom                        10 jobs  via phenom:_self
[ 87/253] PitchBook                    !! blocked-or-error-response
[ 88/253] Percona                        9 jobs  via ashby:percona
[ 89/253] Planful                      !! careers-page-read-but-lists-no-openings
[ 90/253] Progress Software            !! careers-page-read-but-lists-no-openings
[ 91/253] Polygon Labs                   3 jobs  via headings:https://polygon.technology/careers
[ 92/253] Perficient                   !! careers-page-read-but-lists-no-openings
[ 93/253] Pramata                      !! blocked-or-error-response
[ 94/253] Procore Technologies          43 jobs  via feed:https://careers.procore.com
[ 95/253] Pluralsight                   21 jobs  via workday:pluralsight
[ 96/253] PowerSchool                  !! careers-page-read-but-lists-no-openings
[ 97/253] Pointel                       10 jobs  via feed:https://www.pointel.com
[ 98/253] Prospecta Software             4 jobs  via html:https://www.prospecta.com/careers
[ 99/253] Peak                          55 jobs  via greenhouse:peak
[100/253] Prolifics                      0 jobs  via zohorecruit:prolifics (0 open)
[101/253] Prometric                    !! blocked-or-error-response
[102/253] Programmers.io               !! no-job-data-found
[103/253] ProArch                        5 jobs  via headings:https://www.proarch.com/career
[104/253] Protiviti                    !! careers-page-read-but-lists-no-openings
[105/253] Publicis Sapient             600 jobs  via icims:referral-publicisgroupe
[106/253] Pitney Bowes                  40 jobs  via workday:pitneybowes
[107/253] Principal Financial Group      2 jobs  via icims:careersthailandpam-principal
[108/253] Presidio                     !! careers-page-read-but-lists-no-openings
[109/253] Precisely                    !! timed-out
[110/253] Parexel                        4 jobs  via headings:https://jobs.parexel.com/en
[111/253] PragmaEdge                    43 jobs  via wordpress:https://careers.pragmaedge.com
[112/253] Pentair                       80 jobs  via phenom:_self
[113/253] PROLIM                       !! timed-out
[114/253] PepsiCo                      257 jobs  via icims:uscareers-pepsico
[115/253] Pratt & Whitney              400 jobs  via workday:globalhr
[116/253] Pearson                        2 jobs  via headings:https://plc.pearson.com/careers/
[117/253] Pfizer                       !! careers-page-read-but-lists-no-openings
[118/253] Procter & Gamble             147 jobs  via phenom:_self
[119/253] Plivo                        752 jobs  via feed:https://www.plivo.com
[120/253] Piramal                       40 jobs  via workday:piramalpharma
[121/253] Proximity Works                8 jobs  via headings:https://proximity.tech/careers
[122/253] Parker Hannifin              !! careers-page-read-but-lists-no-openings
[123/253] Panasonic                    !! careers-page-read-but-lists-no-openings
[124/253] PayMate                      !! careers-page-read-but-lists-no-openings
[125/253] Paytring                     !! careers-page-read-but-lists-no-openings
[126/253] Payswiff                     !! no-job-data-found
[127/253] Prismforce                     2 jobs  via headings:https://prismforce.com/products/careerprism
[128/253] Philips                      !! careers-page-read-but-lists-no-openings
[129/253] Pennant Technologies           2 jobs  via keka:pennanttech
[130/253] Paytm Money                    2 jobs  via headings:https://www.paytmmoney.com/careers
[131/253] Pepul                        !! blocked-or-error-response
[132/253] Paperflite                   !! no-job-data-found
[133/253] Pando                          0 jobs  via zohorecruit:careers.pando.ai (0 open)
[134/253] Pazcare                        0 jobs  via zohorecruit:pazcare (0 open)
[135/253] Pibit.ai                       2 jobs  via headings:https://pibit.ai/career
[136/253] Pidge                        !! no-job-data-found
[137/253] Phi Commerce                  10 jobs  via headings:https://phicommerce.com/careers-and-culture/
[138/253] Providence India             !! careers-page-read-but-lists-no-openings
[139/253] PixelBin                     !! careers-page-read-but-lists-no-openings
[140/253] Pickrr                       !! careers-page-read-but-lists-no-openings
[141/253] PeopleStrong                 !! careers-page-read-but-lists-no-openings
[142/253] Publicis Groupe India         37 jobs  via sitemap:https://careers.publicisgroupe.com
[143/253] Pixelvide                    !! careers-page-read-but-lists-no-openings
[144/253] Power2SME                    !! blocked-or-error-response
[145/253] Plutos ONE                     5 jobs  via headings:https://www.plutos.one/careers
[146/253] Pocket Aces                  !! no-job-data-found
[147/253] Pokkt                        !! careers-page-read-but-lists-no-openings
[148/253] Plotch.ai                    !! no-job-data-found
[149/253] Plum Goodness                !! careers-page-read-but-lists-no-openings
[150/253] Phyllo                       !! no-job-data-found
[151/253] Praan                          9 jobs  via sitemap:https://praan.io
[152/253] Pocket FM                    !! no-job-data-found
[153/253] Prefr                        !! careers-page-read-but-lists-no-openings
[154/253] Pay10                          5 jobs  via feed:https://pay10.com
[155/253] Probo                        !! no-job-data-found
[156/253] ProcMart                     !! no-job-data-found
[157/253] PrepInsta                    !! careers-page-read-but-lists-no-openings
[158/253] Pristyn Care                 !! careers-page-read-but-lists-no-openings
[159/253] Propacity                    !! careers-page-read-but-lists-no-openings
[160/253] PrepLadder                   !! careers-page-read-but-lists-no-openings
[161/253] Procol                         6 jobs  via wordpress:https://www.procol.ai
[162/253] Powerplay                    !! careers-page-read-but-lists-no-openings
[163/253] Protean eGov Technologies    !! no-job-data-found
[164/253] Prozo                        !! no-job-data-found
[165/253] Proctur                      !! no-job-data-found
[166/253] Protectt.ai                  !! careers-page-read-but-lists-no-openings
[167/253] Proxgy                       !! careers-page-read-but-lists-no-openings
[168/253] Prosperr.io                  !! no-job-data-found
[169/253] Protium                      !! no-job-data-found
[170/253] PlaySimple Games              32 jobs  via zohorecruit:careers.playsimple.in
[171/253] ProMobi Technologies           6 jobs  via headings:https://promobitech.com/careers
[172/253] PushOwl                      !! no-job-data-found
[173/253] PyjamaHR                     !! careers-page-read-but-lists-no-openings
[174/253] Plobal Apps                  !! no-job-data-found
[175/253] PokerBaazi                   !! no-job-data-found
[176/253] Pulse Energy                 !! careers-page-read-but-lists-no-openings
[177/253] PierSight Space                0 jobs  via zohorecruit:piersight (0 open)
[178/253] Prime Focus                  !! no-job-data-found
[179/253] Prasad Corporation            15 jobs  via headings:https://prasadcorp.com/careers/
[180/253] Peppermint Robotics          !! careers-page-unreachable
[181/253] PhantomFX                      0 jobs  via zohorecruit:phantom-fx (0 open)
[182/253] Perceptyne                     9 jobs  via keka:perceptyne
[183/253] Pelatro                       10 jobs  via feed:https://pelatro.com
[184/253] Pi Datacenters               !! careers-page-read-but-lists-no-openings
[185/253] Prodigy Technovations         10 jobs  via feed:https://www.prodigytechno.com
[186/253] ProfitBooks                  !! no-job-data-found
[187/253] Paragyte Technologies        !! careers-page-read-but-lists-no-openings
[188/253] ProConnect Supply Chain Solu !! careers-page-read-but-lists-no-openings
[189/253] Planys Technologies          !! careers-page-read-but-lists-no-openings
[190/253] Path Infotech                  7 jobs  via headings:https://www.pathinfotech.com/career
[191/253] Panamax Inc                  !! no-job-data-found
[192/253] Percipere                      2 jobs  via headings:https://percipere.co/careers/
[193/253] Plintron                     !! careers-page-read-but-lists-no-openings
[194/253] Perpetuuiti Technosoft       !! no-job-data-found
[195/253] Pixbit Solutions               2 jobs  via headings:https://pixbitsolutions.com/careers
[196/253] PiTangent                     10 jobs  via feed:https://pitangent.com
[197/253] Plus91 Technologies          !! careers-page-read-but-lists-no-openings
[198/253] PCS Technology               !! no-job-data-found
[199/253] Plaxonic Technologies        !! careers-page-read-but-lists-no-openings
[200/253] Pixelmattic                  !! careers-page-read-but-lists-no-openings
[201/253] Pixelwibes                   !! careers-page-read-but-lists-no-openings
[202/253] Polyxer Systems                3 jobs  via headings:https://polyxer.com/career/
[203/253] PlayerzPot                   !! careers-page-read-but-lists-no-openings
[204/253] Pramati Technologies           7 jobs  via feed:https://pramati.com
[205/253] Polosoft Technologies         13 jobs  via headings:https://www.polosoftech.com/about-us/career
[206/253] Prakash Software Solutions    10 jobs  via feed:https://prakashinfotech.com
[207/253] Powerweave                   !! careers-page-read-but-lists-no-openings
[208/253] Predikly                     !! no-job-data-found
[209/253] Prescience Decision Solution   0 jobs  via zohorecruit:prescienceds (0 open)
[210/253] Portrave Solutions             3 jobs  via feed:https://www.portrave.com
[211/253] PiLog Group                  !! blocked-or-error-response
[212/253] Primathon                      5 jobs  via headings:https://primathon.in/careers/
[213/253] Prevaj Consultants            10 jobs  via feed:https://prevaj.com
[214/253] Polestar Analytics           !! careers-page-read-but-lists-no-openings
[215/253] PrimaFelicitas                 3 jobs  via headings:https://primafelicitas.com/careers
[216/253] PrevalentAI                  !! careers-page-read-but-lists-no-openings
[217/253] Pratham Technologies         !! no-job-data-found
[218/253] Proactive Data Systems         0 jobs  via zohorecruit:proactive (0 open)
[219/253] Prime Infoserv                 3 jobs  via headings:https://primeinfoserv.com/career/
[220/253] Prodios Labs                 !! no-job-data-found
[221/253] ProCreator                   !! careers-page-read-but-lists-no-openings
[222/253] Promact Infotech             !! careers-page-read-but-lists-no-openings
[223/253] Profinch Solutions            10 jobs  via feed:https://www.profinch.com
[224/253] Prodevans Technologies         0 jobs  via zohorecruit:prodevans (0 open)
[225/253] Prometteur Solutions           0 jobs  via zohorecruit:prometteursolutions (0 open)
[226/253] Prishusoft                     2 jobs  via headings:https://prishusoft.com/jobs
[227/253] ProDT Consulting             !! careers-page-read-but-lists-no-openings
[228/253] Prosares Solution              3 jobs  via headings:https://prosares.com/careers/
[229/253] Prorigo Software               5 jobs  via headings:https://www.prorigo.com/en/careers
[230/253] Psiog Digital                  3 jobs  via headings:https://psiog.com/careers/
[231/253] PurpleSlate                    2 jobs  via headings:https://purpleslate.com/careers.html
[232/253] PySquad                      !! careers-page-read-but-lists-no-openings
[233/253] PromptCloud                   10 jobs  via feed:https://www.promptcloud.com
[234/253] Pi Square Technologies       !! careers-page-read-but-lists-no-openings
[235/253] Provana                       24 jobs  via feed:https://provana.com
[236/253] Peakflo                      !! no-job-data-found
[237/253] Prophaze                       3 jobs  via feed:https://www.prophaze.com
[238/253] Primus Global Technologies     4 jobs  via headings:https://primusglobal.com/careers/
[239/253] Pyther Innovations           !! careers-page-read-but-lists-no-openings
[240/253] Pyxeda AI                    !! careers-page-read-but-lists-no-openings
[241/253] Paycor                         1 jobs  via wordpress:https://www.paycor.com
[242/253] Pivotree                      10 jobs  via feed:https://www.pivotree.com
[243/253] Profit.co                    !! careers-page-unreachable
[244/253] Provenir                      23 jobs  via ashby:ProvenirInc
[245/253] ProV International           !! no-job-data-found
[246/253] Pole Star Global               2 jobs  via feed:https://careers.polestarglobal.com
[247/253] Privacera                      5 jobs  via headings:https://privacera.com/careers/
[248/253] Powerfleet                    45 jobs  via feed:https://careers.powerfleet.com
[249/253] ProCogia                       3 jobs  via greenhouse:procogia
[250/253] Prometheus Group              10 jobs  via bamboohr:prometheusgroup
[251/253] Progression Infonet          !! timed-out
[252/253] Pythian                       24 jobs  via rippling:pythian
[253/253] Protera Technologies         !! careers-page-read-but-lists-no-openings

  boards read with jobs : 120
  boards read, 0 open   : 11
  could not read        : 122
  companies w/ matches  : 2

Wrote careers.txt + results.json
