Checking 152 companies (concurrency 8)

[  1/152] Razorpay                      23 jobs  via greenhouse:razorpaysoftwareprivatelimited   ** 2 MATCH **
[  2/152] Rupeek                        12 jobs  via headings:https://rupeek.com/careers
[  3/152] Reliance Jio                   3 jobs  via headings:https://careers.jio.com/
[  4/152] Rapido                       !! careers-page-read-but-lists-no-openings
[  5/152] Recko                        !! no-job-data-found
[  6/152] Redbus                       !! careers-page-read-but-lists-no-openings
[  7/152] Rockwell Automation India     40 jobs  via workday:rockwellautomation
[  8/152] Rakuten India                 16 jobs  via workday:rakuten
[  9/152] RBL Bank                     !! careers-page-read-but-lists-no-openings
[ 10/152] ReNew                         34 jobs  via successfactors:careers.renew.com
[ 11/152] Rentomojo                    !! careers-page-read-but-lists-no-openings
[ 12/152] Red Hat India                 40 jobs  via workday:redhat   ** 1 MATCH **
[ 13/152] Reltio India                   2 jobs  via headings:https://www.reltio.com/careers/
[ 14/152] Revolut India                !! blocked-or-error-response
[ 15/152] Republic Media               !! careers-page-read-but-lists-no-openings
[ 16/152] Robert Bosch India           !! careers-page-read-but-lists-no-openings
[ 17/152] Rupifi                       !! careers-page-read-but-lists-no-openings
[ 18/152] Routematic                   !! blocked-or-error-response
[ 19/152] Roambee                        0 jobs  via zohorecruit:careers.roambee.com (0 open)
[ 20/152] Ripplehire                   !! careers-page-read-but-lists-no-openings
[ 21/152] Rocketlane                    31 jobs  via headings:https://careers.kula.ai/rocketlane
[ 22/152] Rebel Foods                  !! careers-page-read-but-lists-no-openings
[ 23/152] RateGain                     !! blocked-or-error-response
[ 24/152] Robosoft Technologies         11 jobs  via headings:https://www.robosoftin.com/careers
[ 25/152] Raksha Health                !! careers-page-read-but-lists-no-openings
[ 26/152] Reveal Health                !! careers-page-read-but-lists-no-openings
[ 27/152] Rasa India                     2 jobs  via ashby:Rasa
[ 28/152] Ripik.ai                       4 jobs  via headings:https://www.ripik.ai/careers/
[ 29/152] Ratnaafin                    !! careers-page-read-but-lists-no-openings
[ 30/152] Rubrik India                 !! careers-page-read-but-lists-no-openings
[ 31/152] Rayonier India                14 jobs  via workday:rayonier
[ 32/152] Rapyder Cloud                  0 jobs  via zohorecruit:careers.rapyder.com (0 open)
[ 33/152] Ramco Systems                  2 jobs  via headings:https://www.ramco.com/careers
[ 34/152] Rambus India                  57 jobs  via icims:rambus
[ 35/152] Razer India                   40 jobs  via workday:razer
[ 36/152] Reckitt India                 43 jobs  via successfactors:careers.reckitt.com
[ 37/152] RedSeer                        0 jobs  via zohorecruit:redseer (0 open)
[ 38/152] Reliance Retail              !! no-job-data-found
[ 39/152] Radisys India                !! careers-page-read-but-lists-no-openings
[ 40/152] Relevance Lab                 49 jobs  via headings:https://www.relevancelab.com/careers
[ 41/152] Refyne                       !! no-job-data-found
[ 42/152] Recur Club                     3 jobs  via sitemap:https://www.recurclub.com
[ 43/152] Rely                         !! no-job-data-found
[ 44/152] Ridecell India               !! careers-page-read-but-lists-no-openings
[ 45/152] RIB Software India           !! blocked-or-error-response
[ 46/152] Regeneron India              !! no-job-data-found
[ 47/152] Reveleer India                 9 jobs  via breezy:reveleer
[ 48/152] Rezo.ai                        0 jobs  via zohorecruit:rezo (0 open)
[ 49/152] Resilinc India               !! careers-page-read-but-lists-no-openings
[ 50/152] Rightpoint India              18 jobs  via jobvite:genpactexperience
[ 51/152] Redington India                3 jobs  via headings:https://redingtongroup.com/careers/
[ 52/152] RS Software (India)           12 jobs  via headings:https://rssoftware.com/home/careers
[ 53/152] RtCamp                        25 jobs  via headings:https://careers.rtcamp.com/
[ 54/152] Radixweb                     !! careers-page-read-but-lists-no-openings
[ 55/152] RSPL Group                   !! careers-page-read-but-lists-no-openings
[ 56/152] RipenApps Technologies         7 jobs  via headings:https://ripenapps.com/career
[ 57/152] Roposo                       !! timed-out
[ 58/152] R Systems International      !! careers-page-read-but-lists-no-openings
[ 59/152] Rishabh Software             !! careers-page-read-but-lists-no-openings
[ 60/152] Route Mobile                 !! timed-out
[ 61/152] Rlogical Techsoft            !! timed-out
[ 62/152] Rapidops                     !! timed-out
[ 63/152] RapidValue Solutions         !! timed-out
[ 64/152] Ray Business Technologies    !! timed-out
[ 65/152] Rite Software Solutions      !! timed-out
[ 66/152] Reflections Info Systems     !! timed-out
[ 67/152] Rejolut                      !! timed-out
[ 68/152] Rootquotient                 !! no-job-data-found
[ 69/152] Ranosys Technologies           7 jobs  via html:https://www.ranosys.com/global/about-us/career/current-openings/
[ 70/152] Root Info Solutions           12 jobs  via feed:https://www.rootinfosol.com
[ 71/152] Redbytes Software            !! no-job-data-found
[ 72/152] RNF Technologies             !! careers-page-read-but-lists-no-openings
[ 73/152] Radiansys                     14 jobs  via headings:https://www.radiansys.com/career
[ 74/152] Redian Software Global         0 jobs  via zohorecruit:careers.rediansoftware.com (0 open)
[ 75/152] Reckonsys                    !! careers-page-read-but-lists-no-openings
[ 76/152] Revalsys Technologies        !! careers-page-read-but-lists-no-openings
[ 77/152] Reveation Labs               !! careers-page-read-but-lists-no-openings
[ 78/152] Rapid Circle                 !! careers-page-read-but-lists-no-openings
[ 79/152] Rhythmflows Solutions        !! careers-page-unreachable
[ 80/152] Rapidsoft Technologies         8 jobs  via headings:https://www.rapidsofttechnologies.com/career.php
[ 81/152] RemoteState                  !! blocked-or-error-response
[ 82/152] Rushkar Technology           !! no-job-data-found
[ 83/152] Relinns Technologies         !! careers-page-read-but-lists-no-openings
[ 84/152] Rejig Digital                !! careers-page-read-but-lists-no-openings
[ 85/152] RejoiceHub                    10 jobs  via headings:https://rejoicehub.com/career
[ 86/152] Recykal                      !! no-job-data-found
[ 87/152] Ripplr                       !! careers-page-read-but-lists-no-openings
[ 88/152] Rocketium                      4 jobs  via keka:rocketium
[ 89/152] Roadzen                      !! careers-page-read-but-lists-no-openings
[ 90/152] Riaxe Systems                 12 jobs  via headings:https://riaxe.com/career/   ** 2 MATCH **
[ 91/152] Riskcovry                      0 jobs  via zohorecruit:riskcovry (0 open)
[ 92/152] Rysun Labs                    10 jobs  via feed:https://www.rysun.com
[ 93/152] RenewBuy                     !! no-job-data-found
[ 94/152] Rooter                       !! no-job-data-found
[ 95/152] RailYatri                    !! no-job-data-found
[ 96/152] RevFin                       !! careers-page-read-but-lists-no-openings
[ 97/152] Rang De                      !! no-job-data-found
[ 98/152] ReBIT (Reserve Bank Informat !! careers-page-read-but-lists-no-openings
[ 99/152] Rista Apps                   !! careers-page-read-but-lists-no-openings
[100/152] Redcliffe Labs               !! careers-page-read-but-lists-no-openings
[101/152] RailTel Corporation of India !! careers-page-unreachable
[102/152] Rubick.ai                     21 jobs  via keka:rubick   ** 1 MATCH **
[103/152] Rezolve.ai                   !! careers-page-read-but-lists-no-openings
[104/152] Runo                         !! no-job-data-found
[105/152] RevenueHero                    1 jobs  via zohorecruit:revenuehero
[106/152] Roadcast                     !! careers-page-read-but-lists-no-openings
[107/152] Rigi                           2 jobs  via keka:rigi
[108/152] Repos Energy                 !! no-job-data-found
[109/152] Reverie Language Technologie !! careers-page-read-but-lists-no-openings
[110/152] Reelo                         17 jobs  via keka:reelo
[111/152] Refrens                      !! no-job-data-found
[112/152] Retailio                       6 jobs  via headings:https://retailio.in/careers.html
[113/152] Recruit CRM                  100 jobs  via wordpress:https://recruitcrm.io
[114/152] RChilli                        8 jobs  via headings:https://www.rchilli.com/careers
[115/152] Rio Money                    !! no-job-data-found
[116/152] Rupyy                        !! careers-page-read-but-lists-no-openings
[117/152] Robro Systems                  0 jobs  via zohorecruit:robrosystems (0 open)
[118/152] Robylon AI                   !! no-job-data-found
[119/152] RapiPay Fintech                5 jobs  via headings:https://in.rapipay.com/careers/
[120/152] Resulticks                   !! no-job-data-found
[121/152] Reliance Industries            4 jobs  via headings:https://www.ril.com/careers
[122/152] Reliance Nippon Life Insuran   4 jobs  via headings:https://www.indusindnipponlife.com/careers
[123/152] Reliance Games                22 jobs  via html:https://reliancegames.com/careers/
[124/152] RoboMQ                         1 jobs  via lever:robomq
[125/152] Reliance General Insurance   !! blocked-or-error-response
[126/152] Royal Sundaram General Insur !! careers-page-read-but-lists-no-openings
[127/152] Religare Enterprises         !! careers-page-read-but-lists-no-openings
[128/152] Ribbon Communications India    5 jobs  via headings:https://ribboncommunications.com/company/careers
[129/152] Renesas Electronics India     11 jobs  via headings:https://jobs.renesas.com/
[130/152] Riverbed Technology India     10 jobs  via icims:riverbed
[131/152] Renault Nissan Technology &  !! careers-page-read-but-lists-no-openings
[132/152] RingCentral India             62 jobs  via workday:ringcentral
[133/152] Rocket Software India        !! careers-page-unreachable
[134/152] Rockstar Games India         !! careers-page-read-but-lists-no-openings
[135/152] Royal Enfield                !! careers-page-read-but-lists-no-openings
[136/152] Resideo India                  1 jobs  via json-ld:https://www.careers.resideo.com/
[137/152] RudderStack India              1 jobs  via rippling:rudderstack-careers
[138/152] Redis India                    8 jobs  via next-data:https://redis.io/company/careers/
[139/152] ResMed India                  40 jobs  via workday:resmed
[140/152] RWS Group India               59 jobs  via lever:rws
[141/152] Rolls-Royce India              3 jobs  via headings:https://careers.rolls-royce.com/en
[142/152] Roku India                   !! careers-page-read-but-lists-no-openings
[143/152] RSA Security India           !! blocked-or-error-response
[144/152] Revvity India                !! careers-page-unreachable
[145/152] Rippling India                 3 jobs  via headings:https://www.rippling.com/careers
[146/152] Rivos                        !! careers-page-read-but-lists-no-openings
[147/152] Ryan India                   !! careers-page-read-but-lists-no-openings
[148/152] Rapid7 India                 !! careers-page-read-but-lists-no-openings
[149/152] Rackspace Technology India    32 jobs  via workday:rackspace
[150/152] Roche India                  !! careers-page-read-but-lists-no-openings
[151/152] Rimini Street India          !! timed-out
[152/152] RTX India                    !! timed-out

  boards read with jobs : 57
  boards read, 0 open   : 7
  could not read        : 88
  companies w/ matches  : 4

Wrote careers.txt + results.json
