Checking 419 companies (concurrency 8)

[  1/419] Safexpress                   !! careers-page-read-but-lists-no-openings
[  2/419] SaaS Labs                    !! careers-page-read-but-lists-no-openings
[  3/419] Sabre                         40 jobs  via workday:sabre
[  4/419] Safe Security                 16 jobs  via lever:safe
[  5/419] Sagarsoft                      4 jobs  via headings:https://www.sagarsoft.in/careers/   ** 1 MATCH **
[  6/419] Sacumen                        6 jobs  via wordpress:https://sacumen.com
[  7/419] S&P Global                    40 jobs  via workday:spgi
[  8/419] Saeculum Solutions            24 jobs  via headings:https://saeculumsolutions.com/careers
[  9/419] Saama Technologies             4 jobs  via feed:https://www.saama.com
[ 10/419] Sahaj Software                 7 jobs  via feed:https://sahaj.ai
[ 11/419] Sagility                     !! careers-page-read-but-lists-no-openings
[ 12/419] Sailotech                    !! careers-page-read-but-lists-no-openings
[ 13/419] Sails Software Solutions       2 jobs  via headings:https://sailssoftware.com/careers/
[ 14/419] SailPoint                     40 jobs  via workday:sailpoint
[ 15/419] Salesken                     !! no-job-data-found
[ 16/419] Saksoft                      !! blocked-or-error-response
[ 17/419] Samco Securities               3 jobs  via headings:https://www.samco.in/careers
[ 18/419] Saleshandy                     4 jobs  via headings:https://saleshandy.com/careers
[ 19/419] Sanas                          8 jobs  via rippling:sanas
[ 20/419] SAGE IT                       26 jobs  via wordpress:https://sageitinc.com
[ 21/419] Samsung                       40 jobs  via workday:sec
[ 22/419] Sammaan Capital                2 jobs  via headings:https://www.sammaancapital.com/careers
[ 23/419] Sagitec Solutions             24 jobs  via headings:https://www.sagitec.com/careers
[ 24/419] Samsara                      290 jobs  via greenhouse:samsara
[ 25/419] SanDisk                      302 jobs  via smartrecruiters:Sandisk
[ 26/419] Sandvik                       40 jobs  via workday:sandvik
[ 27/419] Salesforce                     3 jobs  via headings:https://www.salesforce.com/company/careers/
[ 28/419] Sandhata Technologies          2 jobs  via headings:https://sandhata.com/careers/
[ 29/419] Sankey Solutions               7 jobs  via headings:https://sankeysolutions.com/careers/
[ 30/419] Sapphire Software Solutions   12 jobs  via headings:https://www.sapphiresolutions.net/careers
[ 31/419] Sapiens                      !! blocked-or-error-response
[ 32/419] Saras Analytics                2 jobs  via keka:sarasanalytics
[ 33/419] Sanofi                         8 jobs  via headings:https://jobs.sanofi.com/en
[ 34/419] Saregama India               !! no-job-data-found
[ 35/419] SarvaGram                    !! blocked-or-error-response
[ 36/419] Sarvam AI                     58 jobs  via ashby:sarvam
[ 37/419] Salesmate                    !! timed-out
[ 38/419] Sartorius                     40 jobs  via workday:sartorius
[ 39/419] SAP                           46 jobs  via successfactors:jobs.sap.com   ** 2 MATCH **
[ 40/419] Sarvika Technologies           9 jobs  via feed:https://www.sarvika.com
[ 41/419] Sanmina                      !! timed-out
[ 42/419] Sarvaha Systems                4 jobs  via feed:https://www.sarvaha.com
[ 43/419] SBI Card                     !! no-job-data-found
[ 44/419] Savantis Solutions           !! no-job-data-found
[ 45/419] Saturam                        3 jobs  via headings:https://www.saturam.com/careers
[ 46/419] SBI Funds Management         !! careers-page-read-but-lists-no-openings
[ 47/419] Sasken Technologies          !! careers-page-read-but-lists-no-openings
[ 48/419] Saviynt                      112 jobs  via lever:saviynt   ** 2 MATCH **
[ 49/419] SAS Institute                179 jobs  via icims:globalcareers-sas   ** 1 MATCH **
[ 50/419] Saven Technologies             4 jobs  via feed:https://saventech.com
[ 51/419] SBI General Insurance        !! careers-page-read-but-lists-no-openings
[ 52/419] Scaler                        24 jobs  via headings:https://www.scaler.com/careers/
[ 53/419] Scapia                       !! no-job-data-found
[ 54/419] Satin Creditcare Network     !! careers-page-read-but-lists-no-openings
[ 55/419] ScatterPie Analytics         !! no-job-data-found
[ 56/419] SBI Life Insurance             8 jobs  via headings:https://www.sbilife.co.in/about-us/careers-opportunity
[ 57/419] SBL                          !! no-job-data-found
[ 58/419] Schaeffler                     3 jobs  via headings:https://www.schaeffler.com/en/careers/
[ 59/419] Schoolnet India                2 jobs  via headings:https://www.schoolnetindia.com/careers/
[ 60/419] Sciative Solutions           !! careers-page-read-but-lists-no-openings
[ 61/419] Scalefusion                  !! careers-page-read-but-lists-no-openings
[ 62/419] SciPlay                       16 jobs  via workday:lnw
[ 63/419] Scogo                        !! no-job-data-found
[ 64/419] Schindler                    !! careers-page-read-but-lists-no-openings
[ 65/419] Schbang                        0 jobs  via zohorecruit:careers.schbang.com (0 open)
[ 66/419] SciSpace                     !! blocked-or-error-response
[ 67/419] Scrut Automation               8 jobs  via keka:scrut   ** 1 MATCH **
[ 68/419] Schrodinger                   18 jobs  via headings:https://www.schrodinger.com/company/careers/
(node:82399) MaxListenersExceededWarning: Possible EventEmitter memory leak detected. 11 terminated listeners added to [Fetch]. MaxListeners is 10. Use emitter.setMaxListeners() to increase limit
(Use `node --trace-warnings ...` to show where the warning was created)
[ 69/419] Scienaptic AI                  4 jobs  via sitemap:https://www.scienaptic.ai
[ 70/419] Schneider Electric             3 jobs  via headings:https://careers.se.com/life-at-schneider
[ 71/419] Seaflux Technologies           3 jobs  via next-data:https://www.seaflux.tech/careers/
(node:82399) MaxListenersExceededWarning: Possible EventEmitter memory leak detected. 11 terminated listeners added to [Fetch]. MaxListeners is 10. Use emitter.setMaxListeners() to increase limit
[ 72/419] SculptSoft                     3 jobs  via feed:https://www.sculptsoft.com
[ 73/419] Sealed Air                   !! blocked-or-error-response
[ 74/419] Searce                        27 jobs  via next-data:https://www.searce.com/join-us
[ 75/419] Seagate Technology           !! blocked-or-error-response
[ 76/419] ScoreMe Solutions              2 jobs  via feed:https://scoreme.in
[ 77/419] SDG Corporation                0 jobs  via zohorecruit:careers.sdgc.com (0 open)
[ 78/419] SecPod Technologies          !! careers-page-read-but-lists-no-openings
[ 79/419] SDLC Corp                      3 jobs  via headings:https://sdlccorp.com/career/
[ 80/419] Seconize                     !! careers-page-read-but-lists-no-openings
[ 81/419] SecureLayer7                   8 jobs  via json-ld:https://securelayer7.net/careers
[ 82/419] Securden                      20 jobs  via headings:https://www.securden.com/careers/
[ 83/419] Sedin Technologies             9 jobs  via zohorecruit:sedintechnologies
[ 84/419] Segwise                      !! blocked-or-error-response
[ 85/419] Sectona                        0 jobs  via zohorecruit:sectona (0 open)
[ 86/419] Seismic                        6 jobs  via headings:https://www.seismic.com/careers/
[ 87/419] Securonix India               29 jobs  via bamboohr:securonix
[ 88/419] Sensata Technologies         !! blocked-or-error-response
[ 89/419] SecureKloud Technologies     !! careers-page-read-but-lists-no-openings
[ 90/419] Sendbird India                11 jobs  via headings:https://sendbird.com/careers
[ 91/419] SellerApp                      2 jobs  via headings:https://www.sellerapp.com/career
[ 92/419] SensiBol Audio Technologies    7 jobs  via headings:https://sensibol.com/careers.html
[ 93/419] Sensesemi Technologies       !! no-job-data-found
[ 94/419] Sensibull                    !! no-job-data-found
[ 95/419] SenseHawk                    !! careers-page-read-but-lists-no-openings
[ 96/419] SEQATO                       !! no-job-data-found
[ 97/419] Semnox Solutions             !! careers-page-read-but-lists-no-openings
[ 98/419] SearchUnify                  !! no-job-data-found
[ 99/419] Sequretek                    !! no-job-data-found
[100/419] ServiceNow                     3 jobs  via headings:https://www.servicenow.com/join-us
[101/419] Sensiple                     !! careers-page-read-but-lists-no-openings
[102/419] Serosoft Solutions            41 jobs  via wordpress:https://serosoft.com
[103/419] Setu                         !! careers-page-read-but-lists-no-openings
[104/419] SentinelOne                  118 jobs  via html:https://www.sentinelone.com/jobs/
[105/419] Servion Global Solutions       3 jobs  via headings:https://servion.com/company/careers/
[106/419] SEW                          !! careers-page-read-but-lists-no-openings
[107/419] Shadowfax                    !! careers-page-read-but-lists-no-openings
[108/419] Shaadi.com                    10 jobs  via feed:https://careers.peopleinteractive.in
[109/419] ShareChat                      2 jobs  via headings:https://sharechat.com/careers
[110/419] Shemaroo Entertainment       !! no-job-data-found
[111/419] Servify                      !! careers-page-read-but-lists-no-openings
[112/419] Seclore                      !! timed-out
[113/419] ShipDelight                  !! careers-page-read-but-lists-no-openings
[114/419] Shellkode                    !! no-job-data-found
[115/419] Shipmnts                       2 jobs  via headings:https://shipmnts.com/careers
[116/419] Shiprocket                    10 jobs  via wordpress:https://careers.shiprocket.in
[117/419] Shell                        !! careers-page-read-but-lists-no-openings
[118/419] Shipsy                         9 jobs  via headings:https://www.shipsy.ai/careers
[119/419] Sharekhan                      3 jobs  via headings:https://www.sharekhan.com/careers
[120/419] ShopDeck                     !! careers-page-read-but-lists-no-openings
[121/419] Shivalik Small Finance Bank  !! careers-page-unreachable
[122/419] Shiv Technolabs               20 jobs  via headings:https://shivlab.com/careers/
[123/419] Shoppers Stop                !! blocked-or-error-response
[124/419] SenecaGlobal                 !! timed-out
[125/419] ShopClues                    !! careers-page-read-but-lists-no-openings
[126/419] Shipway                      !! no-job-data-found
[127/419] Shriram Finance                7 jobs  via headings:https://www.shriramfinance.in/careers
[128/419] Shopalyst                    !! careers-page-read-but-lists-no-openings
[129/419] Shreshta IT Technologies       3 jobs  via headings:https://shreshtait.com/careers
[130/419] Shree Cement                 !! careers-page-read-but-lists-no-openings
[131/419] Shorthills AI                  6 jobs  via headings:https://www.shorthills.ai/careers
[132/419] Shriram Life Insurance       !! careers-page-read-but-lists-no-openings
[133/419] Siam Computing                 4 jobs  via wordpress:https://siamcomputing.com
[134/419] SG Analytics                   2 jobs  via wordpress:https://www.sganalytics.com
[135/419] Siemens Healthineers           2 jobs  via headings:https://www.siemens-healthineers.com/careers
[136/419] SiFive                        40 jobs  via workday:sifive
[137/419] Sibros                       !! careers-page-read-but-lists-no-openings
[138/419] Sigma Infosolutions          !! blocked-or-error-response
[139/419] Sigmoid                       39 jobs  via greenhouse:sigmoid
[140/419] Signalchip                     8 jobs  via headings:https://www.signalchip.com/job-openings/
[141/419] Signeasy                     !! careers-page-read-but-lists-no-openings
[142/419] Sigma Solve                  !! no-job-data-found
[143/419] Sify Technologies            !! careers-page-read-but-lists-no-openings
[144/419] Siemens Energy               !! careers-page-read-but-lists-no-openings
[145/419] Signzy                        37 jobs  via keka:signzy   ** 1 MATCH **
[146/419] Signode                       47 jobs  via smartrecruiters:Signode
[147/419] Siemens                      !! careers-page-read-but-lists-no-openings
[148/419] SignOff Semiconductors         0 jobs  via zohorecruit:signoffsemi (0 open)
[149/419] Signify                       40 jobs  via workday:lighting
[150/419] Silicon Labs                  40 jobs  via workday:silabs
[151/419] Signant Health               !! careers-page-read-but-lists-no-openings
[152/419] Signity Solutions              6 jobs  via headings:https://www.signitysolutions.com/careers
[153/419] Sika                         !! careers-page-read-but-lists-no-openings
[154/419] Silverpush                     4 jobs  via headings:https://silverpush.co/careers/
[155/419] Silicon Interfaces           !! no-job-data-found
[156/419] SigTuple Technologies          2 jobs  via headings:https://sigtuple.com/careers
[157/419] Simeio                        15 jobs  via jazzhr:simeio
[158/419] Silicon Signals              !! careers-page-read-but-lists-no-openings
[159/419] Simplify3x                   !! no-job-data-found
[160/419] Simplilearn                   18 jobs  via feed:https://www.simplilearn.com
[161/419] Siemens India                !! no-job-data-found
[162/419] Simform                        9 jobs  via headings:https://www.simform.com/careers/
[163/419] Simplotel                      6 jobs  via html:https://www.simplotel.com/careers
[164/419] Silver Touch Technologies      5 jobs  via headings:https://www.silvertouch.com/career/
[165/419] SimpliContract               !! no-job-data-found
[166/419] Simplify Healthcare            3 jobs  via feed:https://simplifyhealthcare.com
[167/419] Skcript                        1 jobs  via json-ld:https://www.skcript.com/careers
[168/419] SISL Global                  !! careers-page-read-but-lists-no-openings
[169/419] SKF                          !! careers-page-read-but-lists-no-openings
[170/419] Skillmine Technology Consult   8 jobs  via feed:https://skill-mine.com
[171/419] SirionLabs                     8 jobs  via html:https://www.sirion.ai/careers/
[172/419] SITA                           3 jobs  via headings:https://careers.sita.aero/
[173/419] Skanray Technologies           8 jobs  via feed:https://skanray.com
[174/419] Skit.ai                       12 jobs  via keka:skit
[175/419] Skyflow India                  6 jobs  via ashby:skyflow
[176/419] SkillNet Solutions             6 jobs  via feed:https://www.skillnetinc.com
[177/419] Skuad                        !! careers-page-read-but-lists-no-openings
[178/419] Skydo                        !! blocked-or-error-response
[179/419] Skynet Technologies            5 jobs  via headings:https://www.skynettechnologies.com/careers
[180/419] Skyscend                       5 jobs  via headings:https://www.skyscend.com/jobs
[181/419] Skyhigh Security               8 jobs  via feed:https://careers.skyhighsecurity.com
[182/419] Skyroot Aerospace              0 jobs  via zohorecruit:skyroot (0 open)
[183/419] Skyworks Solutions            51 jobs  via successfactors:careers.skyworksinc.com
[184/419] Slice                         45 jobs  via greenhouse:slice
[185/419] Smallest AI                    1 jobs  via ashby:smallest
[186/419] Slikk                        !! careers-page-read-but-lists-no-openings
[187/419] Sinch                        !! careers-page-read-but-lists-no-openings
[188/419] Skillsoft                      8 jobs  via greenhouse:skillsoft
[189/419] Smallcase                    !! careers-page-read-but-lists-no-openings
[190/419] Smarsh                        42 jobs  via lever:smarsh
[191/419] Smartbridge                    4 jobs  via jazzhr:smartbridge
[192/419] Smart Joules                   2 jobs  via headings:https://smartjoules.co.in/careers/
[193/419] Smartprix                    !! blocked-or-error-response
[194/419] SmartDocs                     10 jobs  via headings:https://www.smartdocs.ai/careers
[195/419] SmartDV Technologies           3 jobs  via headings:https://smart-dv.com/careers.html
[196/419] SLB                            4 jobs  via headings:https://careers.slb.com/
[197/419] smartek21                      0 jobs  via zohorecruit:careers.smartek21.com (0 open)
[198/419] SmartWinnr                     2 jobs  via headings:https://smartwinnr.com/careers
[199/419] smartData Enterprises         10 jobs  via feed:https://www.smartdatainc.com
[200/419] Smartsense Solutions         !! careers-page-read-but-lists-no-openings
[201/419] SmartStream Technologies     !! careers-page-unreachable
[202/419] Smartron                     !! careers-page-read-but-lists-no-openings
[203/419] SmartQ                       !! no-job-data-found
[204/419] SMC Global Securities        !! blocked-or-error-response
[205/419] SnapBizz                     !! careers-page-unreachable
[206/419] Snabbit                      !! careers-page-read-but-lists-no-openings
[207/419] Snapdeal                     !! blocked-or-error-response
[208/419] SNVA Ventures                 11 jobs  via headings:https://www.snvaventures.com/career
[209/419] Snapmint                     !! careers-page-read-but-lists-no-openings
[210/419] Socure                        94 jobs  via ashby:socure
[211/419] Societe Generale India         3 jobs  via headings:https://careers.societegenerale.com/
[212/419] SnapWork Technologies        !! blocked-or-error-response
[213/419] SoCtronics                     7 jobs  via headings:https://soctronics.com/career/
[214/419] Skill-Lync                   !! timed-out
[215/419] Smiths Group                 !! careers-page-read-but-lists-no-openings
[216/419] Snitch                       !! careers-page-read-but-lists-no-openings
[217/419] Softdel                      !! careers-page-unreachable
[218/419] Sofmen                       !! careers-page-read-but-lists-no-openings
[219/419] SoftClouds                   !! no-job-data-found
[220/419] Snowflake                    184 jobs  via phenom:_self
[221/419] Softlink Global                5 jobs  via keka:softlinkglobal
[222/419] Softenger                      1 jobs  via json-ld:https://softenger.com/vacancies/
[223/419] Softcrylic                     5 jobs  via headings:https://www.softcrylic.com/careers/
[224/419] Soft Suave                    18 jobs  via headings:https://www.softsuave.com/career-overview
[225/419] Softeon                      !! careers-page-read-but-lists-no-openings
[226/419] Softobiz Technologies         41 jobs  via keka:softobiz
[227/419] Softpulse Infotech            11 jobs  via headings:https://softpulseinfotech.com/career   ** 1 MATCH **
[228/419] SoftSol                      !! no-job-data-found
[229/419] Softices                       5 jobs  via headings:https://softices.com/jobs
[230/419] Softqube Technologies          3 jobs  via headings:https://softqubes.com/careers
[231/419] SoftRadix                      4 jobs  via feed:https://softradix.com
[232/419] SolarWinds                    85 jobs  via greenhouse:solarwinds
[233/419] Software AG                  !! careers-page-read-but-lists-no-openings
[234/419] Softway                        2 jobs  via headings:https://www.softway.com/careers
[235/419] Softura                        2 jobs  via zohorecruit:softura
[236/419] Solenis                       40 jobs  via workday:solenis
[237/419] Softude                      !! careers-page-read-but-lists-no-openings
[238/419] SolGuruz                     !! careers-page-read-but-lists-no-openings
[239/419] Solution Analysts            !! careers-page-read-but-lists-no-openings
[240/419] SoftwareOne                  !! careers-page-read-but-lists-no-openings
[241/419] Solera                        40 jobs  via workday:solera
[242/419] Solvative                    !! blocked-or-error-response
[243/419] SoluLab                        5 jobs  via headings:https://www.solulab.com/career/
[244/419] SoluteLabs                   !! no-job-data-found
[245/419] Solverminds                    6 jobs  via zohorecruit:www.solverminds.com
[246/419] Solix Technologies             6 jobs  via headings:https://www.solix.com/company/careers/
[247/419] Soliton Technologies           9 jobs  via headings:https://www.solitontech.com/job-openings/
[248/419] Sona Comstar                 !! no-job-data-found
[249/419] Sonatype India                29 jobs  via lever:sonatype
[250/419] Sophos                       113 jobs  via lever:sophos
[251/419] Solvei8                      !! no-job-data-found
[252/419] SonicWall                     50 jobs  via greenhouse:sonicwall
[253/419] Sonata Software                2 jobs  via headings:https://www.sonata-software.com/careers
[254/419] Sony                          19 jobs  via workday:sonyglobal
[255/419] Sopra Steria                 500 jobs  via smartrecruiters:SopraSteria1
[256/419] Soroco                         0 jobs  via greenhouse:soroco (0 open)
[257/419] South Indian Bank            !! blocked-or-error-response
[258/419] Spandana Sphoorty Financial  !! careers-page-unreachable
[259/419] SpanIdea Systems             !! careers-page-read-but-lists-no-openings
[260/419] Sourcebits                   !! no-job-data-found
[261/419] Spaculus Software              2 jobs  via feed:https://spaculus.com
[262/419] Space-O Technologies           5 jobs  via headings:https://www.spaceotechnologies.com/careers/
[263/419] Sparkout Tech Solutions       21 jobs  via headings:https://www.sparkouttech.com/careers/
[264/419] Sparklin                     !! no-job-data-found
[265/419] SPEC India                     6 jobs  via wordpress:https://www.spec-india.com
[266/419] Spendflo                       0 jobs  via zohorecruit:spendflo (0 open)
[267/419] Sparity                        2 jobs  via html:https://www.sparity.com/careers/
[268/419] SparxIT Solutions             19 jobs  via headings:https://www.sparxitsolutions.com/careers
[269/419] Softweb Solutions            !! careers-page-read-but-lists-no-openings
[270/419] Spericorn Technology         !! no-job-data-found
[271/419] Spinny                         3 jobs  via headings:https://www.spinny.com/careers/
[272/419] Spice Money                  !! careers-page-read-but-lists-no-openings
[273/419] Sphinx Worldbiz                1 jobs  via feed:https://www.sphinxworldbiz.com
[274/419] Sportskeeda                    5 jobs  via zohorecruit:sportskeeda
[275/419] Spoors                       !! careers-page-read-but-lists-no-openings
[276/419] Speridian Technologies       !! blocked-or-error-response
[277/419] SpotDraft                     10 jobs  via ashby:spotdraft
[278/419] Springboard                   10 jobs  via greenhouse:springboard
[279/419] SourceFuse                   !! careers-page-read-but-lists-no-openings
[280/419] Springer Nature               40 jobs  via workday:springernature
[281/419] Springworks                    6 jobs  via headings:https://app.goodfit.so/jobs
[282/419] Sprih                          8 jobs  via feed:https://www.sprih.com
[283/419] Sportz Interactive           !! careers-page-read-but-lists-no-openings
[284/419] Sphinx Solutions             !! no-job-data-found
[285/419] Spotnana                     !! careers-page-read-but-lists-no-openings
[286/419] Sprinto                      !! careers-page-unreachable
[287/419] Spyne                         28 jobs  via keka:spyneai
[288/419] SquadStack                    11 jobs  via keka:squadrun
[289/419] SquareOps                      3 jobs  via headings:https://squareops.com/careers/
[290/419] Squareboat                     6 jobs  via headings:https://www.squareboat.com/careers
[291/419] Squash Apps                    3 jobs  via headings:https://squashapps.com/careers/
[292/419] Splunk                       !! careers-page-read-but-lists-no-openings
[293/419] Sprinklr                      40 jobs  via workday:sprinklr
[294/419] Srishti Software Application   2 jobs  via feed:https://srishtisoft.com
[295/419] Stable Money                 !! no-job-data-found
[296/419] SS Innovations International   2 jobs  via headings:https://ssinnovations.com/careers.html
[297/419] Stanley Black & Decker        40 jobs  via workday:sbdinc
[298/419] Standard Chartered             5 jobs  via headings:https://www.sc.com/en/global-careers/experienced-hire/
[299/419] Stanza Living                !! careers-page-read-but-lists-no-openings
[300/419] Stashfin                       7 jobs  via headings:https://www.stashfin.com/careers
[301/419] State Bank of India            3 jobs  via headings:https://sbi.bank.in/web/careers
[302/419] SRM Tech                       0 jobs  via zohorecruit:careers.srmtech.com (0 open)
[303/419] Statiq                       !! no-job-data-found
[304/419] SS&C Technologies              3 jobs  via headings:https://www.ssctech.com/careers/why-ssc
[305/419] Statusbrew                   !! blocked-or-error-response
[306/419] Star Health and Allied Insur !! careers-page-read-but-lists-no-openings
[307/419] StaTwig                      !! careers-page-read-but-lists-no-openings
[308/419] State Street                  40 jobs  via workday:statestreet
[309/419] Steadfast Nutrition          !! careers-page-read-but-lists-no-openings
[310/419] Startek                      !! careers-page-read-but-lists-no-openings
[311/419] SplashBI                     !! timed-out
[312/419] Stefanini                      3 jobs  via headings:https://stefanini.com/en/careers-review/
[313/419] StayinFront                    2 jobs  via keka:stayinfront
[314/419] Sterling Technolabs            5 jobs  via headings:https://www.sterlingtechnolabs.com/careers
[315/419] Stellapps                     22 jobs  via wordpress:https://www.stellapps.com
[316/419] Steelcase                     20 jobs  via feed:https://careers.steelcase.com
[317/419] Sterling and Wilson          !! careers-page-read-but-lists-no-openings
[318/419] StockEdge                    !! careers-page-read-but-lists-no-openings
[319/419] StockGro                     !! careers-page-read-but-lists-no-openings
[320/419] STMicroelectronics             7 jobs  via headings:https://www.st.com/content/st_com/en/about/careers.html
[321/419] Stellantis                   !! careers-page-read-but-lists-no-openings
[322/419] Strand Life Sciences           5 jobs  via headings:https://strandls.com/careers/
[323/419] Straive                        2 jobs  via headings:https://www.straive.com/careers/
[324/419] Streak                       !! no-job-data-found
[325/419] Stellar Information Technolo   7 jobs  via sitemap:https://www.stellarinfo.com
[326/419] Streamoid Technologies       !! no-job-data-found
[327/419] Stratacent                   !! careers-page-read-but-lists-no-openings
[328/419] Stripe                       550 jobs  via greenhouse:stripe   ** 11 MATCH **
[329/419] Straumann                    !! careers-page-read-but-lists-no-openings
[330/419] Star Knowledge               !! timed-out
[331/419] Streebo                       44 jobs  via feed:https://www.streebo.com
[332/419] Sterlite Technologies        !! no-job-data-found
[333/419] Stryker                       40 jobs  via workday:stryker
[334/419] Stridely Solutions            16 jobs  via wordpress:https://www.stridelysolutions.com
[335/419] Stupa Sports Analytics       !! no-job-data-found
[336/419] Sumeru Software Solutions    !! no-job-data-found
[337/419] Successive Digital             1 jobs  via wordpress:https://successive.tech
[338/419] SUGAR Cosmetics              !! no-job-data-found
[339/419] Sulekha                        3 jobs  via headings:https://www.sulekha.com/careers
[340/419] Strivemindz                  !! careers-page-read-but-lists-no-openings
[341/419] Sumo Logic                    21 jobs  via greenhouse:sumologic
[342/419] Stylumia                     !! careers-page-read-but-lists-no-openings
[343/419] Sun Pharmaceutical Industrie  60 jobs  via successfactors:careers.sunpharma.com
[344/419] SUN Mobility                 !! careers-page-read-but-lists-no-openings
[345/419] Sun Technologies             !! blocked-or-error-response
[346/419] Sun Life                      40 jobs  via workday:sunlife
[347/419] Sundaram Finance             !! careers-page-read-but-lists-no-openings
[348/419] Sundew Solutions              12 jobs  via headings:https://sundewsolutions.com/jobs
[349/419] Sunfox Technologies          !! careers-page-read-but-lists-no-openings
[350/419] SunArc Technologies            4 jobs  via html:https://sunarctechnologies.com/career/
[351/419] Sun Chemical                  44 jobs  via successfactors:careers.sunchemical.com
[352/419] Suma Soft                      7 jobs  via headings:https://www.sumasoft.com/careers/
[353/419] Sumitomo Electric            !! careers-page-read-but-lists-no-openings
[354/419] Sumo Digital                   4 jobs  via html:https://www.sumo-digital.com/careers/
[355/419] Sunstone                     !! careers-page-read-but-lists-no-openings
[356/419] SunTec Business Solutions      1 jobs  via wordpress:https://www.suntecgroup.com
[357/419] SuperProcure                 !! careers-page-read-but-lists-no-openings
[358/419] SuperGaming                  !! careers-page-read-but-lists-no-openings
[359/419] SunSmart Technologies        !! no-job-data-found
[360/419] Sureify                        5 jobs  via greenhouse:sureify
[361/419] SunTec India                   5 jobs  via headings:https://www.suntecindia.com/careers
[362/419] SuperOps                       2 jobs  via headings:https://superops.com/careers
[363/419] Supertails                    17 jobs  via keka:petfully
[364/419] Supersourcing                !! no-job-data-found
[365/419] Suryoday Small Finance Bank  !! careers-page-unreachable
[366/419] SurekhaTech                    4 jobs  via headings:https://www.surekhatech.com/careers
[367/419] SUSE                          28 jobs  via workday:suse
[368/419] SurveySparrow                !! careers-page-read-but-lists-no-openings
[369/419] Svatantra Microfin             2 jobs  via headings:http://www.svatantramicrofin.com/careers
[370/419] Svaya Robotics                 3 jobs  via wordpress:https://svayarobotics.com
[371/419] SwaaS                          7 jobs  via feed:https://www.swaasitsolutions.com
[372/419] Subex                        !! timed-out
[373/419] Sutherland                   !! careers-page-read-but-lists-no-openings
[374/419] Swiggy                       !! careers-page-read-but-lists-no-openings
[375/419] Swipe                        !! blocked-or-error-response
[376/419] Swiss Re                      42 jobs  via successfactors:careers.swissre.com
[377/419] SwitchOn                       0 jobs  via zohorecruit:joinswitchon (0 open)
[378/419] Superset                     !! careers-page-read-but-lists-no-openings
[379/419] Swayam Infotech                7 jobs  via headings:https://www.swayaminfotech.com/careers
[380/419] Symbo Insurance              !! no-job-data-found
[381/419] Sygitech                     !! no-job-data-found
[382/419] Svitla India                 100 jobs  via wordpress:https://svitla.com
[383/419] Symphony Limited              15 jobs  via greenhouse:symphony   ** 1 MATCH **
[384/419] Sybrant Technologies           7 jobs  via feed:https://sybrant.com
[385/419] Synaptic                       1 jobs  via greenhouse:synaptic
[386/419] SymphonyAI                     9 jobs  via headings:https://www.symphonyai.com/careers
[387/419] Synaptics                      2 jobs  via headings:https://www.synaptics.com/careers
[388/419] Symplr                         8 jobs  via icims:symplr
[389/419] Synamedia                      3 jobs  via headings:https://www.synamedia.com/careers/
[390/419] Swan Software Solutions      !! careers-page-read-but-lists-no-openings
[391/419] SynapseIndia                 !! blocked-or-error-response
[392/419] Syncron                       16 jobs  via feed:https://careers.syncron.com
[393/419] Synchronoss Technologies       2 jobs  via icims:international-synchronoss
[394/419] SynergyTop                     3 jobs  via wordpress:https://synergytop.com   ** 1 MATCH **
[395/419] Syncfusion                    17 jobs  via headings:https://www.syncfusion.com/careers/
[396/419] Synechron                     40 jobs  via workday:synechron
[397/419] Syneos Health                !! blocked-or-error-response
[398/419] Supreme Industries           !! timed-out
[399/419] Syniverse                      7 jobs  via workday:syniverse
[400/419] Synoptek                     !! careers-page-read-but-lists-no-openings
[401/419] Synchrony                    !! careers-page-read-but-lists-no-openings
[402/419] Syniti                        22 jobs  via successfactors:careers.syniti.com
[403/419] Syntizen                     !! careers-page-read-but-lists-no-openings
[404/419] Synoriq                        0 jobs  via zohorecruit:synoriq (0 open)
[405/419] Suzlon Energy                !! timed-out
[406/419] Syngene International         21 jobs  via successfactors:careers.syngeneintl.com
[407/419] Synopsys                     !! timed-out
[408/419] Synsoft Global                 4 jobs  via next-data:https://www.synsoftglobal.com/company/careers/
[409/419] Systango                     !! careers-page-read-but-lists-no-openings
[410/419] Sysco                          3 jobs  via headings:https://careers.sysco.com/en
[411/419] Sysfore Technologies           2 jobs  via headings:https://www.sysfore.com/careers
[412/419] Synup                        !! timed-out
[413/419] Syrma SGS Technology         !! timed-out
[414/419] Systems Plus                 !! careers-page-read-but-lists-no-openings
[415/419] The Souled Store             !! careers-page-read-but-lists-no-openings
[416/419] Sysgain                      !! timed-out
[417/419] Sysvine Technologies         !! careers-page-read-but-lists-no-openings
[418/419] SysTools                       7 jobs  via headings:https://www.systoolsgroup.com/careers/
[419/419] SystimaNX                    !! blocked-or-error-response

  boards read with jobs : 225
  boards read, 0 open   : 11
  could not read        : 183
  companies w/ matches  : 10

Wrote careers.txt + results.json
