Checking 177 companies (concurrency 8)

[  1/177] Tech Mahindra                  7 jobs  via headings:https://careers.techmahindra.com/
[  2/177] Thoughtworks India            14 jobs  via sitemap:https://www.thoughtworks.com
[  3/177] Tata Elxsi                   !! careers-page-read-but-lists-no-openings
[  4/177] Trilogy India                  8 jobs  via headings:https://trilogy.com/careers-center/
[  5/177] ThoughtSpot India              4 jobs  via headings:https://www.thoughtspot.com/careers
[  6/177] Target India                  40 jobs  via workday:target
[  7/177] Tekion                        71 jobs  via ashby:tekion   ** 1 MATCH **
[  8/177] Tiger Analytics               22 jobs  via wordpress:https://www.tigeranalytics.com
[  9/177] Toast India                  165 jobs  via feed:https://careers.toasttab.com
[ 10/177] Tide India                    96 jobs  via greenhouse:tide
[ 11/177] Telstra India                 40 jobs  via workday:telstra
[ 12/177] Thomson Reuters India         40 jobs  via workday:thomsonreuters
[ 13/177] Titan Company                 10 jobs  via ashby:titan
[ 14/177] Twilio India                   2 jobs  via headings:https://www.twilio.com/career
[ 15/177] Tata Consultancy Services      2 jobs  via headings:https://www.tcs.com/careers
[ 16/177] Turing                        24 jobs  via greenhouse:turing
[ 17/177] TransUnion India             !! blocked-or-error-response
[ 18/177] TresVista                      2 jobs  via headings:https://www.tresvista.com/careers/
[ 19/177] Texas Instruments India      !! careers-page-read-but-lists-no-openings
[ 20/177] Trendyol India               !! careers-page-read-but-lists-no-openings
[ 21/177] Tata 1mg                       5 jobs  via headings:https://www.1mg.com/jobs
[ 22/177] Tata Technologies             10 jobs  via feed:https://www.tatatechnologies.com
[ 23/177] Tessell                        3 jobs  via headings:https://www.tessell.com/careers
[ 24/177] Trellix India                 10 jobs  via feed:https://careers.trellix.com
[ 25/177] Temenos India                 16 jobs  via workday:temenos
[ 26/177] TaskUs India                 !! careers-page-read-but-lists-no-openings
[ 27/177] ThoughtWin                     5 jobs  via headings:https://thoughtwin.com/career
[ 28/177] TP (formerly Teleperformance !! careers-page-read-but-lists-no-openings
[ 29/177] Trukker                      !! careers-page-read-but-lists-no-openings
[ 30/177] Turtlemint                   !! careers-page-read-but-lists-no-openings
[ 31/177] Tracxn                         0 jobs  via zohorecruit:tracxn (0 open)
[ 32/177] Tata Digital                 !! careers-page-read-but-lists-no-openings
[ 33/177] Team Computers                10 jobs  via feed:https://teamcomputers.com
[ 34/177] TeamLease                     47 jobs  via headings:https://www.teamlease.com/jobs
[ 35/177] Trantor                       28 jobs  via wordpress:https://www.trantorinc.com
[ 36/177] Tanla Platforms              !! careers-page-read-but-lists-no-openings
[ 37/177] Tavant Technologies            7 jobs  via headings:https://tavant.com/careers/
[ 38/177] Techjockey                   !! no-job-data-found
[ 39/177] Tally Solutions              !! careers-page-read-but-lists-no-openings
[ 40/177] Tesco Bengaluru              !! timed-out
[ 41/177] Techolution                  !! careers-page-read-but-lists-no-openings
[ 42/177] GRCTechX (formerly Techcurve !! no-job-data-found
[ 43/177] The Hive                      76 jobs  via lever:hive
[ 44/177] Terralogic                     6 jobs  via feed:https://terralogic.com
[ 45/177] ThinkSys                       3 jobs  via headings:https://thinksys.com/careers/
[ 46/177] Technoidentity                 8 jobs  via feed:https://www.technoidentity.com
[ 47/177] Tekwissen                    !! careers-page-read-but-lists-no-openings
[ 48/177] Thinkitive                     3 jobs  via headings:https://www.thinkitive.com/careers
[ 49/177] Third Wave Coffee            !! careers-page-read-but-lists-no-openings
[ 50/177] Thoughtcoders                 19 jobs  via headings:https://thoughtcoders.com/careers   ** 1 MATCH **
[ 51/177] Tessolve                      10 jobs  via feed:https://www.tessolve.com
[ 52/177] ThreatModeler India            2 jobs  via json-ld:https://www.threatmodeler.ai/company/careers
[ 53/177] Times Internet                 2 jobs  via headings:https://timesinternet.in/careers
[ 54/177] TO THE NEW                    28 jobs  via html:https://www.tothenew.com/careers
[ 55/177] Toddle                        25 jobs  via keka:toddle
[ 56/177] Thales India                   5 jobs  via headings:https://careers.thalesgroup.com/global/en
[ 57/177] Travelopia India             !! blocked-or-error-response
[ 58/177] Trinity Mobility             !! careers-page-unreachable
[ 59/177] Tiger Global India           !! blocked-or-error-response
[ 60/177] Torry Harris                  14 jobs  via headings:https://www.torryharris.com/careers
[ 61/177] Trusting Social India          9 jobs  via headings:https://trustingsocial.com/careers
[ 62/177] TrueFoundry                   23 jobs  via greenhouse:truefoundry
[ 63/177] Thryve Digital               !! careers-page-read-but-lists-no-openings
[ 64/177] Triveni Turbine               10 jobs  via feed:https://www.triveniturbines.com
[ 65/177] Toshiba India                  3 jobs  via jazzhr:taec
[ 66/177] Tata Capital                   3 jobs  via headings:https://www.tatacapital.com/careers.html
[ 67/177] Tata AIG General Insurance    23 jobs  via successfactors:careers.tataaig.com
[ 68/177] Tata Play                    !! no-job-data-found
[ 69/177] Tyfone                         8 jobs  via html:https://tyfone.com/careers/   ** 1 MATCH **
[ 70/177] Tata AIA Life Insurance        2 jobs  via headings:https://www.tataaia.com/careers.html
[ 71/177] Tata Steel                     3 jobs  via headings:https://www.tatasteel.com/careers
[ 72/177] Tata Consumer Products        33 jobs  via successfactors:careers.tataconsumer.com
[ 73/177] Tata AutoComp Systems         12 jobs  via successfactors:careers.tataautocomp.com
[ 74/177] Tata Power                     1 jobs  via successfactors:careers.tatapower.com
[ 75/177] Tata CLiQ                    !! careers-page-read-but-lists-no-openings
[ 76/177] Tata Electronics             !! no-job-data-found
[ 77/177] TVS Motor Company            !! careers-page-unreachable
[ 78/177] Tata Advanced Systems        !! careers-page-read-but-lists-no-openings
[ 79/177] TVS Next                      21 jobs  via keka:tvsnext
[ 80/177] Tejas Networks                 2 jobs  via headings:https://www.tejasnetworks.com/careers/
[ 81/177] Trianz                         2 jobs  via jobvite:trianz
[ 82/177] Tata Communications          !! no-job-data-found
[ 83/177] TVS Credit Services          !! careers-page-read-but-lists-no-openings
[ 84/177] Talentica Software            10 jobs  via feed:https://www.talentica.com
[ 85/177] Tata Motors                  !! careers-page-read-but-lists-no-openings
[ 86/177] Trigyn Technologies          !! careers-page-unreachable
[ 87/177] TheMathCompany               !! careers-page-read-but-lists-no-openings
[ 88/177] TatvaSoft                      2 jobs  via headings:https://www.tatvasoft.com/careers
[ 89/177] Tecnotree India                4 jobs  via headings:https://www.tecnotree.com/career
[ 90/177] Techugo                        8 jobs  via html:https://www.techugo.com/career   ** 1 MATCH **
[ 91/177] Tarento Technologies           2 jobs  via headings:https://www.tarento.com/careers/
[ 92/177] Twixor                       !! careers-page-read-but-lists-no-openings
[ 93/177] Tredence                     !! careers-page-unreachable
[ 94/177] TechAhead                      4 jobs  via keka:techahead   ** 1 MATCH **
[ 95/177] ThinkPalm Technologies         3 jobs  via feed:https://thinkpalm.com
[ 96/177] thinkbridge                    0 jobs  via zohorecruit:thinkbridge (0 open)
[ 97/177] Tricon Infotech                2 jobs  via headings:https://www.triconinfotech.com/tricon-careers/
[ 98/177] Techwave                      63 jobs  via workday:techwave
[ 99/177] Tarams Software Technologies  10 jobs  via feed:https://tarams.com
[100/177] Trigent Software             !! timed-out
[101/177] Tekdi Technologies           !! careers-page-read-but-lists-no-openings
[102/177] TRooTech Business Solutions    8 jobs  via next-data:https://www.trootech.com/careers
[103/177] Third Rock Techkno           !! careers-page-read-but-lists-no-openings
[104/177] Truminds Software Systems    !! careers-page-read-but-lists-no-openings
[105/177] Trimble India                 50 jobs  via feed:https://www.trimble.com
[106/177] Tectoro Consulting           !! no-job-data-found
[107/177] Techtic Solutions            !! careers-page-read-but-lists-no-openings
[108/177] Talentelgia Technologies     !! careers-page-read-but-lists-no-openings
[109/177] Tudip Technologies             9 jobs  via headings:https://tudip.com/careers
[110/177] Trend Micro India             40 jobs  via workday:trendmicro   ** 1 MATCH **
[111/177] Teradata India               240 jobs  via feed:https://www.teradata.com
[112/177] Tektronix India              !! careers-page-read-but-lists-no-openings
[113/177] TE Connectivity India         46 jobs  via successfactors:careers.te.com
[114/177] Truecaller India             !! careers-page-read-but-lists-no-openings
[115/177] TELUS Digital India          !! blocked-or-error-response
[116/177] TomTom India                   2 jobs  via headings:https://www.tomtom.com/careers/
[117/177] Tricentis India              !! careers-page-unreachable
[118/177] Tenable India                 44 jobs  via greenhouse:tenableinc   ** 1 MATCH **
[119/177] Travelport India             !! careers-page-read-but-lists-no-openings
[120/177] Teachmint                     29 jobs  via keka:teachmint   ** 1 MATCH **
[121/177] Textron India                  2 jobs  via headings:https://www.textron.com/career
[122/177] Tridhya Tech                 !! careers-page-read-but-lists-no-openings
[123/177] Truemeds                     !! no-job-data-found
[124/177] Testbook                     !! careers-page-read-but-lists-no-openings
[125/177] TranZact                       5 jobs  via keka:fcb
[126/177] ThoughtFocus                 !! timed-out
[127/177] Tartan                         6 jobs  via keka:tartanhq
[128/177] Thermo Fisher Scientific Ind !! careers-page-read-but-lists-no-openings
[129/177] Turno                          9 jobs  via keka:turno
[130/177] Teradyne India                53 jobs  via successfactors:jobs.teradyne.com
[131/177] TekLink International        !! timed-out
[132/177] Tricog Health                  0 jobs  via zohorecruit:tricog (0 open)
[133/177] TransUnion CIBIL             !! blocked-or-error-response
[134/177] Tonbo Imaging                 14 jobs  via headings:https://tonboimaging.com/defense/careers/
[135/177] The Souled Store             !! careers-page-read-but-lists-no-openings
[136/177] TalentNeuron                   6 jobs  via rippling:talentneuroncareers
[137/177] Thence                       !! careers-page-read-but-lists-no-openings
[138/177] Techversant Infotech          10 jobs  via feed:https://techversantinfotech.com
[139/177] TrusTrace                    !! careers-page-read-but-lists-no-openings
[140/177] Trustt                       !! careers-page-read-but-lists-no-openings
[141/177] Tridiagonal Solutions         13 jobs  via headings:https://tridiagonal.com/careers
[142/177] Teksun                        20 jobs  via feed:https://teksun.com
[143/177] Toluna India                 !! blocked-or-error-response
[144/177] Twid                         !! careers-page-read-but-lists-no-openings
[145/177] Tyler Technologies India     !! careers-page-read-but-lists-no-openings
[146/177] TIBCO Software India         !! no-job-data-found
[147/177] Truein                       !! careers-page-read-but-lists-no-openings
[148/177] Techdome Solutions           !! careers-page-read-but-lists-no-openings
[149/177] Trendlyne                    !! no-job-data-found
[150/177] Typeface                      16 jobs  via greenhouse:typeface
[151/177] Techmango Technology Service  10 jobs  via feed:https://www.techmango.net
[152/177] Tookitaki                    !! careers-page-read-but-lists-no-openings
[153/177] ToneTag                      !! no-job-data-found
[154/177] The Digital Group              5 jobs  via headings:https://www.thedigitalgroup.com/careers
[155/177] Tenup Software Services        6 jobs  via headings:https://www.tenupsoft.com/careers.html
[156/177] Toyota Connected India       !! careers-page-read-but-lists-no-openings
[157/177] TAKE Solutions               !! careers-page-read-but-lists-no-openings
[158/177] Treebo Hotels                 11 jobs  via headings:https://careers.treebo.com/
[159/177] Testsigma                    !! careers-page-read-but-lists-no-openings
[160/177] TravelTriangle                10 jobs  via headings:https://traveltriangle.com/career
[161/177] TradeIndia                   !! careers-page-read-but-lists-no-openings
[162/177] TransPerfect India            40 jobs  via workday:transperfect
[163/177] Toprankers                   113 jobs  via keka:toprankers
[164/177] TCG Digital                   10 jobs  via feed:https://www.tcgdigital.com
[165/177] Tarnea Technology Solutions  !! careers-page-read-but-lists-no-openings
[166/177] Tenstorrent India            127 jobs  via greenhouse:tenstorrent
[167/177] Techify Solutions              9 jobs  via feed:https://techifysolutions.com
[168/177] ThoughtMate Systems          !! careers-page-read-but-lists-no-openings
[169/177] Trigma Solutions               4 jobs  via headings:https://trigma.com/careers/
[170/177] Tazapay                        0 jobs  via zohorecruit:careers.tazapay.com (0 open)
[171/177] Traya Health                 !! no-job-data-found
[172/177] Tower Research Capital India !! careers-page-read-but-lists-no-openings
[173/177] Trane Technologies India     !! careers-page-read-but-lists-no-openings
[174/177] TIAA India                    40 jobs  via workday:tiaa
[175/177] Tekgeminus Solutions         !! careers-page-read-but-lists-no-openings
[176/177] The Good Glamm Group         !! careers-page-read-but-lists-no-openings
[177/177] TrackWizz                    !! timed-out

  boards read with jobs : 96
  boards read, 0 open   : 4
  could not read        : 77
  companies w/ matches  : 8

Wrote careers.txt + results.json
