Checking 38 companies (concurrency 8)

[  1/38] UiPath India                 121 jobs  via ashby:uipath   ** 2 MATCH **
[  2/38] UST Global                   !! blocked-or-error-response
[  3/38] Upstox                         2 jobs  via next-data:https://upstox.com/careers/
[  4/38] Unacademy                    !! careers-page-read-but-lists-no-openings
[  5/38] Ula                          !! no-job-data-found
[  6/38] UnitedHealth Group India      17 jobs  via headings:https://careers.unitedhealthgroup.com/search-jobs
[  7/38] Urban Company                !! careers-page-read-but-lists-no-openings
[  8/38] Uniphore                      37 jobs  via workday:uniphore
[  9/38] Uber India                   !! blocked-or-error-response
[ 10/38] UpGrad                         6 jobs  via headings:https://www.upgrad.com/careers/
[ 11/38] Udaan                        !! careers-page-read-but-lists-no-openings
[ 12/38] Unisys India                  40 jobs  via workday:unisys
[ 13/38] Ugam Solutions               !! careers-page-read-but-lists-no-openings
[ 14/38] Uplers                        10 jobs  via feed:https://www.uplers.com
[ 15/38] Utthunga                      10 jobs  via feed:https://utthunga.com
[ 16/38] Unbxd                        !! no-job-data-found
[ 17/38] Uengage                      !! no-job-data-found
[ 18/38] Ultratech Cement             !! careers-page-read-but-lists-no-openings
[ 19/38] Unbound Security             !! careers-page-unreachable
[ 20/38] Ubuy India                   !! careers-page-read-but-lists-no-openings
[ 21/38] Ushur                         10 jobs  via headings:https://ushur.ai/careers
[ 22/38] Ubisoft India                !! no-job-data-found
[ 23/38] Udacity India                 16 jobs  via greenhouse:udacity
[ 24/38] Unify Technologies           !! careers-page-read-but-lists-no-openings
[ 25/38] Unifize                        7 jobs  via headings:https://careers.unifize.com/
[ 26/38] Upcurve Business             !! careers-page-unreachable
[ 27/38] Unilog                       !! blocked-or-error-response
[ 28/38] Uncia Technologies             5 jobs  via wordpress:https://uncia.ai
[ 29/38] Unnati                       !! careers-page-unreachable
[ 30/38] Umbrella Infocare             10 jobs  via html:https://www.umbrellainfocare.com/career
[ 31/38] Uplift Labs                  !! no-job-data-found
[ 32/38] Upstack India                  1 jobs  via greenhouse:upstack
[ 33/38] Utopia Global                !! careers-page-unreachable
[ 34/38] Urbanpiper                   !! careers-page-read-but-lists-no-openings
[ 35/38] Unified Infotech               9 jobs  via feed:https://www.unifiedinfotech.net
[ 36/38] Urja Global                  !! no-job-data-found
[ 37/38] United Airlines India        !! timed-out
[ 38/38] Uninstall.io                 !! timed-out

  boards read with jobs : 15
  boards read, 0 open   : 0
  could not read        : 23
  companies w/ matches  : 1

Wrote careers.txt + results.json
