Checking 157 companies (concurrency 8)

[  1/157] Vymo                         !! careers-page-read-but-lists-no-openings
[  2/157] Vodafone Idea                !! careers-page-read-but-lists-no-openings
[  3/157] Vedantu                      !! careers-page-read-but-lists-no-openings
[  4/157] Volvo India                   58 jobs  via successfactors:jobs.volvogroup.com
[  5/157] Visa India                    40 jobs  via workday:visa
[  6/157] Virtusa                      !! careers-page-read-but-lists-no-openings
[  7/157] Vahan                        !! careers-page-read-but-lists-no-openings
[  8/157] VMware India                 !! careers-page-read-but-lists-no-openings
[  9/157] Siemens Healthineers (Varian   2 jobs  via headings:https://www.siemens-healthineers.com/careers
[ 10/157] Vertafore India              !! careers-page-read-but-lists-no-openings
[ 11/157] Vertex Inc India              21 jobs  via workday:vertexinc
[ 12/157] Vanguard India                 4 jobs  via html:https://www.vanguardjobs.com/
[ 13/157] Visteon India                !! blocked-or-error-response
[ 14/157] Vinculum                       6 jobs  via headings:https://www.vinculumgroup.com/career/
[ 15/157] Verizon India                !! no-job-data-found
[ 16/157] Valuelabs                    !! careers-page-read-but-lists-no-openings
[ 17/157] Voltas                       !! no-job-data-found
[ 18/157] Vahak                          5 jobs  via headings:https://www.vahak.in/careers
[ 19/157] Veeva India                    2 jobs  via headings:https://www.veeva.com/join-us
[ 20/157] Vogo                           4 jobs  via lever:vogo
[ 21/157] Vodafone Intelligent Solutio   2 jobs  via headings:https://www.vodafone.com/career
[ 22/157] Vialto Partners India          3 jobs  via headings:https://vialtopartners.com/careers
[ 23/157] Vidyalai                      12 jobs  via headings:https://erp.vidyalai.com/jobs
[ 24/157] Verse Innovation             !! no-job-data-found
[ 25/157] Vinsys                         0 jobs  via zohorecruit:careers.vinsys.com (0 open)
[ 26/157] VeriPark India                29 jobs  via workday:veripark
[ 27/157] Velotio Technologies          35 jobs  via html:https://www.velotio.com/careers
[ 28/157] VDoIT                        !! no-job-data-found
[ 29/157] Vantage Circle               !! careers-page-read-but-lists-no-openings
[ 30/157] Varthana                       8 jobs  via headings:https://app79.workline.hr/Candidate/GeneralOpening.aspx
[ 31/157] Vasitum                      !! careers-page-read-but-lists-no-openings
[ 32/157] Vertoz                         0 jobs  via zohorecruit:vertoz (0 open)
[ 33/157] ValueFirst                     2 jobs  via headings:https://www.vfirst.com/resources/careers
[ 34/157] Vayana Network               !! careers-page-read-but-lists-no-openings
[ 35/157] Vectra AI India               21 jobs  via greenhouse:vectranetworks
[ 36/157] Veersa Technologies          !! blocked-or-error-response
[ 37/157] Vayu Robotics                  5 jobs  via headings:https://www.vayurobotics.com/company/careers
[ 38/157] Velocity                       6 jobs  via ashby:velocity
[ 39/157] Vehant Technologies            9 jobs  via headings:https://www.vehant.com/careers/
[ 40/157] Vuram                        !! no-job-data-found
[ 41/157] Verifone India                44 jobs  via greenhouse:verifone
[ 42/157] Venwiz                        14 jobs  via keka:venwiztechnologies
[ 43/157] Valasys Media                 13 jobs  via headings:https://valasys.com/careers/
[ 44/157] Velsera India                  5 jobs  via feed:https://velsera.com
[ 45/157] Vestas India                  41 jobs  via successfactors:careers.vestas.com
[ 46/157] Vernost                      !! no-job-data-found
[ 47/157] Vidooly                      !! blocked-or-error-response
[ 48/157] Vidhyaa                        2 jobs  via headings:https://www.vidhyaa.in/career
[ 49/157] Vertiv India                   2 jobs  via headings:https://www.vertiv.com/en-us/about/career-center/?utm_source=careers+launch&utm_campaign=careers&utm_medium=print
[ 50/157] Virtual Galaxy                 3 jobs  via headings:https://www.vgipl.com/careers
[ 51/157] Vionsys                      !! careers-page-read-but-lists-no-openings
[ 52/157] Vistaar Technologies           6 jobs  via headings:https://www.vistaar.com/careers
[ 53/157] Vigilant Technologies         32 jobs  via headings:https://vigilant-inc.com/careers/
[ 54/157] Vishay India                  40 jobs  via workday:vishay
[ 55/157] Vegrow                       !! timed-out
[ 56/157] Vistex India                 !! careers-page-read-but-lists-no-openings
[ 57/157] Majesco (Vitech)             !! careers-page-read-but-lists-no-openings
[ 58/157] Vyapar                        70 jobs  via keka:vyaparapp
[ 59/157] Veritas India                !! careers-page-read-but-lists-no-openings
[ 60/157] Voylla                         7 jobs  via headings:https://www.voylla.com/pages/careers
[ 61/157] Vodex                        !! careers-page-read-but-lists-no-openings
[ 62/157] Vunet Systems                  5 jobs  via headings:https://vunetsystems.com/company/careers
[ 63/157] ValueMomentum                  2 jobs  via feed:https://www.valuemomentum.com
[ 64/157] VVDN Technologies              2 jobs  via headings:https://www.vvdntech.com/careers
[ 65/157] Virtuos Digital                2 jobs  via headings:https://www.virtuos.com/careers
[ 66/157] Versa Networks India         !! timed-out
[ 67/157] Vidhema Technologies         !! no-job-data-found
[ 68/157] Volumetree                   !! careers-page-read-but-lists-no-openings
[ 69/157] Vyrazu Labs                  !! careers-page-read-but-lists-no-openings
[ 70/157] Vofox Solutions              !! no-job-data-found
[ 71/157] Vayavya Labs                  15 jobs  via wordpress:https://vayavyalabs.com
[ 72/157] Veltris                        0 jobs  via zohorecruit:veltris (0 open)
[ 73/157] Vasundhara Infotech           10 jobs  via headings:https://www.vasundhara.io/career
[ 74/157] Vayuz Technologies            28 jobs  via wordpress:https://www.vayuz.com
[ 75/157] VerveLogic                     8 jobs  via headings:https://vervelogic.com/careers
[ 76/157] Vega Moon Technologies         9 jobs  via feed:https://www.vegamoontech.com
[ 77/157] Volansys                     !! timed-out
[ 78/157] Vsplash                      !! timed-out
[ 79/157] Vertace                      !! blocked-or-error-response
[ 80/157] Vindaloo Softtech              3 jobs  via headings:https://www.vindaloosofttech.com/careers/
[ 81/157] VertexPlus Technologies        2 jobs  via headings:https://www.vertexplus.com/career
[ 82/157] Veritis Group                !! timed-out
[ 83/157] V2Solutions                  !! timed-out
[ 84/157] Vrinsoft Technology           24 jobs  via headings:https://www.vrinsofts.com/career.html
[ 85/157] Vibidsoft                    !! careers-page-read-but-lists-no-openings
[ 86/157] Vidyatech Solutions           13 jobs  via headings:https://vidyatech.com/careers.html
[ 87/157] Virtual Height IT Services   !! no-job-data-found
[ 88/157] Valuebound                     3 jobs  via headings:https://www.valuebound.com/career
[ 89/157] Vtiger                         5 jobs  via headings:https://www.vtiger.com/careers/
[ 90/157] Vmoksha Technologies         !! careers-page-unreachable
[ 91/157] ValueCoders                   28 jobs  via keka:vinove
[ 92/157] Vertex Infosoft Solutions      3 jobs  via headings:https://vertexinfosoft.com/careers/
[ 93/157] Vinsol                         1 jobs  via zohorecruit:vinsol
[ 94/157] Vibrant Info                   3 jobs  via feed:https://www.vibrant-info.com   ** 1 MATCH **
[ 95/157] Vinove Software              !! careers-page-read-but-lists-no-openings
[ 96/157] Volante Technologies          24 jobs  via bamboohr:volanteoneteam
[ 97/157] VSoft Technologies           !! careers-page-read-but-lists-no-openings
[ 98/157] Vervali Systems                6 jobs  via headings:https://www.vervali.com/careers
[ 99/157] Vaanam Technologies          !! careers-page-read-but-lists-no-openings
[100/157] VSM Software                 !! careers-page-read-but-lists-no-openings
[101/157] Vitraya Technologies           6 jobs  via headings:https://www.vitraya.com/career
[102/157] Vitrana                       13 jobs  via headings:https://www.vitrana.com/career
[103/157] Vecmocon Technologies         15 jobs  via keka:vecmocon
[104/157] Volopay                      !! careers-page-read-but-lists-no-openings
[105/157] Vivriti Capital                3 jobs  via headings:https://www.vivriticapital.com/job-opening.html
[106/157] Vegapay                        7 jobs  via keka:vegapay
[107/157] Veefin Solutions             !! careers-page-read-but-lists-no-openings
[108/157] Vakilsearch                   13 jobs  via next-data:https://vakilsearch.com/careers
[109/157] Visionet Systems              26 jobs  via sitemap:https://www.visionet.com
[110/157] Virohan                        2 jobs  via headings:https://www.virohan.com/careers
[111/157] Veranda Learning             !! careers-page-read-but-lists-no-openings
[112/157] Visit Health                  47 jobs  via keka:getvisitapp
[113/157] Vetic                        !! careers-page-read-but-lists-no-openings
[114/157] Vidyakul                     !! careers-page-read-but-lists-no-openings
[115/157] VMock                        !! careers-page-read-but-lists-no-openings
[116/157] Voiro Technologies           !! blocked-or-error-response
[117/157] Volody                       !! no-job-data-found
[118/157] Vsourz                       !! blocked-or-error-response
[119/157] vPhrase Analytics            !! no-job-data-found
[120/157] VT Netzwelt                    7 jobs  via wordpress:https://www.vtnetzwelt.com
[121/157] Verloop.io                   !! careers-page-read-but-lists-no-openings
[122/157] Vamaship                     !! no-job-data-found
[123/157] VideoKen                     !! no-job-data-found
[124/157] Vivifi India Finance         !! no-job-data-found
[125/157] Volt Money                   !! no-job-data-found
[126/157] Varuna Group                 !! careers-page-read-but-lists-no-openings
[127/157] Vidal Health                 !! no-job-data-found
[128/157] Vastu Housing Finance        !! careers-page-read-but-lists-no-openings
[129/157] Virinchi                     !! careers-page-read-but-lists-no-openings
[130/157] Vested Finance               !! careers-page-read-but-lists-no-openings
[131/157] Veritas Finance              !! careers-page-read-but-lists-no-openings
[132/157] Vakrangee                    !! careers-page-unreachable
[133/157] Vigyanlabs                   !! careers-page-read-but-lists-no-openings
[134/157] Voxel Busters                !! no-job-data-found
[135/157] Vaibhav Global               !! blocked-or-error-response
[136/157] Vaidam Health                !! no-job-data-found
[137/157] Vecros Technologies          !! careers-page-read-but-lists-no-openings
[138/157] VE Commercial Vehicles       !! blocked-or-error-response
[139/157] Vonage India                 !! blocked-or-error-response
[140/157] Ventura Securities            18 jobs  via wordpress:https://www.venturasecurities.com
[141/157] Veeam Software India           9 jobs  via headings:https://careers.veeam.com/
[142/157] Verint India                 !! careers-page-read-but-lists-no-openings
[143/157] Vardhaman Infotech           !! timed-out
[144/157] VideoVerse                   !! blocked-or-error-response
[145/157] Viavi Solutions India        !! careers-page-read-but-lists-no-openings
[146/157] Veradigm India                40 jobs  via workday:veradigm
[147/157] Vivo India                   !! careers-page-read-but-lists-no-openings
[148/157] VFS Global                   !! careers-page-read-but-lists-no-openings
[149/157] Vistaprint India               3 jobs  via headings:https://www.vistaprint.in/careers
[150/157] Vector Informatik India        6 jobs  via headings:https://www.vector.com/careers/
[151/157] Valeo India                   40 jobs  via workday:valeo
[152/157] Verisk India                 !! careers-page-read-but-lists-no-openings
[153/157] Viatris India                 40 jobs  via workday:viatris
[154/157] VWG Digital Solutions India  !! careers-page-unreachable
[155/157] Volvo Cars India             !! careers-page-read-but-lists-no-openings
[156/157] Vanderlande India             40 jobs  via workday:vanderlande
[157/157] Viasat India                  34 jobs  via sitemap:https://careers.viasat.com   ** 1 MATCH **

  boards read with jobs : 73
  boards read, 0 open   : 3
  could not read        : 81
  companies w/ matches  : 2

Wrote careers.txt + results.json
