Checking 265 companies (concurrency 8)

[  1/265] Wingify (VWO)                 20 jobs  via keka:wingify   ** 1 MATCH **
[  2/265] WazirX                       !! careers-page-read-but-lists-no-openings
[  3/265] Wissen Technology              0 jobs  via zohorecruit:wissen (0 open)
[  4/265] Wakefit                      !! careers-page-read-but-lists-no-openings
[  5/265] Whatfix                       28 jobs  via recruiterbox:whatfix101
[  6/265] WNS Global Services          356 jobs  via smartrecruiters:WNSGlobalServices144
[  7/265] Webkul Software               10 jobs  via headings:https://webkul.com/careers/
[  8/265] WheelsEye                    !! careers-page-read-but-lists-no-openings
[  9/265] WinZO Games                  !! careers-page-read-but-lists-no-openings
[ 10/265] Wipro                         76 jobs  via successfactors:careers.wipro.com   ** 3 MATCH **
[ 11/265] Wobot AI                     !! careers-page-read-but-lists-no-openings
[ 12/265] Webandcrafts                 !! careers-page-read-but-lists-no-openings
[ 13/265] WebEngage                     20 jobs  via keka:webklipper
[ 14/265] Wolken Software              !! careers-page-read-but-lists-no-openings
[ 15/265] WovV Technologies              9 jobs  via headings:https://www.wovvtech.com/careers/
[ 16/265] WorkIndia                      7 jobs  via html:https://www.workindia.in/jobs/
[ 17/265] Wibmo (PayU)                 !! no-job-data-found
[ 18/265] Wysa                         !! careers-page-read-but-lists-no-openings
[ 19/265] Wonderla Holidays              9 jobs  via next-data:https://www.wonderla.com/careers
[ 20/265] Wow! Momo Foods              !! careers-page-unreachable
[ 21/265] Wonderchef                   !! no-job-data-found
[ 22/265] Welspun World                !! careers-page-read-but-lists-no-openings
[ 23/265] Wizikey                        2 jobs  via smartrecruiters:Wizikey
[ 24/265] Wadhwani AI                   24 jobs  via zohorecruit:wadhwaniai
[ 25/265] Weekday.works                 60 jobs  via lever:weekdayworks
[ 26/265] Wellthy Therapeutics           0 jobs  via zohorecruit:wellthytherapeutics (0 open)
[ 27/265] Waterfield Advisors            6 jobs  via headings:https://waterfieldadvisors.com/careers
[ 28/265] Wow Skin Science             !! no-job-data-found
[ 29/265] Whirlpool of India            31 jobs  via sitemap:https://jobs.whirlpool.com
[ 30/265] Wint Wealth                  !! no-job-data-found
[ 31/265] WoodenStreet                   2 jobs  via zohorecruit:woodenstreet
[ 32/265] WeMakeScholars                 4 jobs  via headings:https://www.wemakescholars.com/hiring
[ 33/265] Wockhardt                      2 jobs  via headings:https://www.wockhardt.com/careers/
[ 34/265] WeWork India                  85 jobs  via smartapply:weworkindia
[ 35/265] Winman Software               14 jobs  via html:https://www.winmansoftware.com/careers/
[ 36/265] Wingreens World              !! no-job-data-found
[ 37/265] Wiom                         !! careers-page-read-but-lists-no-openings
[ 38/265] Wizcraft                     !! no-job-data-found
[ 39/265] Wholsum Foods (Slurrp)       !! no-job-data-found
[ 40/265] Wells Fargo                   40 jobs  via workday:wf
[ 41/265] Walmart Global Tech            3 jobs  via headings:https://careers.walmart.com/us/en/home/careers-areas/technology
[ 42/265] Wolters Kluwer                40 jobs  via workday:wk
[ 43/265] Western Digital              368 jobs  via smartrecruiters:WesternDigital
[ 44/265] Wipro PARI                   !! careers-page-read-but-lists-no-openings
[ 45/265] Workday                       40 jobs  via workday:workday
[ 46/265] WTW (Willis Towers Watson)   !! careers-page-read-but-lists-no-openings
[ 47/265] Winjit Technologies          !! timed-out
[ 48/265] Warner Bros. Discovery        40 jobs  via workday:warnerbros
[ 49/265] Western Union                 40 jobs  via workday:westernunion
[ 50/265] Wheelocity                   !! blocked-or-error-response
[ 51/265] Waters Corporation           137 jobs  via icims:uscareers-waters
[ 52/265] Wiley                         40 jobs  via workday:wiley
[ 53/265] Wayfair                      !! blocked-or-error-response
[ 54/265] Worley                         2 jobs  via html:https://www.worley.com/en/careers
[ 55/265] WSP                          !! no-job-data-found
[ 56/265] Wabtec                        10 jobs  via headings:https://careers.wabtec.com/
[ 57/265] Wood                         !! blocked-or-error-response
[ 58/265] Wärtsilä                      41 jobs  via successfactors:careers.wartsila.com
[ 59/265] World Wide Technology        !! careers-page-read-but-lists-no-openings
[ 60/265] Wavelabs Technologies        !! timed-out
[ 61/265] Woodward                      40 jobs  via workday:woodward
[ 62/265] Whirlpool Corporation         31 jobs  via sitemap:https://jobs.whirlpool.com
[ 63/265] WPP                          !! careers-page-read-but-lists-no-openings
[ 64/265] Wacker Chemie                 36 jobs  via successfactors:jobs.wacker.com
[ 65/265] Wistron                      !! careers-page-read-but-lists-no-openings
[ 66/265] Workhuman                      9 jobs  via workday:workhuman
[ 67/265] Weir Group                    40 jobs  via workday:weir
[ 68/265] Westinghouse Electric         50 jobs  via successfactors:careers.westinghousenuclear.com   ** 1 MATCH **
[ 69/265] WEX Inc.                      10 jobs  via phenom:_self
[ 70/265] Woodside Energy               28 jobs  via successfactors:careers.woodside.com.au
[ 71/265] Winnebago Industries         !! careers-page-read-but-lists-no-openings
[ 72/265] Wolfspeed                     40 jobs  via workday:cree
[ 73/265] Welocalize                     6 jobs  via headings:https://www.welocalize.com/careers
[ 74/265] Würth Group                   69 jobs  via successfactors:career.witglobal.net   ** 1 MATCH **
[ 75/265] Wienerberger                 !! careers-page-read-but-lists-no-openings
[ 76/265] WAGO                         !! careers-page-read-but-lists-no-openings
[ 77/265] Williams-Sonoma              !! careers-page-read-but-lists-no-openings
[ 78/265] WM (Waste Management)        !! careers-page-read-but-lists-no-openings
[ 79/265] Warner Music Group            22 jobs  via lever:wmg
[ 80/265] Whitbread                      3 jobs  via headings:https://www.whitbreadcareers.com/search-and-apply/
[ 81/265] Wacom                          9 jobs  via html:https://www.wacom.com/en-us/about-wacom/careers-at-wacom
[ 82/265] Webhelp (Concentrix)          40 jobs  via workday:cnx
[ 83/265] Wolseley                      62 jobs  via workday:wolseleyuk
[ 84/265] Wesco International          !! careers-page-read-but-lists-no-openings
[ 85/265] Westlake Corporation          40 jobs  via workday:westlake
[ 86/265] Watts Water Technologies      40 jobs  via workday:wattswater
[ 87/265] Wiz                            4 jobs  via headings:https://www.wiz.io/careers
[ 88/265] Wingstop                     !! careers-page-read-but-lists-no-openings
[ 89/265] Wendy's                      !! careers-page-read-but-lists-no-openings
[ 90/265] Workato                      158 jobs  via greenhouse:workato   ** 7 MATCH **
[ 91/265] WestRock (Smurfit)             2 jobs  via html:https://smurfitwestrockta.avature.net/en_US/careers/SearchJobs
[ 92/265] WHOOP                        178 jobs  via ashby:whoop   ** 9 MATCH **
[ 93/265] Willdan Group                  2 jobs  via headings:https://www.willdan.com/join-us
[ 94/265] Wesfarmers                   !! careers-page-read-but-lists-no-openings
[ 95/265] Wealthfront                   17 jobs  via lever:wealthfront   ** 2 MATCH **
[ 96/265] Wistia                         1 jobs  via ashby:wistia
[ 97/265] Wrike                         82 jobs  via greenhouse:wrike
[ 98/265] WP Engine                     11 jobs  via workday:wpengine
[ 99/265] Wattpad                       23 jobs  via lever:wattpad
[100/265] WalkMe                        50 jobs  via lever:walkme
[101/265] Webflow                       29 jobs  via greenhouse:webflow
[102/265] Wolt (DoorDash)              245 jobs  via greenhouse:wolt
[103/265] Wix.com                      !! careers-page-read-but-lists-no-openings
[104/265] Wise                          19 jobs  via html:https://wise.jobs/
[105/265] WeTransfer (Bending Spoons)  !! careers-page-read-but-lists-no-openings
[106/265] Wallarm                      !! blocked-or-error-response
[107/265] Workvivo (Zoom)                3 jobs  via html:https://careers.zoom.us/jobs/search?page=1&dropdown_field_1_uids%5B%5D=ec44169900cf4b446f24bd736385eb3d&query=
[108/265] Workiva                       40 jobs  via workday:workiva
[109/265] WEKA                          18 jobs  via headings:https://www.weka.io/careers/
[110/265] WeWork                        40 jobs  via workday:wework
[111/265] Wayve                        107 jobs  via greenhouse:wayve
[112/265] Weights & Biases             !! careers-page-read-but-lists-no-openings
[113/265] Waymo                        397 jobs  via greenhouse:waymo   ** 2 MATCH **
[114/265] Workleap                      12 jobs  via greenhouse:workleap
[115/265] WatchGuard Technologies       36 jobs  via lever:watchguard
[116/265] Withings                     !! blocked-or-error-response
[117/265] Wallbox                      !! no-job-data-found
[118/265] Wefox                        !! careers-page-read-but-lists-no-openings
[119/265] Wildlife Studios              19 jobs  via greenhouse:wildlifestudios
[120/265] Wooga                          1 jobs  via greenhouse:wooga
[121/265] Wooqer                       !! careers-page-read-but-lists-no-openings
[122/265] WH Smith                     !! timed-out
[123/265] WalkingTree Technologies       6 jobs  via feed:https://walkingtree.tech
[124/265] WeblineIndia                  31 jobs  via zohorecruit:weblineindia
[125/265] Wappnet Systems                6 jobs  via headings:https://wappnet.com/career
[126/265] WeDoWebApps                    4 jobs  via feed:https://www.wedowebapps.com
[127/265] WebClues Infotech            !! careers-page-read-but-lists-no-openings
[128/265] Westpac                      !! timed-out
[129/265] WisdmLabs                      1 jobs  via keka:wisdmlabs
[130/265] WPWeb Infotech                 9 jobs  via feed:https://wpwebinfotech.com
[131/265] W3villa Technologies           3 jobs  via headings:https://www.w3villa.com/careers
[132/265] Way2Smile Solutions          !! no-job-data-found
[133/265] WebOccult Technologies         6 jobs  via headings:https://weboccult.com/career/
[134/265] Webskitters                    3 jobs  via headings:https://www.webskitters.com/career
[135/265] Wildnet Technologies          16 jobs  via keka:wildnet
[136/265] W2S Solutions                !! no-job-data-found
[137/265] Webdura Technologies           4 jobs  via headings:https://www.webdura.in/webdura-careers/
[138/265] WeeTech Solution               5 jobs  via headings:https://www.weetechsolution.com/career/   ** 1 MATCH **
[139/265] WonderBiz Technologies        10 jobs  via feed:https://wonderbiz.in
[140/265] Webnexs                      !! no-job-data-found
[141/265] Webs Optimization Software S !! careers-page-read-but-lists-no-openings
[142/265] WiSilica                     !! careers-page-read-but-lists-no-openings
[143/265] W3care Technologies            7 jobs  via json-ld:https://www.w3care.com/company/career
[144/265] WebCodeGenie                  11 jobs  via headings:https://webcodegenie.com/career
[145/265] Wolfram Research             !! timed-out
[146/265] Wow Labz                       0 jobs  via zohorecruit:wowlabz (0 open)
[147/265] Winklix                        2 jobs  via headings:https://winklix.com/careers
[148/265] Webnyxa Technologies         !! no-job-data-found
[149/265] Wisitech InfoSolutions       !! careers-page-unreachable
[150/265] Websym Solutions             !! no-job-data-found
[151/265] Webmyne Systems               11 jobs  via headings:https://www.webmyne.com/career.php
[152/265] WebSenor                      10 jobs  via feed:https://websenor.com
[153/265] Web Spiders                    1 jobs  via json-ld:https://webspiders.com/careers
[154/265] Webgarh Solutions              2 jobs  via headings:https://webgarh.com/pages/careers
[155/265] WeDigTech                    !! careers-page-read-but-lists-no-openings
[156/265] Webkorps Services            !! careers-page-read-but-lists-no-openings
[157/265] WebGuru Infosystems          !! timed-out
[158/265] Wegile                        13 jobs  via headings:https://wegile.com/jobs
[159/265] webdew                         5 jobs  via sitemap:https://careers.webdew.com
[160/265] Wizard Infoways              !! no-job-data-found
[161/265] Wysetek Systems               10 jobs  via feed:https://wysetek.com
[162/265] Wishtree Technologies          5 jobs  via headings:https://wishtreetech.com/careers/
[163/265] WittyBrains Software Technol !! no-job-data-found
[164/265] Whizzystack                    7 jobs  via feed:https://whizzystack.co
[165/265] World Web Technology           2 jobs  via wordpress:https://worldwebtechnology.com
[166/265] West Agile Labs              !! blocked-or-error-response
[167/265] WebPlanex Infotech             5 jobs  via headings:https://www.webplanex.com/jobs/
[168/265] Wattlecorp Cybersecurity Lab  16 jobs  via wordpress:https://www.wattlecorp.com
[169/265] WebMobTech                    17 jobs  via headings:https://webmobtech.com/career/
[170/265] WowMakers                      4 jobs  via headings:https://www.wowmakers.com/careers/
[171/265] WOWinfotech                  !! careers-page-read-but-lists-no-openings
[172/265] Winsoft Solution             !! blocked-or-error-response
[173/265] White Lotus Corporation      !! careers-page-read-but-lists-no-openings
[174/265] Wama Technology              !! timed-out
[175/265] Webwing Technologies         !! no-job-data-found
[176/265] Wits Innovation Lab            2 jobs  via headings:https://thewitslab.com/careers
[177/265] Winsoft Technologies          10 jobs  via feed:https://winsoftech.com
[178/265] Wondersoft                     5 jobs  via headings:https://www.wondersoft.com/jobs
[179/265] Websoftex Software           !! no-job-data-found
[180/265] WinfoGlobal Technologies     !! no-job-data-found
[181/265] Wilco Source                   4 jobs  via headings:https://wilcosource.com/careers/
[182/265] WeframeTech                    9 jobs  via headings:https://careers.weframetech.com/
[183/265] WyzMindz Solutions           !! no-job-data-found
[184/265] Winspire Solutions           !! no-job-data-found
[185/265] WareIQ                         2 jobs  via headings:https://wareiq.com/careers
[186/265] WebbyTemplate                !! careers-page-read-but-lists-no-openings
[187/265] Wonderslate                  !! no-job-data-found
[188/265] Wiingy                       !! blocked-or-error-response
[189/265] Wealthy                      !! careers-page-read-but-lists-no-openings
[190/265] WizKlub                      !! no-job-data-found
[191/265] Whizible                     !! no-job-data-found
[192/265] Way2Wealth                   !! blocked-or-error-response
[193/265] Writer Information             3 jobs  via headings:https://writerinformation.com/careers/
[194/265] Winvesta                     !! careers-page-read-but-lists-no-openings
[195/265] WNS-Vuram                    !! blocked-or-error-response
[196/265] Wishfin                        3 jobs  via headings:https://www.wishfin.com/careers
[197/265] Wonder Home Finance          !! careers-page-unreachable
[198/265] Wizely                       !! no-job-data-found
[199/265] WotNot                       !! no-job-data-found
[200/265] Wizzy                          3 jobs  via headings:https://wizzy.ai/careers
[201/265] WhiteCoats                   !! no-job-data-found
[202/265] Wegofin                      !! blocked-or-error-response
[203/265] WizCommerce                    2 jobs  via headings:https://wizcommerce.com/careers/
[204/265] Workstatus                    28 jobs  via keka:vinove
[205/265] Wisemonk                       2 jobs  via json-ld:https://www.wisemonk.io/careers
[206/265] WeRize                       !! careers-page-read-but-lists-no-openings
[207/265] WedMeGood                      2 jobs  via headings:https://www.wedmegood.com/careers
[208/265] Weblizar                     !! timed-out
[209/265] Wizr AI                      !! careers-page-read-but-lists-no-openings
[210/265] WhistleDrive                 !! careers-page-read-but-lists-no-openings
[211/265] Winni                          0 jobs  via zohorecruit:winni (0 open)
[212/265] Wobb                         !! careers-page-read-but-lists-no-openings
[213/265] WeVOIS Labs                  !! careers-page-read-but-lists-no-openings
[214/265] Waybeo                         4 jobs  via headings:https://www.waybeo.com/career/
[215/265] Whrrl                        !! no-job-data-found
[216/265] Wiz Freight                  !! no-job-data-found
[217/265] WattMonk Technologies        !! no-job-data-found
[218/265] Wynk Music                   !! blocked-or-error-response
[219/265] WisdomCircle                 !! careers-page-read-but-lists-no-openings
[220/265] WorkInSync                   !! no-job-data-found
[221/265] Wondrlab                     !! blocked-or-error-response
[222/265] WayCool Foods                !! careers-page-unreachable
[223/265] Wildcraft                    !! careers-page-read-but-lists-no-openings
[224/265] WEGoT Utility Solutions      !! blocked-or-error-response
[225/265] The Whole Truth Foods        !! careers-page-read-but-lists-no-openings
[226/265] Wolkus Technology Solutions  !! no-job-data-found
[227/265] worXogo                      !! careers-page-read-but-lists-no-openings
[228/265] Woodland                       3 jobs  via headings:https://woodlandworldwide.com/career
[229/265] Wellness Forever             !! blocked-or-error-response
[230/265] Wheels India                   6 jobs  via feed:https://wheelsindia.com
[231/265] Westlife Foodworld           !! blocked-or-error-response
[232/265] Wonder Cement                !! careers-page-read-but-lists-no-openings
[233/265] Wipro Enterprises             20 jobs  via successfactors:jobs.wiproenterprises.com
[234/265] Westside (Trent)             !! blocked-or-error-response
[235/265] Wardwizard Innovations & Mob   9 jobs  via wordpress:https://wardwizard.in
[236/265] Windlas Biotech                3 jobs  via headings:https://windlas.com/career/
[237/265] Welspun Living               !! no-job-data-found
[238/265] Walchandnagar Industries       4 jobs  via headings:https://walchand.com/career/
[239/265] Westernacher Consulting       73 jobs  via lever:westernacher
[240/265] Wify                         !! timed-out
[241/265] Webtel Electrosoft           !! careers-page-read-but-lists-no-openings
[242/265] WPIL Limited                 !! careers-page-read-but-lists-no-openings
[243/265] West Coast Paper Mills       !! no-job-data-found
[244/265] Wendt India                    2 jobs  via feed:https://wendtindia.com
[245/265] Worldline                     40 jobs  via successfactors:jobs.worldline.com   ** 3 MATCH **
[246/265] Witzeal Technologies         !! timed-out
[247/265] Wavicle Data Solutions         6 jobs  via lever:wavicledata
[248/265] Walgreens Boots Alliance     !! careers-page-read-but-lists-no-openings
[249/265] Woolworths Group             !! careers-page-read-but-lists-no-openings
[250/265] WorkSpan                       3 jobs  via headings:https://www.workspan.com/company/careers
[251/265] Westcon-Comstor                3 jobs  via headings:https://www.westconcomstor.com/global/en/about-us/careers.html
[252/265] Worldpay                     !! blocked-or-error-response
[253/265] Wilo                         !! careers-page-read-but-lists-no-openings
[254/265] West Pharmaceutical Services  52 jobs  via successfactors:careers.westpharma.com
[255/265] Waaree Energies              !! timed-out
[256/265] Webasto                      !! careers-page-read-but-lists-no-openings
[257/265] WIKA                         !! blocked-or-error-response
[258/265] Wilhelmsen                   !! careers-page-read-but-lists-no-openings
[259/265] WorkForce Software           !! careers-page-read-but-lists-no-openings
[260/265] Weidmüller                   !! careers-page-read-but-lists-no-openings
[261/265] Worksoft                     !! no-job-data-found
[262/265] Wieland Electric               3 jobs  via headings:https://www.wieland-electric.com/en/career/wieland-employer/
[263/265] Watlow                         2 jobs  via headings:https://www.watlow.com/careers
[264/265] WEG                          !! careers-page-unreachable
[265/265] Wipfli                       !! timed-out

  boards read with jobs : 132
  boards read, 0 open   : 4
  could not read        : 129
  companies w/ matches  : 10

Wrote careers.txt + results.json
