Checking 100 companies (concurrency 8)

[  1/100] Xoxoday (Giift)              !! blocked-or-error-response
[  2/100] XpressBees                   !! careers-page-read-but-lists-no-openings
[  3/100] Xelpmoc Design & Tech          4 jobs  via headings:https://www.xelpmoc.in/careers
[  4/100] Xencia Technology            !! careers-page-read-but-lists-no-openings
[  5/100] Xebia India                    4 jobs  via greenhouse:xebiaapac
[  6/100] Xtranet Technologies         !! careers-page-unreachable
[  7/100] XenonStack                   !! careers-page-read-but-lists-no-openings
[  8/100] [x]cube LABS                   2 jobs  via headings:https://careers.xcubelabs.com/
[  9/100] Xylem India                  !! careers-page-unreachable
[ 10/100] Xceedance                     30 jobs  via wordpress:https://www.xceedance.com
[ 11/100] Xiarch Solutions             !! careers-page-read-but-lists-no-openings
[ 12/100] Xtreme Media                 !! no-job-data-found
[ 13/100] Xanadu Realty                !! careers-page-unreachable
[ 14/100] Xane AI                      !! blocked-or-error-response
[ 15/100] Xicom Technologies             6 jobs  via html:https://www.xicom.biz/careers/
[ 16/100] Xploree                      !! no-job-data-found
[ 17/100] Xsys Digital                 !! no-job-data-found
[ 18/100] Xcelvations                  !! blocked-or-error-response
[ 19/100] XAmplify                     !! no-job-data-found
[ 20/100] Xoriant                      !! careers-page-read-but-lists-no-openings
[ 21/100] Xceltrait                    !! careers-page-read-but-lists-no-openings
[ 22/100] XcelPros                      10 jobs  via feed:https://xcelpros.com
[ 23/100] Xebia Academy                !! careers-page-unreachable
[ 24/100] XinFin / XDC Network         !! no-job-data-found
[ 25/100] Xurmo Technologies           !! careers-page-read-but-lists-no-openings
[ 26/100] Xtramile Solutions           !! careers-page-unreachable
[ 27/100] xAI                          !! blocked-or-error-response
[ 28/100] Xelerate                     !! careers-page-unreachable
[ 29/100] Xero                         105 jobs  via ashby:xero
[ 30/100] X (formerly Twitter)         !! careers-page-read-but-lists-no-openings
[ 31/100] Xavor Corporation             10 jobs  via feed:https://www.xavor.com
[ 32/100] XS Studios                   !! no-job-data-found
[ 33/100] Xtract.io                    !! no-job-data-found
[ 34/100] Xerox                          6 jobs  via feed:https://xerox.avature.net
[ 35/100] Xylem                         40 jobs  via workday:xylem
[ 36/100] XPO                           58 jobs  via successfactors:jobs.xpo.com
[ 37/100] Xsolla                       181 jobs  via lever:xsolla
[ 38/100] Xplor Technologies            53 jobs  via smartrecruiters:Xplor
[ 39/100] Xage Security                 10 jobs  via lever:xage-security   ** 1 MATCH **
[ 40/100] Xometry                      211 jobs  via greenhouse:xometry
[ 41/100] Xactly                        17 jobs  via sitemap:https://careers.xactlycorp.com
[ 42/100] Xactus                       !! no-job-data-found
[ 43/100] Xanadu Quantum               !! careers-page-read-but-lists-no-openings
[ 44/100] XLPAT Labs                   !! careers-page-unreachable
[ 45/100] Xcel Energy                   40 jobs  via workday:xcelenergy
[ 46/100] Xeris Biopharma               40 jobs  via workday:xerispharma
[ 47/100] Xenon Pharmaceuticals        !! careers-page-read-but-lists-no-openings
[ 48/100] Xencor                       !! careers-page-read-but-lists-no-openings
[ 49/100] Xepelin                       20 jobs  via lever:xepelin
[ 50/100] Xentral                      !! blocked-or-error-response
[ 51/100] Xealth                         8 jobs  via greenhouse:xealth
[ 52/100] Xpand IT                     !! blocked-or-error-response
[ 53/100] Xwing                        !! careers-page-read-but-lists-no-openings
[ 54/100] Xperi                        !! careers-page-read-but-lists-no-openings
[ 55/100] XPay.Life                    !! timed-out
[ 56/100] Xignite                        2 jobs  via headings:https://www.quodd.com/careers
[ 57/100] Xtremepush                     5 jobs  via headings:https://xtremepush.jobs.personio.com/
[ 58/100] Xplore                       !! careers-page-read-but-lists-no-openings
[ 59/100] Xtremax                      !! careers-page-read-but-lists-no-openings
[ 60/100] Xembly                       !! no-job-data-found
[ 61/100] Xtract One                     3 jobs  via bamboohr:xtractone
[ 62/100] Xcelient                     !! careers-page-unreachable
[ 63/100] Xandr                        !! no-job-data-found
[ 64/100] Xceptor                        9 jobs  via greenhouse:xceptor
[ 65/100] Xledger                      !! careers-page-read-but-lists-no-openings
[ 66/100] XCalibyte                      1 jobs  via feed:https://xcalibyte.com
[ 67/100] Xylo.ai                      !! no-job-data-found
[ 68/100] xMatters                       2 jobs  via headings:https://www.xmatters.com/company/careers
[ 69/100] Xogene Services              !! careers-page-read-but-lists-no-openings
[ 70/100] Xapien                        20 jobs  via ashby:xapien
[ 71/100] Xponential Fitness           !! careers-page-read-but-lists-no-openings
[ 72/100] Xensam                         9 jobs  via feed:https://careers.xensam.com
[ 73/100] XTIVIA                         9 jobs  via feed:https://www.xtivia.com
[ 74/100] Xurpas                       !! blocked-or-error-response
[ 75/100] Xevo                         !! careers-page-read-but-lists-no-openings
[ 76/100] Xylexa                       !! no-job-data-found
[ 77/100] Xpertdoc                     !! careers-page-read-but-lists-no-openings
[ 78/100] XM Cyber                     !! timed-out
[ 79/100] XPeng Motors                  25 jobs  via greenhouse:xpengmotors
[ 80/100] Xsight Labs                  !! blocked-or-error-response
[ 81/100] Xiaomi                         3 jobs  via headings:https://www.mi.com/in/careers/
[ 82/100] Xactware                     !! careers-page-read-but-lists-no-openings
[ 83/100] XREX                           6 jobs  via breezy:xrex
[ 84/100] Xurrent                        5 jobs  via greenhouse:xurrent
[ 85/100] XCALLY                       !! careers-page-read-but-lists-no-openings
[ 86/100] Xeneta                         1 jobs  via pinpoint:xeneta
[ 87/100] XTEND                        !! no-job-data-found
[ 88/100] XPEL                          40 jobs  via workday:xpel
[ 89/100] Xaira Therapeutics            21 jobs  via greenhouse:xairatherapeutics
[ 90/100] Xtend AI                     !! no-job-data-found
[ 91/100] XJet                           2 jobs  via headings:https://xjet3d.com/join-our-team/
[ 92/100] XM                           !! careers-page-read-but-lists-no-openings
[ 93/100] Xaar                           7 jobs  via headings:https://www.xaar.com/careers/current-opportunities/
[ 94/100] Xcellink                     !! careers-page-unreachable
[ 95/100] XSOLIS                       !! careers-page-read-but-lists-no-openings
[ 96/100] Xolvis                       !! careers-page-read-but-lists-no-openings
[ 97/100] Xpressdocs                   !! careers-page-read-but-lists-no-openings
[ 98/100] Xenex Disinfection           !! careers-page-read-but-lists-no-openings
[ 99/100] XtalPi                        10 jobs  via feed:https://en.xtalpi.com
[100/100] XiFin                        !! careers-page-read-but-lists-no-openings

  boards read with jobs : 39
  boards read, 0 open   : 0
  could not read        : 61
  companies w/ matches  : 1

Wrote careers.txt + results.json
