Checking 257 companies (concurrency 8)

[  1/257] Yubi (CredAvenue)             22 jobs  via zohorecruit:go-yubi
[  2/257] Yudiz Solutions               10 jobs  via feed:https://www.yudiz.com   ** 1 MATCH **
[  3/257] Yulu Bikes                     7 jobs  via headings:https://careers.yulu.bike/
[  4/257] YES Bank                     !! no-job-data-found
[  5/257] Yatra Online                 !! no-job-data-found
[  6/257] Yellow.ai                      0 jobs  via zohorecruit:careers.yellow.ai (0 open)
[  7/257] YASH Technologies             57 jobs  via successfactors:careers.yash.com
[  8/257] YuppTV                         3 jobs  via feed:https://careers.yupptv.com
[  9/257] YourStory Media              !! blocked-or-error-response
[ 10/257] Yugasa Software Labs         !! no-job-data-found
[ 11/257] YES Securities                 8 jobs  via html:https://yesinvest.in/careers
[ 12/257] Yotta Data Services            4 jobs  via headings:https://yotta.com/careers/
[ 13/257] Yalamanchili Software Export !! no-job-data-found
[ 14/257] Yaskawa India                !! careers-page-read-but-lists-no-openings
[ 15/257] Yodlee (Envestnet)           !! blocked-or-error-response
[ 16/257] YOLO Bus                     !! no-job-data-found
[ 17/257] Yes Madam                    !! no-job-data-found
[ 18/257] Ymgrad                       !! careers-page-read-but-lists-no-openings
[ 19/257] Yash Raj Films               !! careers-page-read-but-lists-no-openings
[ 20/257] Ysquare Technology             4 jobs  via headings:https://www.ysquaretechnology.com/careers
[ 21/257] Yuvasoft Solutions             2 jobs  via headings:https://www.yuvasoftech.com/career
[ 22/257] Yara India                   !! careers-page-read-but-lists-no-openings
[ 23/257] YNOS Venture Engine          !! no-job-data-found
[ 24/257] Yash Highvoltage               8 jobs  via headings:https://www.yashhv.com/careers
[ 25/257] Yellow Slice                   9 jobs  via headings:https://www.yellowslice.in/career
[ 26/257] Yodaplus Technologies          4 jobs  via headings:https://yodaplus.com/careers.html
[ 27/257] Yasho Industries             !! careers-page-read-but-lists-no-openings
[ 28/257] Yaap Digital                 !! no-job-data-found
[ 29/257] Yash Pakka                   !! careers-page-read-but-lists-no-openings
[ 30/257] Yuken India                    5 jobs  via headings:https://www.yukenindia.com/career/
[ 31/257] Yext                          22 jobs  via greenhouse:yext   ** 1 MATCH **
[ 32/257] Yahoo                        !! careers-page-read-but-lists-no-openings
[ 33/257] Yubico                        13 jobs  via greenhouse:yubico
[ 34/257] Yelp                          47 jobs  via phenom:_self   ** 1 MATCH **
[ 35/257] Yagna iQ                     !! blocked-or-error-response
[ 36/257] YugabyteDB                    17 jobs  via greenhouse:yugabyte
[ 37/257] YipitData                     46 jobs  via greenhouse:yipitdata
[ 38/257] Yardi Systems                 30 jobs  via headings:https://www.yardi.com/careers/
[ 39/257] Yotpo                         14 jobs  via greenhouse:yotpo   ** 1 MATCH **
[ 40/257] Ylopo                          8 jobs  via greenhouse:ylopo
[ 41/257] Yieldstreet                  !! blocked-or-error-response
[ 42/257] Yellow Class                 !! timed-out
[ 43/257] Yoodli                        12 jobs  via greenhouse:yoodliinc
[ 44/257] Yendo                          4 jobs  via ashby:yendo
[ 45/257] YCharts                      !! careers-page-read-but-lists-no-openings
[ 46/257] Yembo                          2 jobs  via rippling:yembo
[ 47/257] Yellow Systems                 3 jobs  via headings:https://yellow.systems/careers
[ 48/257] Yellowbrick Data               2 jobs  via greenhouse:yellowbrickdata   ** 2 MATCH **
[ 49/257] Yuvo Health                    1 jobs  via greenhouse:yuvohealthllc
[ 50/257] Y Combinator                   7 jobs  via ashby:ycombinator
[ 51/257] Yotascale                    !! careers-page-read-but-lists-no-openings
[ 52/257] Yum China                    !! careers-page-read-but-lists-no-openings
[ 53/257] Yieldmo                        4 jobs  via wordpress:https://yieldmo.com
[ 54/257] Ygrene Energy Fund             2 jobs  via wordpress:https://ygrene.com
[ 55/257] Yokogawa Electric            !! careers-page-read-but-lists-no-openings
[ 56/257] Yavar TechWorks              !! timed-out
[ 57/257] Yum! Brands                    2 jobs  via headings:https://www.yum.com/wps/portal/yumbrands/Yumbrands/careers
[ 58/257] Yes Energy                    18 jobs  via greenhouse:yesenergy
[ 59/257] YouGov                       200 jobs  via feed:https://yougov.com
[ 60/257] Yokohama TWS                   3 jobs  via headings:https://www.yokohama-tws.com/en/careers
[ 61/257] Ytel                          14 jobs  via sitemap:https://www.ytel.com
[ 62/257] Yanmar                         8 jobs  via sitemap:https://www.yanmar.com
[ 63/257] Yara International           !! careers-page-read-but-lists-no-openings
[ 64/257] Yolo Group                   !! no-job-data-found
[ 65/257] Yoti                         !! careers-page-read-but-lists-no-openings
[ 66/257] Younited                       6 jobs  via lever:younited
[ 67/257] YuLife                       !! careers-page-read-but-lists-no-openings
[ 68/257] Yordex                       !! no-job-data-found
[ 69/257] Yousign                        2 jobs  via headings:https://www.welcometothejungle.com/en/companies-v1/yousign/jobs
[ 70/257] Yubo                           4 jobs  via ashby:yubo
[ 71/257] Yaskawa Electric             !! careers-page-read-but-lists-no-openings
[ 72/257] Yamaha Motor                 !! careers-page-read-but-lists-no-openings
[ 73/257] Yoyo Wallet                    4 jobs  via wordpress:https://yoyorewards.com
[ 74/257] Younium                        1 jobs  via feed:https://careers.younium.com
[ 75/257] Yuki                          25 jobs  via feed:https://jobs.yukisoftware.com
[ 76/257] Yuno                          43 jobs  via lever:yuno
[ 77/257] Yodeck                        22 jobs  via headings:https://www.yodeck.com/careers/
[ 78/257] Yopeso                        10 jobs  via html:https://careers.yopeso.com/
[ 79/257] Yousician                    !! careers-page-read-but-lists-no-openings
[ 80/257] Yellow Card                    8 jobs  via bamboohr:yellowcard
[ 81/257] Yassir                         5 jobs  via next-data:https://yassir.com/career
[ 82/257] Yourgene Health              !! no-job-data-found
[ 83/257] Yodo1                         11 jobs  via headings:https://www.yodo1.com/careers
[ 84/257] Yalla Group                  !! no-job-data-found
[ 85/257] Ypsomed                      !! careers-page-read-but-lists-no-openings
[ 86/257] Yoco                         !! careers-page-read-but-lists-no-openings
[ 87/257] Youverify                      3 jobs  via sitemap:https://youverify.co
[ 88/257] Yellowfin BI                   5 jobs  via jazzhr:idera
[ 89/257] Yellow Pages Canada          !! careers-page-read-but-lists-no-openings
[ 90/257] Yandex                       !! careers-page-read-but-lists-no-openings
[ 91/257] Ynvisible Interactive        !! careers-page-read-but-lists-no-openings
[ 92/257] Yagna Technologies           !! no-job-data-found
[ 93/257] Yaali Bizappln Solutions     !! no-job-data-found
[ 94/257] YantraLab                    !! careers-page-read-but-lists-no-openings
[ 95/257] Yuhu                         !! careers-page-read-but-lists-no-openings
[ 96/257] Yantra Technologies          !! no-job-data-found
[ 97/257] Yggdrasil Gaming               6 jobs  via feed:https://yggdrasilgaming.com
[ 98/257] Yamuna Technologies          !! careers-page-read-but-lists-no-openings
[ 99/257] Yves Rocher                  !! timed-out
[100/257] Yantra AI                      5 jobs  via headings:https://www.yantraai.in/careerpage.html
[101/257] Yantra Innovations           !! careers-page-read-but-lists-no-openings
[102/257] Yashaswi InfoTech            !! no-job-data-found
[103/257] Yashaswi Technologies          2 jobs  via headings:https://yashaswitechnologies.in/careers/
[104/257] Yantrik Technologies           5 jobs  via headings:https://yantriktechnologies.com/career/
[105/257] Yantrasoft                   !! no-job-data-found
[106/257] Yash Infotech                !! no-job-data-found
[107/257] Yash Infosystems               6 jobs  via feed:https://www.yashinfosystems.com
[108/257] Yashi Technologies           !! no-job-data-found
[109/257] Yash Apps and Software Servi !! no-job-data-found
[110/257] Yash Infosolutions           !! blocked-or-error-response
[111/257] Yash CompuTech               !! no-job-data-found
[112/257] Yashi Labs                     4 jobs  via headings:https://www.yashilabs.com/career/   ** 1 MATCH **
[113/257] Yaksha                       !! careers-page-read-but-lists-no-openings
[114/257] Yatra Labs                   !! no-job-data-found
[115/257] Yashi Consulting             !! no-job-data-found
[116/257] Yashraj Tech                 !! no-job-data-found
[117/257] Yashvi Infosys               !! blocked-or-error-response
[118/257] Ycore Technologies           !! no-job-data-found
[119/257] Yahvi Technologies           !! no-job-data-found
[120/257] Yatra Softech                !! careers-page-read-but-lists-no-openings
[121/257] YellowBee AI                 !! no-job-data-found
[122/257] Yellowchalk                    2 jobs  via headings:https://yellowchalk.com/careers/
[123/257] Yashvi Global                !! no-job-data-found
[124/257] Yathartha Technologies       !! no-job-data-found
[125/257] YellowSense                  !! careers-page-unreachable
[126/257] Yellowspot                   !! no-job-data-found
[127/257] YBYTE Technologies           !! careers-page-read-but-lists-no-openings
[128/257] Yellow Panther                 2 jobs  via next-data:https://yellowpanther.io/careers/
[129/257] YellowSphere                 !! no-job-data-found
[130/257] Yashraj Software               5 jobs  via headings:https://yashrajsoftware.com/career/
[131/257] Yew Technology                10 jobs  via feed:https://yewtechnology.com
[132/257] Yes Infotech                   5 jobs  via headings:https://yesinfotech.in/careers
[133/257] Yash Computech Solutions      10 jobs  via feed:https://ycsin.com
[134/257] Yellow Monkey Tech            10 jobs  via feed:https://www.yellowmonkeytech.com
[135/257] Yellow Pixel Studio          !! no-job-data-found
[136/257] Yenmo                        !! no-job-data-found
[137/257] Yethi Consulting             !! careers-page-read-but-lists-no-openings
[138/257] Yesha Software               !! no-job-data-found
[139/257] YES Softech                  !! no-job-data-found
[140/257] Yitro Global                 !! careers-page-unreachable
[141/257] Yellowtail Solutions         !! no-job-data-found
[142/257] Yobitech                     !! no-job-data-found
[143/257] yenDigital                     8 jobs  via headings:https://www.yendigital.com/careers
[144/257] Yash Infotech Pvt Ltd        !! careers-page-read-but-lists-no-openings
[145/257] Yodasoft                     !! blocked-or-error-response
[146/257] YoBytech                     !! careers-page-read-but-lists-no-openings
[147/257] YOCO Labs                    !! no-job-data-found
[148/257] Yocket                         0 jobs  via zohorecruit:yocket.zohorecruit.com (0 open)
[149/257] Yoddha Digital               !! blocked-or-error-response
[150/257] Yin Solutions                !! no-job-data-found
[151/257] Yogi Solutions               !! no-job-data-found
[152/257] Yoddha Labs                  !! no-job-data-found
[153/257] Yodha AI                     !! no-job-data-found
[154/257] Yogik Solutions              !! no-job-data-found
[155/257] YM Global Technologies       !! careers-page-read-but-lists-no-openings
[156/257] Yoro Technologies            !! no-job-data-found
[157/257] Yosoft Solutions             !! careers-page-read-but-lists-no-openings
[158/257] Yogeshwar Technologies        10 jobs  via feed:https://yogeshwartech.com
[159/257] YoSoftTech                    15 jobs  via headings:https://yosofttech.com/career.html   ** 1 MATCH **
[160/257] Yoop Tech                    !! no-job-data-found
[161/257] YOU Broadband                !! careers-page-unreachable
[162/257] YottaLab India               !! careers-page-unreachable
[163/257] YourDOST                     !! careers-page-read-but-lists-no-openings
[164/257] YOTECH Code Craft            !! no-job-data-found
[165/257] YourSoft                     !! careers-page-read-but-lists-no-openings
[166/257] Young Web Solutions          !! blocked-or-error-response
[167/257] Your Solution                  7 jobs  via headings:https://yoursolution.in/careers.php
[168/257] YourDreamTech                  5 jobs  via headings:https://yourdreamtech.com/career/
[169/257] Yez Studio                   !! no-job-data-found
[170/257] YouthTech Solutions           10 jobs  via feed:https://www.youthtechsolutions.com
[171/257] YOptima                      !! careers-page-read-but-lists-no-openings
[172/257] YourWayIT                    !! no-job-data-found
[173/257] YouLearn Agency              !! no-job-data-found
[174/257] Yogi Innovations             !! no-job-data-found
[175/257] YSoft Solution               !! careers-page-read-but-lists-no-openings
[176/257] Yuga Infotech                !! no-job-data-found
[177/257] YUDI Infotech                !! no-job-data-found
[178/257] Yugam Group                  !! careers-page-read-but-lists-no-openings
[179/257] Yugasys                      !! careers-page-read-but-lists-no-openings
[180/257] Yugensys                     !! no-job-data-found
[181/257] YouTech IT Solutions         !! no-job-data-found
[182/257] Yugantar Infotech            !! careers-page-read-but-lists-no-openings
[183/257] Yugen.ai                       5 jobs  via headings:https://www.yugen.ai/careers
[184/257] Yugen Digital                  6 jobs  via feed:https://yugendigital.in
[185/257] Y-Tech Innovations           !! no-job-data-found
[186/257] Yug Technologies             !! no-job-data-found
[187/257] YuktaMedia                   !! careers-page-unreachable
[188/257] Yug Technology                 4 jobs  via headings:https://yugtechnology.com/career/
[189/257] Yogsoft                      !! careers-page-read-but-lists-no-openings
[190/257] Yukon Technologies            12 jobs  via html:https://yukontechnologies.com/index.php/Company/Careers
[191/257] Yukta Software Solutions     !! careers-page-read-but-lists-no-openings
[192/257] YugAntar Technologies        !! careers-page-read-but-lists-no-openings
[193/257] Yukti Intelligent Systems    !! no-job-data-found
[194/257] YuluWeb                      !! careers-page-read-but-lists-no-openings
[195/257] Yuppie Infotech              !! no-job-data-found
[196/257] Yukti Solutions              !! careers-page-read-but-lists-no-openings
[197/257] Yuki Software Solutions      !! no-job-data-found
[198/257] Yukti Tech Solutions         !! no-job-data-found
[199/257] Yuvaan Tech                  !! careers-page-unreachable
[200/257] Yuvaan Technologies           10 jobs  via feed:https://yuvaantechnologies.com
[201/257] YuSa Infotech                !! careers-page-read-but-lists-no-openings
[202/257] Yukthi Labs                  !! careers-page-read-but-lists-no-openings
[203/257] YuvApps                      !! no-job-data-found
[204/257] YuktiTechnology              !! no-job-data-found
[205/257] YunaCloud                    !! no-job-data-found
[206/257] Yukthi Software              !! careers-page-read-but-lists-no-openings
[207/257] Yuvi Works                     3 jobs  via headings:https://yuviworks.com/careers
[208/257] YuvaTech Labs                !! no-job-data-found
[209/257] YUVMEDIA                      11 jobs  via headings:https://yuvmedia.com/career
[210/257] Yadu Tech Solutions          !! no-job-data-found
[211/257] Yuva Software                !! no-job-data-found
[212/257] Yuvatech Solutions           !! no-job-data-found
[213/257] Yappes                       !! careers-page-read-but-lists-no-openings
[214/257] Y-Axis Overseas Careers       50 jobs  via feed:https://www.y-axis.com
[215/257] Yan IT Solutions               9 jobs  via headings:https://yanitsolutions.com/careers.php
[216/257] YKK India                    !! careers-page-read-but-lists-no-openings
[217/257] Yaantra                      !! no-job-data-found
[218/257] Yanmar India                 !! careers-page-read-but-lists-no-openings
[219/257] Yamaha Motor India           !! careers-page-read-but-lists-no-openings
[220/257] Yashoda Hospitals             19 jobs  via wordpress:https://www.yashodahospitals.com
[221/257] Yuvasoft Technologies        !! no-job-data-found
[222/257] Yashus Digital Marketing       8 jobs  via json-ld:https://yashus.in/career/
[223/257] Yanolja                      !! no-job-data-found
[224/257] Yellowstone Software         !! blocked-or-error-response
[225/257] Yokohama Off-Highway Tires   !! careers-page-read-but-lists-no-openings
[226/257] Youdao                       !! careers-page-unreachable
[227/257] Yeahka                       !! no-job-data-found
[228/257] YY Inc                       !! careers-page-read-but-lists-no-openings
[229/257] Y Soft                         1 jobs  via greenhouse:ysoft
[230/257] Yello                          9 jobs  via feed:https://yello.co
[231/257] Yidu Tech                    !! careers-page-read-but-lists-no-openings
[232/257] Yusys Technologies           !! no-job-data-found
[233/257] Yonyou                       !! no-job-data-found
[234/257] Yesware                       17 jobs  via bamboohr:vendasta
[235/257] Yapily                       !! careers-page-read-but-lists-no-openings
[236/257] Yonder                       !! careers-page-unreachable
[237/257] Yobi                           7 jobs  via ashby:yobi
[238/257] Ycode                        !! careers-page-read-but-lists-no-openings
[239/257] Yoello                       !! no-job-data-found
[240/257] Yugo                         !! blocked-or-error-response
[241/257] Yseop                        !! careers-page-read-but-lists-no-openings
[242/257] Yusen Logistics              !! careers-page-read-but-lists-no-openings
[243/257] Yopa                          54 jobs  via feed:https://careers.yopa.co.uk
[244/257] Yagna Labs                   !! no-job-data-found
[245/257] Yellowdig                    !! blocked-or-error-response
[246/257] Yumpu                        !! careers-page-read-but-lists-no-openings
[247/257] Yokohama Tire                 14 jobs  via icims:yokohamatire
[248/257] Yumasoft                     !! no-job-data-found
[249/257] Yamuna Network               !! no-job-data-found
[250/257] Yatra Info                   !! no-job-data-found
[251/257] yes!devs                       4 jobs  via wordpress:https://yesdevs.com
[252/257] Yash Global                  !! careers-page-read-but-lists-no-openings
[253/257] Yardstick Technologies       !! careers-page-read-but-lists-no-openings
[254/257] Yeeply                       !! timed-out
[255/257] Yazaki                       !! timed-out
[256/257] YumaWorks                    !! timed-out
[257/257] Yellowfin Digital            !! no-job-data-found

  boards read with jobs : 87
  boards read, 0 open   : 2
  could not read        : 168
  companies w/ matches  : 7

Wrote careers.txt + results.json
