Scanning 26 letter(s): a b c d e f g h i j k l m n o p q r s t u v w x y z
  5 letters in parallel, concurrency 8 each

  -> b: 136 companies, starting
  -> a: 162 companies, starting
  -> c: 171 companies, starting
  -> e: 156 companies, starting
  -> d: 128 companies, starting
  == e: done, boards read 86/156
  -> f: 131 companies, starting
  == d: done, boards read 60/128
  -> g: 130 companies, starting
  == c: done, boards read 110/171
  -> h: 129 companies, starting
  == a: done, boards read 111/162
  -> i: 146 companies, starting
  == b: done, boards read 68/136
  -> j: 91 companies, starting
  == f: done, boards read 83/131
  -> k: 124 companies, starting
  == g: done, boards read 58/130
  -> l: 136 companies, starting
  == h: done, boards read 59/129
  -> m: 171 companies, starting
  == j: done, boards read 43/91
  -> n: 128 companies, starting
  == i: done, boards read 80/146
  -> o: 112 companies, starting
  == o: done, boards read 55/112
  -> p: 128 companies, starting
  == k: done, boards read 68/124
  -> q: 90 companies, starting
  == m: done, boards read 90/171
  -> r: 152 companies, starting
  == n: done, boards read 75/128
  -> s: 195 companies, starting
  == l: done, boards read 73/136
  -> t: 177 companies, starting
  == q: done, boards read 40/90
  -> u: 92 companies, starting
  == p: done, boards read 76/128
  -> v: 157 companies, starting
  == t: done, boards read 96/177
cp: /Users/longfloat/deletelater/jobs/w/test.js and /Users/longfloat/deletelater/jobs/w/test.js are identical (not copied).
  -> w: 123 companies, starting
  == s: done, boards read 126/195
  -> x: 93 companies, starting
  == v: done, boards read 80/157
  -> y: 96 companies, starting
  == u: done, boards read 33/92
  -> z: 101 companies, starting
  == r: done, boards read 57/152
  == x: done, boards read 40/93
  == w: done, boards read 75/123
  == y: done, boards read 50/96
  == z: done, boards read 46/101

All scans finished. Building the four weekend folders...
Loaded 26 letter(s): a b c d e f g h i j k l m n o p q r s t u v w x y z
  companies scanned : 3455
  raw postings      : 54574
  India + eng + non-senior : 2718

  1-java-flutter-2yr       184 roles   148 companies
  2-java-flutter-3yr       148 roles   110 companies
  3-software-2yr          1036 roles   555 companies
  4-software-3yr           481 roles   280 companies

Wrote weekendplan/INDEX.txt
Loaded 26 letter(s): a b c d e f g h i j k l m n o p q r s t u v w x y z
  companies scanned : 3455
  raw postings      : 54574
  India + eng + non-senior : 2718

  1-java-flutter-2yr       184 roles   148 companies
  2-java-flutter-3yr       148 roles   110 companies
  3-software-2yr          1036 roles   555 companies
  4-software-3yr           481 roles   280 companies

Wrote weekendplan/INDEX.txt
