Scanning 23 letter(s): a b c d e f g h i j k l m n o p q r s t u v z
  5 letters in parallel, concurrency 8 each

  -> e: 158 companies, starting
  -> b: 136 companies, starting
  -> c: 173 companies, starting
  -> d: 131 companies, starting
  -> a: 163 companies, starting
  == e: done, boards read 86/158
  -> f: 133 companies, starting
  == d: done, boards read 59/131
  -> g: 132 companies, starting
  == c: done, boards read 110/173
  -> h: 131 companies, starting
  == a: done, boards read 109/163
  -> i: 148 companies, starting
  == b: done, boards read 67/136
  -> j: 36 companies, starting
  == g: done, boards read 56/132
  -> k: 126 companies, starting
  == f: done, boards read 83/133
  -> l: 136 companies, starting
  == j: done, boards read 18/36
  -> m: 171 companies, starting
  == i: done, boards read 81/148
  -> n: 128 companies, starting
  == h: done, boards read 56/131
  -> o: 43 companies, starting
  == o: done, boards read 21/43
  -> p: 130 companies, starting
  == k: done, boards read 68/126
  -> q: 27 companies, starting
  == l: done, boards read 73/136
  -> r: 60 companies, starting
  == q: done, boards read 9/27
  -> s: 196 companies, starting
  == m: done, boards read 87/171
  -> t: 70 companies, starting
  == n: done, boards read 72/128
  -> u: 38 companies, starting
  == t: done, boards read 40/70
  -> v: 66 companies, starting
  == r: done, boards read 22/60
  -> z: 50 companies, starting
  == p: done, boards read 75/130
  == u: done, boards read 15/38
  == s: done, boards read 124/196
  == v: done, boards read 31/66
  == z: done, boards read 17/50

All scans finished. Building the four weekend folders...
Loaded 26 letter(s): a b c d e f g h i j k l m n o p q r s t u v w x y z
  companies scanned : 2907
  raw postings      : 52605
  India + eng + non-senior : 2420

  1-java-flutter-2yr       179 roles   133 companies
  2-java-flutter-3yr       147 roles   100 companies
  3-software-2yr           926 roles   470 companies
  4-software-3yr           395 roles   236 companies

Wrote weekendplan/INDEX.txt
