Rendering 1017 unread board(s) across 26 letter(s), concurrency 6

[   1/1017]   -      Acko
[   2/1017]   -      Acuvate
[   3/1017]   -      Algonomy
[   4/1017]   -      Allcargo Logistics
[   5/1017]   -      Amagi
[   6/1017]   -      Adani Group
[   7/1017]   -      Akasa Air
[   8/1017]   -      Aavas Financiers
[   9/1017]   -      Amber Enterprises
[  10/1017]   -      Astrotalk
[  11/1017]   -      Aster DM Healthcare
[  12/1017]   -      Aspire Systems
[  13/1017]   -      Ather Energy
[  14/1017]   -      Ashok Leyland
[  15/1017]   -      Avekshaa Technologies
[  16/1017]   -      Avenue Supermarts
[  17/1017]   -      Atomberg
[  18/1017]   -      AU Small Finance Bank
[  19/1017]   -      Aye Finance
[  20/1017]   -      Accion Labs
[  21/1017]   -      Axelerant
[  22/1017]   -      Amdocs
[  23/1017]   -      Apexon
[  24/1017]   -      Anheuser-Busch InBev
[  25/1017]   -      AGCO
[  26/1017]   -      Arcolab
[  27/1017]   -      ArcelorMittal
[  28/1017]   -      Aspen Technology
