Scanning 26 letter(s): a b c d e f g h i j k l m n o p q r s t u v w x y z
  5 letters in parallel, concurrency 8 each

  -> b: 136 companies, starting
  -> e: 158 companies, starting
  -> d: 131 companies, starting
  -> c: 173 companies, starting
  -> a: 163 companies, starting
  == d: done, boards read 60/131
  -> f: 133 companies, starting
  == e: done, boards read 86/158
  -> g: 132 companies, starting
  == c: done, boards read 107/173
  -> h: 131 companies, starting
  == a: done, boards read 110/163
  -> i: 148 companies, starting
  == g: done, boards read 56/132
  -> j: 36 companies, starting
  == f: done, boards read 82/133
  -> k: 126 companies, starting
  == j: done, boards read 18/36
  -> l: 136 companies, starting
  == b: done, boards read 66/136
  -> m: 171 companies, starting
  == i: done, boards read 81/148
  -> n: 128 companies, starting
  == h: done, boards read 56/131
  -> o: 43 companies, starting
  == o: done, boards read 21/43
  -> p: 130 companies, starting
  == k: done, boards read 68/126
  -> q: 27 companies, starting
  == q: done, boards read 9/27
  -> r: 60 companies, starting
  == m: done, boards read 88/171
  -> s: 196 companies, starting
  == n: done, boards read 74/128
  -> t: 70 companies, starting
  == l: done, boards read 73/136
  -> u: 38 companies, starting
  == t: done, boards read 40/70
  -> v: 66 companies, starting
  == r: done, boards read 22/60
cp: /Users/longfloat/deletelater/jobs/w/test.js and /Users/longfloat/deletelater/jobs/w/test.js are identical (not copied).
  -> w: 125 companies, starting
  == p: done, boards read 75/130
  -> x: 100 companies, starting
  == s: done, boards read 124/196
  -> y: 100 companies, starting
  == w: done, boards read 86/125
  -> z: 50 companies, starting
  == u: done, boards read 15/38
  == x: done, boards read 40/100
  == v: done, boards read 32/66
  == z: done, boards read 17/50
  == y: done, boards read 49/100

All scans finished. Building the four weekend folders...
Loaded 26 letter(s): a b c d e f g h i j k l m n o p q r s t u v w x y z
  companies scanned : 2907
  raw postings      : 52448
  India + eng + non-senior : 2405

  1-java-flutter-2yr       164 roles   130 companies
  2-java-flutter-3yr       130 roles    96 companies
  3-software-2yr           937 roles   472 companies
  4-software-3yr           416 roles   241 companies

Wrote weekendplan/INDEX.txt
Loaded 26 letter(s): a b c d e f g h i j k l m n o p q r s t u v w x y z
  companies scanned : 2907
  raw postings      : 52448
  India + eng + non-senior : 2405

  1-java-flutter-2yr       164 roles   130 companies
  2-java-flutter-3yr       130 roles    96 companies
  3-software-2yr           937 roles   472 companies
  4-software-3yr           416 roles   241 companies

Wrote weekendplan/INDEX.txt
