Probing 101 companies across 7 ATS providers...

  HIT  Zapier                   ashby/zapier  (13 jobs)
  HIT  Zscaler                  greenhouse/zscaler  (299 jobs)
  ---  Zynga                    no board found
  ---  Zendesk                  no board found
  HIT  ZoomInfo                 greenhouse/zoominfo  (108 jobs)
  ---  Zoetis                   no board found
  ---  Zalando                  no board found
  ---  Zillow                   no board found
  ---  Zebra Technologies       no board found
  ---  Zerodha                  no board found
  HIT  ZipRecruiter             greenhouse/ziprecruiter  (37 jobs)
  HIT  Zomato (Eternal)         lever/eternal  (4 jobs)
  ---  Zetwerk                  no board found
  ---  Zoom Communications      no board found
  HIT  Zilch                    ashby/zilch  (13 jobs)
  HIT  Zopa                     lever/zopa  (28 jobs)
  HIT  Zego                     ashby/zego  (2 jobs)
  HIT  Zwift                    greenhouse/zwift  (4 jobs)
  HIT  Zocdoc                   greenhouse/zocdoc  (55 jobs)
  HIT  Zeta Global              greenhouse/zetaglobal  (123 jobs)
  HIT  Zoopla                   workable/zoopla  (5 jobs)
  HIT  Zenoti                   greenhouse/zenoti  (36 jobs)
  HIT  Zip (ziphq)              ashby/zip  (125 jobs)
  ---  Zepto                    no board found
  ---  Zoho                     no board found
  HIT  Zuora                    greenhouse/zuora  (40 jobs)
  ---  Zeplin                   no board found
  HIT  Zimperium                lever/zimperium  (15 jobs)
  HIT  ZeroFox                  workable/zerofox  (10 jobs)
  ---  Zerto                    no board found
  ---  Zolve                    no board found
  ---  Zenlayer                 no board found
  ---  Zinier                   no board found
  ---  Zadara                   no board found
  ---  Zeta (Zeta Suite)        no board found
  ---  Zluri                    no board found
  ---  Zayo Group               no board found
  ---  ZunRoof                  no board found
  ---  Zippia                   no board found
  ---  Zolostays                no board found
  ---  Zamp                     no board found
  ---  Zeller                   no board found
  ---  Zimmer Biomet            no board found
  ---  Zions Bancorporation     no board found
  HIT  Zoro                     greenhouse/zoro  (12 jobs)
  ---  Zip Co                   no board found
  ---  Zalora                   no board found
  ---  Zurich Insurance         no board found
  ---  Zonar Systems            no board found
  ---  ZEDEDA                   no board found
  HIT  ZetaChain                greenhouse/zetachain  (1 jobs)
  ---  Zeel                     no board found
  HIT  Zoe Financial            ashby/zoe  (3 jobs)
  HIT  Zinnia                   greenhouse/zinnia  (13 jobs)
  ---  Zesty (cloud)            no board found
  ---  Zilliqa                  no board found
  HIT  Zingtree                 lever/zingtree  (3 jobs)
  HIT  Zilliz                   lever/zilliz  (12 jobs)
  ---  Zerion                   no board found
  HIT  Zipline                  greenhouse/flyzipline  (254 jobs)
  ---  Zipcar                   no board found
  HIT  ZestyAI                  greenhouse/zestyai  (3 jobs)
  ---  Zip Security             no board found
  ---  Zippin                   no board found
  ---  Zenoss                   no board found
  ---  Zeta Energy              no board found
  ---  Zenity                   no board found
  ---  Zafran Security          no board found
  ---  Zopper                   no board found
  ---  ZopSmart                 no board found
  ---  Zoomcar                  no board found
  ---  Zimyo                    no board found
  ---  Zuddl                    no board found
  ---  Zenskar                  no board found
  ---  Zocket                   no board found
  ---  Zvolv                    no board found
  ---  Ziff Davis               no board found
  ---  Zenatix                  no board found
  ---  Zafin                    no board found
  ---  Zaggle                   no board found
  ---  Zorro                    no board found
  HIT  Zeotap                   recruitee/zeotap  (1 jobs)
  ---  Zilla Security           no board found
  ---  Zolvit                   no board found
  HIT  Zenjob                   ashby/zenjob  (16 jobs)
  ---  Zoomin Software          no board found
  HIT  Zoi                      recruitee/zoi  (7 jobs)
  HIT  Zenput                   greenhouse/zenput  (8 jobs)
  ---  Zivver                   no board found
  ---  Zolar                    no board found
  HIT  ZenBusiness              greenhouse/zenbusiness  (4 jobs)
  ---  Zaloni                   no board found
  ---  Zeta Alpha               no board found
  ---  Zeitview                 no board found
  ---  Zignal Labs              no board found
  ---  Zango AI                 no board found
  ---  Zeni                     no board found
  ---  Zylo                     no board found
  ---  Zyte                     no board found
  ---  Zumper                   no board found
  ---  Zuper                    no board found

Discovered 30/101. Map written to ats-map.json

Unresolved (need manual endpoint):
  Zoom Communications
  Zendesk
  Zillow
  Zynga
  Zebra Technologies
  Zoetis
  Zalando
  Zerodha
  Zepto
  Zetwerk
  Zoho
  Zeta (Zeta Suite)
  Zeplin
  Zerto
  Zadara
  Zayo Group
  Zenlayer
  Zolve
  Zinier
  Zluri
  Zamp
  Zolostays
  ZunRoof
  Zippia
  Zip Co
  Zeller
  Zimmer Biomet
  Zions Bancorporation
  Zurich Insurance
  Zalora
  Zonar Systems
  ZEDEDA
  Zesty (cloud)
  Zeel
  Zerion
  Zilliqa
  Zip Security
  Zippin
  Zipcar
  Zenity
  Zafran Security
  Zenoss
  Zeta Energy
  Zopper
  ZopSmart
  Zolvit
  Zoomcar
  Zenatix
  Ziff Davis
  Zimyo
  Zenskar
  Zuddl
  Zocket
  Zvolv
  Zorro
  Zilla Security
  Zafin
  Zoomin Software
  Zaggle
  Zivver
  Zolar
  Zeitview
  Zaloni
  Zignal Labs
  Zeta Alpha
  Zango AI
  Zeni
  Zyte
  Zuper
  Zylo
  Zumper
