Fetching postings from 75 boards...

  Zapier                     13 jobs  (13 with full description)  [ashby]
  Zscaler                   300 jobs  (300 with full description)  [greenhouse]
  Zynga                      51 jobs  (51 with full description)  [greenhouse]
  Zoom Communications       109 jobs  (109 with full description)  [workday]
  ZoomInfo                  108 jobs  (108 with full description)  [greenhouse]
  Zillow                    109 jobs  (109 with full description)  [workday]
  Zomato (Eternal)            4 jobs  (4 with full description)  [lever]
  Zerodha                     0 jobs  (0 with full description)  [jsonapi]
  Zetwerk                    10 jobs  (10 with full description)  [sensehq]
  Zoho                        9 jobs  (9 with full description)  [rss]
  ZipRecruiter               37 jobs  (37 with full description)  [greenhouse]
  Zip (ziphq)               125 jobs  (125 with full description)  [ashby]
  Zopa                       28 jobs  (28 with full description)  [lever]
  Zilch                      13 jobs  (13 with full description)  [ashby]
  Zego                        2 jobs  (2 with full description)  [ashby]
  Zoopla                      5 jobs  (5 with full description)  [workable]
  Zwift                       4 jobs  (4 with full description)  [greenhouse]
  Zocdoc                     55 jobs  (55 with full description)  [greenhouse]
  Zeta Global               123 jobs  (123 with full description)  [greenhouse]
  Zeta (Zeta Suite)          24 jobs  (24 with full description)  [lever]
  Zendesk                   123 jobs  (123 with full description)  [workday]
  Zuora                      40 jobs  (40 with full description)  [greenhouse]
  Zenoti                     36 jobs  (36 with full description)  [greenhouse]
  ZeroFox                    22 jobs  (22 with full description)  [workable]
  Zoetis                    121 jobs  (121 with full description)  [workday]
  Zimperium                  15 jobs  (15 with full description)  [lever]
  Zadara                      7 jobs  (7 with full description)  [lever]
  Zebra Technologies        241 jobs  (241 with full description)  [workday]
  Zalando                   155 jobs  (155 with full description)  [workday]
  Zluri                      10 jobs  (10 with full description)  [keka]
  Zenlayer                   25 jobs  (25 with full description)  [bamboohr]
  Zinier                     25 jobs  (25 with full description)  [breezy]
  ZunRoof                     2 jobs  (0 with full description)  [jsonapi]
  Zip Co                     30 jobs  (30 with full description)  [greenhouse]
  Zamp                       17 jobs  (17 with full description)  [rss]
  Zeller                     14 jobs  (14 with full description)  [lever]
  Zalora                      0 jobs  (0 with full description)  [sitemap]
  Zoro                       12 jobs  (12 with full description)  [greenhouse]
  ZEDEDA                      4 jobs  (0 with full description)  [rippling]
  Zesty (cloud)               3 jobs  (3 with full description)  [comeet]
  Zoe Financial               3 jobs  (3 with full description)  [ashby]
  ZetaChain                   1 jobs  (1 with full description)  [greenhouse]
  Zilliz                     12 jobs  (12 with full description)  [lever]
  Zingtree                    3 jobs  (3 with full description)  [lever]
  Zinnia                     13 jobs  (13 with full description)  [greenhouse]
  Zurich Insurance            0 jobs  (0 with full description)  [sitemap]
  Zip Security                4 jobs  (4 with full description)  [ashby]
  Zipline                   254 jobs  (254 with full description)  [greenhouse]
  Zenity                     37 jobs  (37 with full description)  [comeet]
  Zafran Security            28 jobs  (28 with full description)  [ashby]
  ZestyAI                     3 jobs  (3 with full description)  [greenhouse]
  Zipcar                      7 jobs  (7 with full description)  [workday]
  Zenatix                   100 jobs  (100 with full description)  [jsonapi]
  Zenskar                    18 jobs  (18 with full description)  [keka]
  Zuddl                       9 jobs  (9 with full description)  [keka]
  Zocket                     12 jobs  (12 with full description)  [keka]
  Zvolv                       8 jobs  (0 with full description)  [rss]
  Ziff Davis                114 jobs  (114 with full description)  [jobvite]
  Zafin                      25 jobs  (25 with full description)  [greenhouse]
  Zayo Group                 90 jobs  (90 with full description)  [workday]
  Zaggle                     19 jobs  (19 with full description)  [keka]
  Zeotap                      1 jobs  (1 with full description)  [recruitee]
  Zenjob                     16 jobs  (16 with full description)  [ashby]
  Zeitview                   21 jobs  (21 with full description)  [rss]
  Zoi                         7 jobs  (7 with full description)  [recruitee]
  Zignal Labs                 3 jobs  (3 with full description)  [teamtailorJson]
  Zenput                      8 jobs  (8 with full description)  [greenhouse]
  ZenBusiness                 4 jobs  (4 with full description)  [greenhouse]
  Zeni                        2 jobs  (2 with full description)  [bamboohr]
  Zyte                        8 jobs  (8 with full description)  [workable]
  Zuper                       5 jobs  (5 with full description)  [keka]
  Zimmer Biomet             180 jobs  (180 with full description)  [sitemap]
      note: hpe/Jobsathpe has 1062 postings, read 600 (cap 600)
      note: paloaltonetworks/panwexternalcareers has 1370 postings, read 600 (cap 600)
      note: salesforce/External_Career_Site has 1487 postings, read 600 (cap 600)
  Zilla Security            600 jobs  (354 with full description)  [workday]
  Zoomin Software           600 jobs  (400 with full description)  [workday]
  Zerto                     600 jobs  (350 with full description)  [workday]

Total postings fetched: 4846

Wrote careers.txt  —  Tier A: 27 | Tier B: 68 | Tier C: 44

=== SELF-CHECK ===

Boards returning postings : 72/75
Boards with NO descriptions: 3 -> ZunRoof, ZEDEDA, Zvolv
Boards with bad apply URLs : 1 -> Ziff Davis
Postings with parsed years : 2427/4846 (50.1%)
Companies with no board    : 26
  Zepto, Zeplin, Zolve, Zolostays, Zippia, Zions Bancorporation, Zonar Systems, Zeel, Zerion, Zilliqa, Zippin, Zenoss, Zeta Energy, Zopper, ZopSmart, Zolvit, Zoomcar, Zimyo, Zorro, Zivver, Zolar, Zaloni, Zeta Alpha, Zango AI, Zylo, Zumper

WARN: 4 structural issue(s)

