Fetching postings from 79 boards...

  Zapier                     13 jobs  (13 with full description)  [ashby]
  Zscaler                   300 jobs  (300 with full description)  [greenhouse]
  Zynga                      51 jobs  (51 with full description)  [greenhouse]
  Zillow                    108 jobs  (108 with full description)  [workday]
  ZoomInfo                  108 jobs  (108 with full description)  [greenhouse]
  Zendesk                   123 jobs  (123 with full description)  [workday]
  Zoom Communications       105 jobs  (105 with full description)  [workday]
  Zoetis                    121 jobs  (121 with full description)  [workday]
  Zerodha                     0 jobs  (0 with full description)  [jsonapi]
  Zoho                        9 jobs  (9 with full description)  [rss]
  ZipRecruiter               37 jobs  (37 with full description)  [greenhouse]
  Zetwerk                    10 jobs  (10 with full description)  [sensehq]
  Zomato (Eternal)            4 jobs  (4 with full description)  [lever]
  Zip (ziphq)               125 jobs  (125 with full description)  [ashby]
  Zilch                      13 jobs  (13 with full description)  [ashby]
  Zego                        2 jobs  (2 with full description)  [ashby]
  Zwift                       4 jobs  (4 with full description)  [greenhouse]
  Zoopla                      5 jobs  (5 with full description)  [workable]
  Zocdoc                     55 jobs  (55 with full description)  [greenhouse]
  Zeta Global               123 jobs  (123 with full description)  [greenhouse]
  Zopa                       28 jobs  (28 with full description)  [lever]
  Zenoti                     36 jobs  (36 with full description)  [greenhouse]
  Zuora                      40 jobs  (40 with full description)  [greenhouse]
  Zeta (Zeta Suite)          24 jobs  (24 with full description)  [lever]
  ZeroFox                    22 jobs  (22 with full description)  [workable]
  Zimperium                  15 jobs  (15 with full description)  [lever]
  Zadara                      7 jobs  (7 with full description)  [lever]
  Zenlayer                   25 jobs  (25 with full description)  [bamboohr]
  Zebra Technologies        241 jobs  (241 with full description)  [workday]
  Zolve                      19 jobs  (19 with full description)  [htmlBoard]
  Zluri                      10 jobs  (10 with full description)  [keka]
  Zamp                       16 jobs  (16 with full description)  [rss]
  Zinier                     25 jobs  (25 with full description)  [breezy]
  Zolostays                   3 jobs  (3 with full description)  [keka]
  Zip Co                     30 jobs  (30 with full description)  [greenhouse]
  ZunRoof                     2 jobs  (0 with full description)  [jsonapi]
  Zalando                   155 jobs  (155 with full description)  [workday]
  Zeller                     14 jobs  (14 with full description)  [lever]
  Zayo Group                 90 jobs  (90 with full description)  [workday]
  Zalora                      0 jobs  (0 with full description)  [sitemap]
  Zoro                       12 jobs  (12 with full description)  [greenhouse]
  ZEDEDA                      4 jobs  (4 with full description)  [rippling]
  Zonar Systems               8 jobs  (8 with full description)  [htmlBoard]
  Zesty (cloud)               3 jobs  (3 with full description)  [comeet]
  ZetaChain                   1 jobs  (1 with full description)  [greenhouse]
  Zoe Financial               3 jobs  (3 with full description)  [ashby]
  Zurich Insurance            0 jobs  (0 with full description)  [sitemap]
  Zinnia                     13 jobs  (13 with full description)  [greenhouse]
  Zip Security                4 jobs  (4 with full description)  [ashby]
  Zingtree                    3 jobs  (3 with full description)  [lever]
  Zilliz                     12 jobs  (12 with full description)  [lever]
  Zenity                     37 jobs  (37 with full description)  [comeet]
  Zafran Security            27 jobs  (27 with full description)  [ashby]
  ZestyAI                     3 jobs  (3 with full description)  [greenhouse]
  Zolvit                     14 jobs  (13 with full description)  [nextdata]
  Zipline                   254 jobs  (254 with full description)  [greenhouse]
  Zipcar                      7 jobs  (7 with full description)  [workday]
  Zenatix                   100 jobs  (100 with full description)  [jsonapi]
  Zenskar                    18 jobs  (18 with full description)  [keka]
  Zocket                     12 jobs  (12 with full description)  [keka]
  Zuddl                       9 jobs  (9 with full description)  [keka]
  Zvolv                       8 jobs  (0 with full description)  [rss]
  Zafin                      25 jobs  (25 with full description)  [greenhouse]
  Ziff Davis                114 jobs  (114 with full description)  [jobvite]
  Zaggle                     19 jobs  (19 with full description)  [keka]
  Zeotap                      1 jobs  (1 with full description)  [recruitee]
  Zenjob                     16 jobs  (16 with full description)  [ashby]
  Zeitview                   21 jobs  (21 with full description)  [rss]
  Zoi                         7 jobs  (7 with full description)  [recruitee]
      note: hpe/Jobsathpe has 1057 postings, read 600 (cap 600)
  Zignal Labs                 3 jobs  (3 with full description)  [teamtailorJson]
  Zenput                      8 jobs  (8 with full description)  [greenhouse]
  ZenBusiness                 4 jobs  (4 with full description)  [greenhouse]
  Zimmer Biomet             180 jobs  (180 with full description)  [sitemap]
  Zyte                        8 jobs  (8 with full description)  [workable]
  Zuper                       5 jobs  (5 with full description)  [keka]
  Zeni                        2 jobs  (2 with full description)  [bamboohr]
      note: paloaltonetworks/panwexternalcareers has 1367 postings, read 600 (cap 600)
      note: salesforce/External_Career_Site has 1486 postings, read 600 (cap 600)
  Zerto                     595 jobs  (387 with full description)  [workday]
  Zoomin Software           600 jobs  (400 with full description)  [workday]
  Zilla Security            600 jobs  (392 with full description)  [workday]

Total postings fetched: 4878

Wrote careers.txt  —  Tier A: 21 | Tier B: 55 | Tier C: 51

=== SELF-CHECK ===

Boards returning postings : 76/79
Boards with NO descriptions: 2 -> ZunRoof, Zvolv
Boards with bad apply URLs : 0
Postings with parsed years : 3116/4878 (63.9%)
Companies with no board    : 22
  Zepto, Zeplin, Zippia, Zions Bancorporation, Zeel, Zerion, Zilliqa, Zippin, Zenoss, Zeta Energy, Zopper, ZopSmart, Zoomcar, Zimyo, Zorro, Zivver, Zolar, Zaloni, Zeta Alpha, Zango AI, Zylo, Zumper

WARN: 2 structural issue(s)

