Fetching postings from 72 boards...

  Zapier                     13 jobs  (13 with full description)  [ashby]
  Zscaler                   300 jobs  (300 with full description)  [greenhouse]
  Zynga                      51 jobs  (51 with full description)  [greenhouse]
  Zebra Technologies         40 jobs  (40 with full description)  [workday]
  ZoomInfo                  108 jobs  (108 with full description)  [greenhouse]
  Zendesk                    40 jobs  (40 with full description)  [workday]
  Zillow                     40 jobs  (40 with full description)  [workday]
  Zoom Communications        40 jobs  (40 with full description)  [workday]
  Zoho                        9 jobs  (9 with full description)  [rss]
  ZipRecruiter               37 jobs  (37 with full description)  [greenhouse]
  Zetwerk                    10 jobs  (10 with full description)  [sensehq]
  Zip (ziphq)               125 jobs  (125 with full description)  [ashby]
  Zomato (Eternal)            4 jobs  (4 with full description)  [lever]
  Zilch                      13 jobs  (13 with full description)  [ashby]
  Zego                        2 jobs  (2 with full description)  [ashby]
  Zoopla                      5 jobs  (5 with full description)  [workable]
  Zwift                       4 jobs  (4 with full description)  [greenhouse]
  Zocdoc                     55 jobs  (55 with full description)  [greenhouse]
  Zeta Global               123 jobs  (123 with full description)  [greenhouse]
  Zenoti                     36 jobs  (36 with full description)  [greenhouse]
  Zuora                      40 jobs  (40 with full description)  [greenhouse]
  Zopa                       28 jobs  (28 with full description)  [lever]
  ZeroFox                    22 jobs  (22 with full description)  [workable]
  Zeta (Zeta Suite)          24 jobs  (24 with full description)  [lever]
  Zimperium                  15 jobs  (15 with full description)  [lever]
  Zadara                      7 jobs  (7 with full description)  [lever]
  Zenlayer                   25 jobs  (25 with full description)  [bamboohr]
  Zoetis                    121 jobs  (121 with full description)  [workday]
  Zayo Group                 40 jobs  (40 with full description)  [workday]
  Zluri                       0 jobs  (0 with full description)  [keka]
  Zip Co                     30 jobs  (30 with full description)  [greenhouse]
  Zinier                     25 jobs  (25 with full description)  [breezy]
  Zimmer Biomet               0 jobs  (0 with full description)  [rss]
  Zurich Insurance            0 jobs  (0 with full description)  [rss]
  Zamp                       17 jobs  (17 with full description)  [rss]
  Zoro                       12 jobs  (12 with full description)  [greenhouse]
  Zeller                     14 jobs  (14 with full description)  [lever]
  Zesty (cloud)               3 jobs  (3 with full description)  [comeet]
  ZEDEDA                      4 jobs  (0 with full description)  [rippling]
  Zoe Financial               3 jobs  (3 with full description)  [ashby]
  ZetaChain                   1 jobs  (1 with full description)  [greenhouse]
  Zalora                      0 jobs  (0 with full description)  [rss]
  Zingtree                    3 jobs  (3 with full description)  [lever]
  Zinnia                     13 jobs  (13 with full description)  [greenhouse]
  Zip Security                4 jobs  (4 with full description)  [ashby]
  Zilliz                     12 jobs  (12 with full description)  [lever]
  Zalando                   155 jobs  (155 with full description)  [workday]
  Zipline                   254 jobs  (254 with full description)  [greenhouse]
  Zafran Security            28 jobs  (28 with full description)  [ashby]
  ZestyAI                     3 jobs  (3 with full description)  [greenhouse]
  Zenskar                     0 jobs  (0 with full description)  [keka]
  Zuddl                       0 jobs  (0 with full description)  [keka]
  Zenity                     37 jobs  (37 with full description)  [comeet]
  Zocket                      0 jobs  (0 with full description)  [keka]
  Zvolv                       8 jobs  (0 with full description)  [rss]
  Zipcar                      7 jobs  (7 with full description)  [workday]
  Zafin                      25 jobs  (25 with full description)  [greenhouse]
  Zaggle                      0 jobs  (0 with full description)  [keka]
  Zerto                      40 jobs  (40 with full description)  [workday]
  Zenjob                     16 jobs  (16 with full description)  [ashby]
  Zeotap                      1 jobs  (1 with full description)  [recruitee]
  Zoi                         7 jobs  (7 with full description)  [recruitee]
  Zeitview                   21 jobs  (21 with full description)  [rss]
  Zenput                      8 jobs  (8 with full description)  [greenhouse]
  Zignal Labs                 3 jobs  (3 with full description)  [teamtailorJson]
  ZenBusiness                 4 jobs  (4 with full description)  [greenhouse]
  Ziff Davis                114 jobs  (114 with full description)  [jobvite]
  Zuper                       0 jobs  (0 with full description)  [keka]
  Zyte                        8 jobs  (8 with full description)  [workable]
  Zoomin Software            40 jobs  (40 with full description)  [workday]
  Zeni                        2 jobs  (2 with full description)  [bamboohr]
  Zilla Security           1370 jobs  (509 with full description)  [workday]

Total postings fetched: 3669

Wrote careers.txt  —  Tier A: 17 | Tier B: 42 | Tier C: 37

=== SELF-CHECK ===

Boards returning postings : 63/72
Boards with NO descriptions: 2 -> ZEDEDA, Zvolv
Boards with bad apply URLs : 1 -> Ziff Davis
Postings with parsed years : 1633/3669 (44.5%)
Companies with no board    : 29
  Zerodha, Zepto, Zeplin, Zolve, Zolostays, ZunRoof, Zippia, Zions Bancorporation, Zonar Systems, Zeel, Zerion, Zilliqa, Zippin, Zenoss, Zeta Energy, Zopper, ZopSmart, Zolvit, Zoomcar, Zenatix, Zimyo, Zorro, Zivver, Zolar, Zaloni, Zeta Alpha, Zango AI, Zylo, Zumper

WARN: 3 structural issue(s)

