Fetching postings from 78 boards...

  Zapier                     13 jobs  (13 with full description)  [ashby]
  Zscaler                   300 jobs  (300 with full description)  [greenhouse]
  Zynga                      51 jobs  (51 with full description)  [greenhouse]
  Zoom Communications       105 jobs  (105 with full description)  [workday]
  ZoomInfo                  108 jobs  (108 with full description)  [greenhouse]
  Zoetis                    121 jobs  (121 with full description)  [workday]
  Zomato (Eternal)            4 jobs  (4 with full description)  [lever]
  Zerodha                     0 jobs  (0 with full description)  [jsonapi]
  Zendesk                   123 jobs  (123 with full description)  [workday]
  Zoho                        9 jobs  (9 with full description)  [rss]
  Zetwerk                    10 jobs  (10 with full description)  [sensehq]
  ZipRecruiter               37 jobs  (37 with full description)  [greenhouse]
  Zip (ziphq)               125 jobs  (125 with full description)  [ashby]
  Zilch                      13 jobs  (13 with full description)  [ashby]
  Zego                        2 jobs  (2 with full description)  [ashby]
  Zoopla                      5 jobs  (5 with full description)  [workable]
  Zwift                       4 jobs  (4 with full description)  [greenhouse]
  Zopa                       28 jobs  (28 with full description)  [lever]
  Zeta Global               123 jobs  (123 with full description)  [greenhouse]
  Zocdoc                     55 jobs  (55 with full description)  [greenhouse]
  Zenoti                     36 jobs  (36 with full description)  [greenhouse]
  Zuora                      40 jobs  (40 with full description)  [greenhouse]
  ZeroFox                    22 jobs  (22 with full description)  [workable]
  Zillow                    108 jobs  (108 with full description)  [workday]
  Zeta (Zeta Suite)          24 jobs  (24 with full description)  [lever]
  Zadara                      7 jobs  (7 with full description)  [lever]
  Zimperium                  15 jobs  (15 with full description)  [lever]
  Zenlayer                   25 jobs  (25 with full description)  [bamboohr]
  Zolve                      19 jobs  (19 with full description)  [htmlBoard]
  Zebra Technologies        241 jobs  (241 with full description)  [workday]
  Zluri                      10 jobs  (10 with full description)  [keka]
  Zalando                   155 jobs  (155 with full description)  [workday]
  Zamp                       16 jobs  (16 with full description)  [rss]
  Zolostays                   3 jobs  (3 with full description)  [keka]
  ZunRoof                     2 jobs  (0 with full description)  [jsonapi]
  Zinier                     25 jobs  (25 with full description)  [breezy]
  Zip Co                     30 jobs  (30 with full description)  [greenhouse]
  Zeller                     14 jobs  (14 with full description)  [lever]
  Zayo Group                 90 jobs  (90 with full description)  [workday]
  Zoro                       12 jobs  (12 with full description)  [greenhouse]
  Zonar Systems               8 jobs  (8 with full description)  [htmlBoard]
  ZEDEDA                      4 jobs  (4 with full description)  [rippling]
  Zesty (cloud)               3 jobs  (3 with full description)  [comeet]
  Zoe Financial               3 jobs  (3 with full description)  [ashby]
  ZetaChain                   1 jobs  (1 with full description)  [greenhouse]
  Zurich Insurance          180 jobs  (180 with full description)  [sitemap]
  Zinnia                     13 jobs  (13 with full description)  [greenhouse]
  Zingtree                    3 jobs  (3 with full description)  [lever]
  Zip Security                4 jobs  (4 with full description)  [ashby]
  Zipline                   254 jobs  (254 with full description)  [greenhouse]
  Zilliz                     12 jobs  (12 with full description)  [lever]
  Zafran Security            27 jobs  (27 with full description)  [ashby]
  Zenity                     37 jobs  (37 with full description)  [comeet]
  Zolvit                     14 jobs  (13 with full description)  [nextdata]
  ZestyAI                     3 jobs  (3 with full description)  [greenhouse]
  Zenatix                   100 jobs  (100 with full description)  [jsonapi]
  Zenskar                    18 jobs  (18 with full description)  [keka]
  Zipcar                      7 jobs  (7 with full description)  [workday]
  Zocket                     12 jobs  (12 with full description)  [keka]
  Zvolv                       8 jobs  (0 with full description)  [rss]
  Zuddl                       9 jobs  (9 with full description)  [keka]
  Zafin                      25 jobs  (25 with full description)  [greenhouse]
  Ziff Davis                114 jobs  (114 with full description)  [jobvite]
  Zaggle                     19 jobs  (19 with full description)  [keka]
  Zeotap                      1 jobs  (1 with full description)  [recruitee]
  Zenjob                     16 jobs  (16 with full description)  [ashby]
  Zeitview                   21 jobs  (21 with full description)  [rss]
  Zoi                         7 jobs  (7 with full description)  [recruitee]
  Zignal Labs                 3 jobs  (3 with full description)  [teamtailorJson]
  Zenput                      8 jobs  (8 with full description)  [greenhouse]
  ZenBusiness                 4 jobs  (4 with full description)  [greenhouse]
      note: hpe/Jobsathpe has 1058 postings, read 600 (cap 600)
  Zeni                        2 jobs  (2 with full description)  [bamboohr]
  Zyte                        8 jobs  (8 with full description)  [workable]
  Zuper                       5 jobs  (5 with full description)  [keka]
      note: paloaltonetworks/panwexternalcareers has 1367 postings, read 600 (cap 600)
  Zimmer Biomet             180 jobs  (180 with full description)  [sitemap]
      note: salesforce/External_Career_Site has 1486 postings, read 600 (cap 600)
  Zerto                     595 jobs  (363 with full description)  [workday]
  Zoomin Software           600 jobs  (400 with full description)  [workday]
  Zilla Security            600 jobs  (371 with full description)  [workday]

Total postings fetched: 5058

Wrote careers.txt  —  Tier A: 22 | Tier B: 62 | Tier C: 51

=== SELF-CHECK ===

Boards returning postings : 77/78
Boards with NO descriptions: 2 -> ZunRoof, Zvolv
Boards with bad apply URLs : 0
Postings with parsed years : 3148/5058 (62.2%)
Companies with no board    : 23
  Zepto, Zeplin, Zippia, Zions Bancorporation, Zalora, Zeel, Zerion, Zilliqa, Zippin, Zenoss, Zeta Energy, Zopper, ZopSmart, Zoomcar, Zimyo, Zorro, Zivver, Zolar, Zaloni, Zeta Alpha, Zango AI, Zylo, Zumper

WARN: 2 structural issue(s)

