Checking 125 companies (concurrency 10)

[  1/125] WheelsEye                    !! careers-page-read-but-lists-no-openings
[  2/125] Wakefit                      !! careers-page-read-but-lists-no-openings
[  3/125] Wissen Technology              0 jobs  via zohorecruit:wissen (0 open)
[  4/125] Wingify (VWO)                 20 jobs  via keka:wingify   ** 1 MATCH **
[  5/125] Webkul Software               10 jobs  via headings:https://webkul.com/careers/
[  6/125] WazirX                       !! careers-page-read-but-lists-no-openings
[  7/125] WinZO Games                  !! careers-page-read-but-lists-no-openings
[  8/125] Winjit Technologies            3 jobs  via recruiterbox:winjit
[  9/125] WayCool Foods                !! careers-page-unreachable
[ 10/125] Wobot AI                       4 jobs  via cvviz:1758
[ 11/125] Whatfix                       27 jobs  via recruiterbox:whatfix101
[ 12/125] Wolken Software                2 jobs  via keka:wolken
[ 13/125] Webandcrafts                  32 jobs  via next-data:https://webandcrafts.com/careers
[ 14/125] WNS Global Services          354 jobs  via smartrecruiters:WNSGlobalServices144
[ 15/125] WebEngage                     19 jobs  via keka:webklipper
[ 16/125] Wibmo (PayU)                 !! no-job-data-found
[ 17/125] Wonderla Holidays              9 jobs  via next-data:https://www.wonderla.com/careers
[ 18/125] WorkIndia                      4 jobs  via html:https://www.workindia.in/jobs/
[ 19/125] Wipro                         78 jobs  via successfactors:wipro   ** 4 MATCH **
[ 20/125] WovV Technologies              9 jobs  via headings:https://www.wovvtech.com/careers/
[ 21/125] Wizikey                        2 jobs  via smartrecruiters:Wizikey
[ 22/125] Wonderchef                   !! no-job-data-found
[ 23/125] Wysa                         !! careers-page-read-but-lists-no-openings
[ 24/125] Whirlpool of India           139 jobs  via eightfold:whirlpool
[ 25/125] Wadhwani AI                   24 jobs  via zohorecruit:wadhwaniai
[ 26/125] Welspun World                !! careers-page-read-but-lists-no-openings
[ 27/125] Wow! Momo Foods              !! blocked-or-error-response
[ 28/125] Weekday.works                 60 jobs  via lever:weekdayworks
[ 29/125] WeMakeScholars                 4 jobs  via headings:https://www.wemakescholars.com/hiring
[ 30/125] Waterfield Advisors            6 jobs  via headings:https://waterfieldadvisors.com/careers
[ 31/125] Wellthy Therapeutics           0 jobs  via zohorecruit:wellthytherapeutics (0 open)
[ 32/125] WoodenStreet                   2 jobs  via zohorecruit:woodenstreet
[ 33/125] Wingify Earth                !! careers-page-unreachable
[ 34/125] Wint Wealth                  !! no-job-data-found
[ 35/125] Wow Skin Science             !! blocked-or-error-response
[ 36/125] WeWork India                  85 jobs  via smartapply:weworkindia
[ 37/125] Wingreens World              !! no-job-data-found
[ 38/125] Winman Software               14 jobs  via html:https://www.winmansoftware.com/careers/
[ 39/125] Wiom                         !! careers-page-read-but-lists-no-openings
[ 40/125] Wockhardt                      2 jobs  via headings:https://www.wockhardt.com/careers/
[ 41/125] Wizcraft                     !! no-job-data-found
[ 42/125] Wholsum Foods (Slurrp)       !! no-job-data-found
[ 43/125] Wells Fargo                   40 jobs  via workday:wf
[ 44/125] Western Digital              358 jobs  via smartrecruiters:WesternDigital   ** 2 MATCH **
[ 45/125] Wolters Kluwer                40 jobs  via workday:wk
[ 46/125] Walmart Global Tech            3 jobs  via headings:https://careers.walmart.com/us/en/home/careers-areas/technology
[ 47/125] WTW (Willis Towers Watson)   156 jobs  via feed:https://careers.wtwco.com
[ 48/125] Workday                       40 jobs  via workday:workday   ** 2 MATCH **
[ 49/125] Warner Bros. Discovery        40 jobs  via workday:warnerbros
[ 50/125] Wabtec                        10 jobs  via headings:https://careers.wabtec.com/
[ 51/125] Wipro PARI                   !! careers-page-read-but-lists-no-openings
[ 52/125] Waters Corporation           140 jobs  via icims:uscareers-waters
[ 53/125] Wood                         !! blocked-or-error-response
[ 54/125] Wheelocity                   !! blocked-or-error-response
[ 55/125] Whirlpool Corporation        139 jobs  via eightfold:whirlpool
[ 56/125] Worley                         2 jobs  via html:https://www.worley.com/en/careers
[ 57/125] Wayfair                      !! blocked-or-error-response
[ 58/125] Western Union                 40 jobs  via workday:westernunion
[ 59/125] Wiley                         40 jobs  via workday:wiley
[ 60/125] Welocalize                   634 jobs  via lever:weloglobal
[ 61/125] WSP                          600 jobs  via oracleorc:CX_2001
[ 62/125] WPP                          226 jobs  via greenhouse:wpp
[ 63/125] Wistron                      !! careers-page-read-but-lists-no-openings
[ 64/125] Wärtsilä                      48 jobs  via successfactors:careers.wartsila.com
[ 65/125] Workhuman                      9 jobs  via workday:workhuman
[ 66/125] Woodward                      40 jobs  via workday:woodward
[ 67/125] Wacker Chemie                 38 jobs  via successfactors:jobs.wacker.com
[ 68/125] Westinghouse Electric         50 jobs  via successfactors:careers.westinghousenuclear.com   ** 1 MATCH **
[ 69/125] Weir Group                    40 jobs  via workday:weir
[ 70/125] Williams-Sonoma              600 jobs  via oracleorc:ehac
[ 71/125] Woodside Energy               30 jobs  via successfactors:careers.woodside.com.au
[ 72/125] Winnebago Industries          19 jobs  via adp:82c90207-af7d-495b-b437-aa9a4c72f4e8
[ 73/125] Würth Group                   64 jobs  via successfactors:career.witglobal.net   ** 1 MATCH **
[ 74/125] WM (Waste Management)        600 jobs  via oracleorc:WMCareers
[ 75/125] Warner Music Group            22 jobs  via lever:wmg
[ 76/125] WEX Inc.                      30 jobs  via phenom:_self
[ 77/125] WAGO                         !! careers-page-read-but-lists-no-openings
[ 78/125] Wacom                          9 jobs  via html:https://www.wacom.com/en-us/about-wacom/careers-at-wacom
[ 79/125] Wolfspeed                     40 jobs  via workday:cree
[ 80/125] Wienerberger                 !! careers-page-read-but-lists-no-openings
[ 81/125] World Wide Technology        !! careers-page-read-but-lists-no-openings
[ 82/125] WestRock (Smurfit)            20 jobs  via avature:smurfitwestrockta
[ 83/125] Wolseley                      62 jobs  via workday:wolseleyuk
[ 84/125] Westlake Corporation          40 jobs  via workday:westlake
[ 85/125] Watts Water Technologies      40 jobs  via workday:wattswater
[ 86/125] Wendy's                      !! careers-page-read-but-lists-no-openings
[ 87/125] Wesco International          600 jobs  via oracleorc:eklm
[ 88/125] Wiz                          126 jobs  via greenhouse:wizinc   ** 4 MATCH **
[ 89/125] Webhelp (Concentrix)          40 jobs  via workday:cnx
[ 90/125] Workato                      167 jobs  via greenhouse:workato   ** 7 MATCH **
[ 91/125] Wingstop                     !! careers-page-read-but-lists-no-openings
[ 92/125] WHOOP                        175 jobs  via ashby:whoop   ** 10 MATCH **
[ 93/125] Wealthfront                   17 jobs  via lever:wealthfront   ** 2 MATCH **
[ 94/125] Webflow                       30 jobs  via greenhouse:webflow
[ 95/125] Wesfarmers                   !! careers-page-read-but-lists-no-openings
[ 96/125] Willdan Group                  2 jobs  via headings:https://www.willdan.com/join-us
[ 97/125] Wrike                         86 jobs  via greenhouse:wrike
[ 98/125] Wavelabs Technologies          0 jobs  via zohorecruit:veltris (0 open)
[ 99/125] Wistia                         0 jobs  via ashby:wistia (0 open)
[100/125] Wattpad                       25 jobs  via lever:wattpad
[101/125] WalkMe                        51 jobs  via lever:walkme
[102/125] Wix.com                       37 jobs  via smartrecruiters:Wix2
[103/125] WP Engine                      9 jobs  via workday:wpengine
[104/125] Wolt (DoorDash)              248 jobs  via greenhouse:wolt
[105/125] Wise                         405 jobs  via smartrecruiters:Wise
[106/125] Workiva                       40 jobs  via workday:workiva
[107/125] WeTransfer (Bending Spoons)  !! careers-page-read-but-lists-no-openings
[108/125] Workvivo (Zoom)                4 jobs  via html:https://careers.zoom.us/jobs/search?page=1&dropdown_field_1_uids%5B%5D=ec44169900cf4b446f24bd736385eb3d&query=
[109/125] WEKA                          19 jobs  via headings:https://www.weka.io/careers/
[110/125] Weights & Biases             !! careers-page-read-but-lists-no-openings
[111/125] Waymo                        394 jobs  via greenhouse:waymo   ** 2 MATCH **
[112/125] Wallarm                        0 jobs  via recruitee:wallarm (0 open)
[113/125] WeWork                        40 jobs  via workday:wework
[114/125] WatchGuard Technologies       36 jobs  via lever:watchguard
[115/125] Wayve                        108 jobs  via greenhouse:wayve
[116/125] Withings                     !! blocked-or-error-response
[117/125] Workleap                      11 jobs  via greenhouse:workleap
[118/125] Wallbox                      !! no-job-data-found
[119/125] Wildlife Studios              18 jobs  via greenhouse:wildlifestudios
[120/125] Wefox                        !! careers-page-read-but-lists-no-openings
[121/125] Wolfram Research               8 jobs  via recruiterbox:wolframresearch
[122/125] Wooga                          2 jobs  via headings:https://www.wooga.com/jobs
[123/125] WH Smith                       2 jobs  via headings:https://whsmithcareers.co.uk/
[124/125] Westpac                        2 jobs  via html:https://www.westpac.com.au/about-westpac/careers/
[125/125] Whitbread                    !! no-job-data-found

  boards read with jobs : 86
  boards read, 0 open   : 5
  could not read        : 34
  companies w/ matches  : 11

Wrote careerv1.txt + careerv1.results.json
