India stack-first sweep (no alphabet filter)

  instahyre — pulling by skill:
    Java             + 420   running total   420   (3517 exist)
    Spring Boot      + 196   running total   616   (1464 exist)   !! RATE-LIMITED, partial
    Flutter          + 145   running total   761   (145 exist)
    Firebase         +  78   running total   839   (123 exist)
    Dart             +   1   running total   840   (59 exist)
    Hibernate        + 134   running total   974   (336 exist)   !! RATE-LIMITED, partial
    Microservices    + 288   running total  1262   (2803 exist)
    Spring           +   9   running total  1271   (1452 exist)   !! RATE-LIMITED, partial
    Android          + 294   running total  1565   (522 exist)
    Kotlin           +  71   running total  1636   (308 exist)   !! RATE-LIMITED, partial
    React Native     + 258   running total  1894   (2990 exist)
    Node.js          + 223   running total  2117   (1473 exist)   !! RATE-LIMITED, partial
    REST API         + 287   running total  2404   (5924 exist)
    MySQL            + 188   running total  2592   (1207 exist)   !! RATE-LIMITED, partial
    (rate-limited on: Spring Boot, Hibernate, Spring, Kotlin, Node.js, MySQL — those are partial)

  remote boards (India-workable):
    +1604 from 10 boards

  roles collected      : 4196
  priority stack       : 1943  (Java/Spring, Flutter, Firebase)
  + engineering, non-senior : 940
  distinct companies   : 1716

Wrote india.txt + results.json
