Reading 13 source(s); 14 query term(s)

  freelancer.com     998 fetched    512 new
  remoteok           100 fetched    100 new
  remotive           462 fetched     33 new
  arbeitnow          375 fetched    375 new
  jobicy             189 fetched    108 new
  himalayas           60 fetched     60 new
  workingnomads       44 fetched     44 new
  weworkremotely     133 fetched    133 new
  jobspresso          95 fetched     76 new
  arc.dev            170 fetched    170 new
  braintrust         125 fetched    125 new
  jobgether          382 fetched    382 new
  torre              414 fetched    414 new

  postings collected : 2532
  priority stacks    : 698  (Flutter/Dart, Spring Boot/Java, Firebase)
  freelance/contract : 1316
  India-workable     : 1313

Wrote freelance.txt + results.json
freelance sweep 2026-08-08 04:19:48
  total postings   : 2532
  biddable gigs    : 807
  board contract   : 365

  1-bid-now              60 items
  2-worth-a-look        120 items
  3-contract-roles       80 items

Wrote weekendplan_freelance/INDEX.txt
