Reading 19 source(s); 14 query term(s)

  freelancer.com    1010 fetched    502 new
  remoteok           100 fetched    100 new
  remotive           322 fetched     23 new
  arbeitnow          375 fetched    375 new
  jobicy             159 fetched     99 new
  himalayas           60 fetched     60 new
  workingnomads       44 fetched     44 new
  weworkremotely     136 fetched    136 new
  jobspresso          95 fetched     76 new
  arc.dev            170 fetched    170 new
  braintrust         125 fetched    125 new
  flexiple            20 fetched      4 new
  freelancermap       33 fetched     33 new
  hubstaff-talent     70 fetched     70 new
  jobgether          381 fetched    381 new
  lemon.io            61 fetched      7 new
  peopleperhour      121 fetched    121 new
  torre              410 fetched    410 new
  twine              117 fetched    117 new

  postings collected : 2853
  priority stacks    : 741  (Flutter/Dart, Spring Boot/Java, Firebase)
  freelance/contract : 1656
  India-workable     : 1567

Wrote freelance.txt + results.json
freelance sweep 2026-08-09 04:55:44
  total postings   : 2853
  biddable gigs    : 1149
  board contract   : 354

  1-bid-now              60 items
  2-worth-a-look        120 items
  3-contract-roles       80 items

Wrote weekendplan_freelance/INDEX.txt
